✔ academic: accepted scope owns paging after failed filter while explicit Retry retains the failed target (375.515542ms)
✔ academic: accepted 10 size owns paging after failed 15 preference (235.275334ms)
✔ academic: accepted 10 size owns paging after failed 20 preference (171.1885ms)
✔ academic: accepted 20 size owns paging after failed 10 preference (142.884417ms)
✔ academic: workspace failed filter pager recovery adopts controls URL and return path without page1 replay (694.527625ms)
✔ academic: effect replay retains restored page and a live controller (60.865083ms)
✔ academic: accepted-page acknowledgement does not suppress later range-to-list reads (54.256625ms)
✔ academic: unresolved auth does not issue reads and readiness recovery cannot stick loading (49.21675ms)
✔ academic: real hook direct page11, retained errors, retry and shrink clamp (50.658291ms)
✔ academic: filters and size reset atomically, stale metadata cannot replace accepted rows (75.44025ms)
✔ academic: resolved auth readiness, role change and logout mask rows and reject old callbacks (55.495875ms)
✔ operations: accepted scope owns paging after failed filter while explicit Retry retains the failed target (69.725875ms)
✔ operations: accepted 10 size owns paging after failed 15 preference (55.335083ms)
✔ operations: accepted 10 size owns paging after failed 20 preference (54.060125ms)
✔ operations: accepted 20 size owns paging after failed 10 preference (44.627792ms)
✔ operations: workspace failed filter pager recovery adopts controls URL and return path without page1 replay (729.125167ms)
✔ operations: effect replay retains restored page and a live controller (51.819292ms)
✔ operations: accepted-page acknowledgement does not suppress later range-to-list reads (58.975666ms)
✔ operations: unresolved auth does not issue reads and readiness recovery cannot stick loading (40.111959ms)
✔ operations: real hook direct page11, retained errors, retry and shrink clamp (45.675333ms)
✔ operations: filters and size reset atomically, stale metadata cannot replace accepted rows (34.382709ms)
✔ operations: resolved auth readiness, role change and logout mask rows and reject old callbacks (39.963708ms)
▶ unchanged timetable, calendar and annual hooks keep their range readers and independent catalogs
  ✔ timetable (47.419792ms)
  ✔ calendar (56.739292ms)
  ✔ annual (42.70275ms)
✔ unchanged timetable, calendar and annual hooks keep their range readers and independent catalogs (147.489709ms)
✔ academic: displayed rows, totals and pager survive failed navigation and remain outside scrollport (169.4745ms)
✔ operations: displayed rows, totals and pager survive failed navigation and remain outside scrollport (467.864333ms)
✔ academic: refresh retries restored pending page7 instead of displayed old page11 (37.134625ms)
✔ operations: refresh retries restored pending page7 instead of displayed old page11 (33.504834ms)
✔ academic: range density recovery belongs only to its matching requested range (28.478041ms)
✔ operations: range density recovery belongs only to its matching requested range (33.714791ms)
✔ academic: unfiltered dataset survives detail return without restoring a period selector (84.035958ms)
✔ academic: legacy period alias is removed without narrowing to one group (105.327292ms)
✔ academic: queued URL writer cannot outlive logout (94.8745ms)
✔ academic: queued URL writer cannot outlive role (82.427375ms)
✔ academic: queued URL writer cannot outlive back (121.938208ms)
✔ academic: queued URL writer cannot outlive unmount (107.173583ms)
✔ academic: paging and runtime legacy period input remain on the unfiltered scope (39.893542ms)
✔ operations: catalogs settle independently and old logout session cannot seed the real cache (28.405208ms)
✔ operations: independent catalog failure remains visible and refresh can recover without erasing page rows (36.100666ms)
✔ academic: acknowledged self-written URL restores after pending navigation (216.673792ms)
✔ academic: acknowledged self-written URL restores after error navigation (171.289792ms)
✔ academic: actual workspace page11 restoration and mounted Back preserve all controls before one read (127.969084ms)
✔ academic: DTO through real records builder and workspace rows preserves server full-name numeric order (78.751416ms)
✔ operations: acknowledged self-written URL restores after pending navigation (428.093917ms)
✔ operations: acknowledged self-written URL restores after error navigation (349.693042ms)
✔ operations: actual workspace page11 restoration and mounted Back preserve all controls before one read (239.559917ms)
✔ operations: DTO through real records builder and workspace rows preserves server full-name numeric order (148.239959ms)
✔ operations: exact detail opens independently and progress draft/lifecycle survive rerender, then auth clears them (342.194208ms)
✔ operations: actual detail rejects an old role completion for the same requested class (164.456833ms)
✔ operations: actual detail rejects an old actor completion for the same requested class (160.510542ms)
✔ curriculum: a focused row opens its exact action and return context while nested links keep native keys (95.543ms)
✔ curriculum: initial read failure exposes retry without claiming an empty result or leaking the exception (84.155917ms)
✔ curriculum: classification focus and accepted rows survive pending and failed reads, then Retry accepts the selected scope (119.970334ms)
✔ shared progress: visual fill and accessible value agree for known, bounded, custom and unknown totals (41.899ms)
✔ academic: replacing ranges aborts transport, including unmount (27.237208ms)
✔ operations: replacing ranges aborts transport, including unmount (28.838ms)
✔ academic: search coalesces typing, respects IME, Enter, clear and history (1074.067292ms)
✔ operations: search coalesces typing, respects IME, Enter, clear and history (1345.470083ms)
✔ academic: page11 is one exact RPC, flat DTO, no fallback, deadline and retryfalse (5.858292ms)
✔ academic: rejects invalid page, size and raw filters before RPC (0.718666ms)
✔ academic: accepts all approved sizes and preserves an empty out-of-range count (0.305959ms)
✔ academic: rejects malformed envelope, IDs, metadata and detail payloads (1.274667ms)
✔ academic: real caller cancellation and 8000ms deadline both abort the issued RPC (0.94275ms)
✔ academic: every required row field is validated and valid SQL wrappers are unwrapped (2.192375ms)
✔ operations: page11 is one exact RPC, flat DTO, no fallback, deadline and retryfalse (0.60225ms)
✔ operations: rejects invalid page, size and raw filters before RPC (0.389458ms)
✔ operations: accepts all approved sizes and preserves an empty out-of-range count (0.202792ms)
✔ operations: rejects malformed envelope, IDs, metadata and detail payloads (1.157792ms)
✔ operations: real caller cancellation and 8000ms deadline both abort the issued RPC (0.133959ms)
✔ operations: every required row field is validated and valid SQL wrappers are unwrapped (0.21275ms)
✔ numbered rows accept the full canonical PostgreSQL UUID domain, not only legacy v1-v5 IDs (0.099791ms)
✔ academic: keeps alias, sessionKey and >100 percent; metadata=false is explicit null without cache reads (0.204291ms)
✔ operations: group representatives may be outside page, but counts and catalog membership must be valid (0.111125ms)
✔ academic absent-period responses must resolve to a UUID or null, never an invented alias (0.031458ms)
✔ timetable mode performs one range RPC and never reads curriculum detail sources (1.727ms)
✔ timetable density branches are all-or-nothing and distinguish row from collection pressure (0.273667ms)
✔ every timetable density result is bound to the requested visible range (0.565709ms)
✔ curriculum mode applies every filter at the server and returns a 30 plus one keyset page (8.606416ms)
✔ curriculum detail is selection-driven and exact while stale continuation is rejected (0.235833ms)
✔ curriculum cursor scope is actor-bound before any database continuation (3.898708ms)
✔ curriculum continuation reuses first-page stats and facets without requesting recomputation (0.956041ms)
✔ null-period first page canonicalizes the resolved default before continuation (1.002791ms)
✔ continuation loading and last-good display are synchronously bound to the active scope (0.187125ms)
✔ curriculum CTA prioritizes missing sessions while textbook counts remain independent (0.161333ms)
✔ current-scope rendering requires data and display fingerprints to both match (0.079417ms)
✔ authenticated user and resolved dashboard role isolate every academic execution state (0.176209ms)
✔ academic scoped migration is invoker-only, authenticated-only, bounded and explicit (4.396083ms)
✔ academic SQL filters candidates before aggregates and keeps continuation metadata optional (0.882ms)
✔ academic SQL resolves defaults once and uses canonical classroom and work-state semantics (1.487292ms)
✔ academic SQL returns the earliest exact unplanned session and an explicit detail class projection (1.76225ms)
✔ timetable support collections project only explicit scalar fields (1.5815ms)
✔ curriculum workspace reuses the class management filter panel (4.731666ms)
✔ legacy curriculum model retains group matching for timetable-compatible records (6.553416ms)
✔ curriculum workspace does not construct or restore legacy period options (3.964791ms)
✔ curriculum work queue shows actionable planning workload without a repeated summary (0.803375ms)
✔ curriculum overview has a PC-first work queue, dense table shell, and shared numbered pager (1.079916ms)
✔ curriculum workspace delegates all filters and numbered navigation to the scoped service (0.691166ms)
✔ curriculum workspace removes duplicated right detail panel (0.848625ms)
✔ curriculum row action opens the lesson design modal route (1.824375ms)
✔ curriculum row actions show the next work reason before navigation (1.070791ms)
✔ all curriculum rows use the same scheduling destination (25.880042ms)
✔ curriculum rows open lesson design without a duplicated preview (1.139166ms)
✔ curriculum work queue persists filter context in the URL and return path (0.5215ms)
✔ curriculum work queue restores scroll position after opening class detail (0.432083ms)
✔ shared class filter panel exposes all conditions and reset directly (0.43975ms)
✔ dashboard snapshot cache deduplicates in-flight and fresh values (0.674375ms)
✔ dashboard snapshot cache never caches failures (0.899667ms)
✔ dashboard snapshot cache force and kind invalidation reload only the selected source (0.131417ms)
✔ dashboard snapshot cache keeps users isolated (0.065583ms)
✔ dashboard snapshot cache does not retain a stale response after invalidation (0.077125ms)
✔ dashboard summary source normalizer accepts only the canonical arrays (0.104416ms)
✔ dashboard conflict source normalizer rejects any missing or non-array source (0.082542ms)
✔ dashboard source errors hide retryable transport internals (0.097ms)
✔ approval reads exact detail and preserves labels without loading workspace tables (577.712083ms)
✔ server cancel_only keeps collision checks and only reads required projections (326.915458ms)
✔ server cancel_makeup keeps collision checks and only reads required projections (386.57975ms)
✔ mounted query navigation adopts list, custom dates and off-page detail without native popstate or URL replay (1597.29425ms)
✔ mounted detail alias replacement aborts old detail without reloading unchanged list or discarding an editor draft (800.881542ms)
✔ native Back then search-param echo reads once and returning to an acknowledged URL is real navigation (468.870375ms)
✔ mounted external navigation wins over an old page completion and rejects late next-location reads after role revocation (458.078833ms)
✔ page11 uses one full-filter RPC, preserves server order and independent facets (37.102875ms)
✔ independent reservation context retains off-page rooms and active event IDs (52.175792ms)
✔ latest equal-time events use idDESC in actual display and raw timestamp/fallback text remains intact (173.793875ms)
✔ all nineteen actual display keys match the SQL parity fixture and model date-only fallback semantics (234.19225ms)
✔ actual system-note suppression uses the complete JavaScript whitespace set, not U0085 (143.693542ms)
✔ actual collision model recognizes active tagged events independently of overlapping request rows (34.676666ms)
✔ actual makeup workspace direct page11, failed view retention and coherent retained-view pager (403.665ms)
✔ actual page1 approval waits for independent context and detects page11 conflict; failed catalogs/context never enable approval (223.55025ms)
✔ unresolved auth and same-ID assistant role revoke page detail catalogs and draft authority (177.941708ms)
✔ actual create fresh context reads only four required catalogs and retains uncertain same-actor request identity (70.110792ms)
✔ actual create missing normalized session, invalid teacher approver and failed catalog never issue a mutation (205.784125ms)
✔ fresh teacher create honors effective-year director rotation and preserves payload/optional catalogs (203.714625ms)
✔ presets use mount-local day across UTC and month boundaries and preserve custom open bounds (387.265958ms)
✔ off-page exact detail preserves editor identity and draft through page back navigation (356.472042ms)
✔ context errors retain approval safety, explicit retry succeeds and old context cannot replace a new scope (287.830291ms)
✔ required collision catalog failure cannot become empty confirmed availability (282.288ms)
✔ service rejects invalid filters, malformed page/detail/context, caller cancellation and missing RPC without fallback (385.459083ms)
✔ conservative raw reservation projection and full legacy model agree for ambiguous and nonfinite source slots (29.034833ms)
✔ high-precision source candidates preserve legacy collisions across second minute and day boundaries (144.141042ms)
✔ high-precision date fallback keeps the browser Seoul day through private detail and reservation normalization (64.4375ms)
✔ strict wire DTOs reject nested corruption and duplicate identities but preserve raw source timestamps (284.811333ms)
✔ StrictMode remount keeps one live page owner and accepts its completion (261.184042ms)
✔ late collision catalogs cannot overwrite fresh normalized form sessions (219.82575ms)
✔ Back restores retained custom input independently of effective preset bounds and removes obsolete detail (226.197917ms)
✔ delayed actual create completion cannot reset next logout draft or start stale refresh (306.734ms)
✔ delayed actual create completion cannot reset next user draft or start stale refresh (424.531541ms)
✔ delayed actual create completion cannot reset next role draft or start stale refresh (334.7195ms)
✔ private loose-date wire uses the original slot normalizer and never leaks private fields (61.158333ms)
✔ unmaterializable accepted request target is an explicit disabled state, never empty confirmed availability (185.179584ms)
✔ draft time change aborts old context while room changes reuse complete all-room evidence (301.181208ms)
✔ actual refund mutation retains complete-purpose reads then refreshes and clamps accepted page (227.410792ms)
✔ calendar context trims valid tagged IDs and ignores impossible IDs without blocking unrelated availability (165.816167ms)
✔ unsent create waits for fresh catalogs but cannot dispatch after logout (238.427334ms)
✔ unsent create waits for fresh catalogs but cannot dispatch after user (316.681542ms)
✔ unsent create waits for fresh catalogs but cannot dispatch after role (254.042375ms)
✔ actual idempotency digest completion rechecks caller lifetime immediately before unsent RPC (58.025209ms)
✔ already-issued create retains postcommit notification follow-up despite caller abort or follow-up failure (59.803125ms)
✔ makeup keyboard tab navigation defers RPC until Space and preserves accepted controls on failure (205.862125ms)
✔ makeup pending submission locks all form fields and same-tick duplicate actions; failure restores the draft (247.143791ms)
✔ sorting after a failed search preserves the requested search scope and value (251.142625ms)
✔ makeup search scope contains only real columns without an all sentinel (176.855917ms)
✔ makeup failed filters identify the accepted search and dates beside retained rows (176.685542ms)
✔ 휴보강 초기 조회의 timeout과 네트워크 오류를 재시도 가능한 안내로 정규화한다 (1.236833ms)
✔ 휴보강 초기 테이블 조회는 모든 PostgREST 경로에 취소 신호를 연결하고 자동 재시도를 끈다 (37.586625ms)
✔ 휴보강 초기 목록은 일정 원본과 요청 스냅샷을 제외한 projection만 조회한다 (6.787667ms)
✔ legacy 휴보강 수업 일정은 한 행만 12초 경계에서 자동 재시도 없이 조회한다 (73.097542ms)
✔ 선택 수업 일정 cache는 normalized를 건너뛰고 legacy 조회를 dedupe하며 refresh에서 초기화한다 (28.928334ms)
✔ 선택 수업 일정 cache는 실패도 refresh 전까지 settled로 유지한다 (31.991542ms)
✔ 선택 수업 일정 cache는 refresh 이전 요청의 늦은 실패를 무시한다 (9.877833ms)
✔ 선택 수업 일정 consumer는 내부 성공 뒤 refresh된 이전 generation 결과를 병합하지 않는다 (12.569917ms)
✔ 선택 수업 일정 consumer는 내부 실패 뒤 refresh된 이전 generation 오류를 표시하지 않는다 (8.930458ms)
✔ 휴보강 수업 일정 ready 상태는 normalized와 실제 lazy 완료를 구분한다 (7.266417ms)
✔ legacy 휴강일은 lazy plan ready 전 선택과 제출을 막고 stale 실패를 다른 수업에 표시하지 않는다 (0.262ms)
✔ 보완 상신과 보강 일정 입력의 직접 수업 선택은 이전 일정 조회 오류만 지운다 (1.467709ms)
✔ 휴보강 오류 알림은 기존 refresh 경로를 실행하는 다시 불러오기 버튼을 제공한다 (0.21675ms)
✔ 휴보강 상신 DB 검증 실패는 원시 코드 대신 운영자 안내로 표시한다 (4.132208ms)
✔ 휴보강 선택 필터는 전체 범위 과목 facets를 표시하고 폼의 과목 미지정 선생님은 제외한다 (1263.991334ms)
✔ 신규 휴보강 상신은 서버가 허용하지 않는 반려·보완 필드를 전송하지 않는다 (0.096417ms)
✔ makeup request route remains exposed to full roles but not the assistant shell (0.050958ms)
✔ assistant makeup approval is rejected from the actor profile before body or service work (0.127834ms)
✔ makeup request migration creates request event and notification tables (3.2105ms)
✔ makeup request schema supports cancel-only and makeup-only flow types (0.094ms)
✔ makeup notification settings schema allows refund request trigger toggles (0.280833ms)
✔ makeup workspace includes approver queues form fields and room availability states (52.301167ms)
✔ makeup requests auto-select the year-aware director by catalog ID and revalidate submissions (0.136041ms)
✔ new makeup requests refresh the Seoul year at submission while edits keep their created year (1.630959ms)
✔ makeup service payload validation executes non-manager rejection and manager override behavior (1.861833ms)
✔ makeup workspace infers request kind from cancel date and makeup slots (0.195208ms)
✔ makeup datetime and room controls stay within operational candidates (0.089916ms)
✔ makeup approval completes makeup-bearing requests and keeps cancel-only requests tracked (0.641333ms)
✔ makeup request action controls keep approval decisions in one row (0.040917ms)
✔ makeup request form marks required fields and exposes clear controls (0.577375ms)
✔ makeup dialogs provide sr-only descriptions without adding visual helper copy (0.13325ms)
✔ makeup pending requests can continue to makeup scheduling or refund tracking (0.214209ms)
✔ makeup workspace separates request status tabs by workflow state (0.098125ms)
✔ 관리팀 numbered approvalPending 목록은 비참여 신청을 로컬에서 제거하지 않는다 (356.359208ms)
✔ 관리팀 numbered makeupPending 목록은 비참여 신청을 로컬에서 제거하지 않는다 (306.504292ms)
✔ makeup workspace avoids browser prompt and fills wide screens (0.298708ms)
✔ makeup workspace delegates notification settings to the central page (1.751ms)
✔ makeup workspace keeps cancellation and fixed subject ordering without local notification controls (0.743792ms)
✔ makeup notification compatibility writers stay behind the canonical service and out of the workspace (0.6325ms)
✔ makeup workspace keeps all terminal states and server view counts in approval result tab (305.487834ms)
✔ makeup workspace does not expose direct delete for closed rows across authority change (264.378542ms)
✔ makeup table sends combined full filters atomically and keeps accepted controls on error (392.386875ms)
✔ makeup workspace opens row details and uses cards on narrow viewports (0.632541ms)
✔ 휴보강 서비스는 업무 저장과 서버 알림 브리지를 분리하고 초기 화면에서 알림 보관 테이블을 읽지 않는다 (0.763375ms)
✔ 휴보강 알림 딥링크는 오프페이지 ID를 직접 읽고 닫을 때 다른 URL 필터를 보존한다 (258.02275ms)
✔ 휴보강 업무 저장은 고정 RPC를 사용하고 알림 후처리 실패와 분리된다 (0.200083ms)
✔ dashboard header omits the retired internal notification popover (0.032042ms)
✔ 공용 in-flight 요청 저장소는 key별 공유와 실패 후 재시도를 보존한다 (0.197208ms)
✔ dashboard supports installable web push subscriptions (0.174833ms)
✔ dashboard push subscriptions are stored behind authenticated RLS (0.137625ms)
✔ 휴보강 저장 경로는 폐쇄된 브라우저 웹푸시 provider를 직접 호출하지 않는다 (0.232459ms)
✔ google chat route keeps webhook URLs server-side (0.155459ms)
✔ student classification uses full server counts and preserves legacy write status (0.674833ms)
✔ student page defaults to enrolled, offers exactly three statuses, and resets to enrolled (2018.7085ms)
✔ student enrollment popover loads on demand, retries and reaches the next relation page (59.746416ms)
✔ RPC through real hook and table preserves descending titles (317.870375ms)
✔ RPC through real hook and table preserves natural numeric titles (401.346584ms)
✔ RPC through real hook and table preserves primary teacher and secondary descending titles (263.533083ms)
✔ retired class periods stay ignored across refresh, mutation retry and shrink clamp (100.190667ms)
✔ class page failure is retryable without resolving a default period (85.677375ms)
✔ initial failed class load keeps visible caption and pager unknown, but true zero stays empty (279.175209ms)
✔ class pages load even when no default period is available (69.973875ms)
✔ late class results after filter changes cannot overwrite the current scope (66.612333ms)
✔ late class results after actor changes cannot overwrite the current scope (59.522875ms)
✔ late class results after role changes cannot overwrite the current scope (76.980291ms)
✔ late class results after disabled list changes cannot overwrite the current scope (59.710208ms)
✔ actual manual size handler never requests old page with the new size during transition URL reset (262.028375ms)
✔ management defaults to fixed 10 rows without an automatic measurement callback (200.603416ms)
✔ actual confirmed deletion has one reconciliation owner (remaining 101) (189.907ms)
✔ actual confirmed deletion has one reconciliation owner (remaining 100) (215.919042ms)
✔ actual confirmed deletion retains rows and does not refresh when the mutation fails (184.529292ms)
✔ management hook uses direct server pages, sort resets, refresh and independent detail under StrictMode (59.68675ms)
✔ URL and saved sorts are sanitized with per-kind defaults and preserve unrelated parameters (21.263458ms)
✔ filter changes reset page atomically, while retired period parameters preserve restore (0.192458ms)
✔ numbered navigation notifies Next history rather than copying its internal bypass marker (0.137083ms)
✔ StrictMode mount replay creates a live controller and authorization aborts pending totals (59.392208ms)
✔ retired period URL cleanup issues only one numbered page request (59.370375ms)
✔ metadata failure stays visible without discarding a successful numbered page (59.305291ms)
✔ authorized detail catalogs remain available through metadata failure and clear on role or logout (59.838916ms)
✔ the real table renders server page rows unchanged, routes sort headers and disables derived sorts (174.793833ms)
✔ new student enrollment column preserves saved visibility, size and order (420.686625ms)
✔ class detail totals remain exact beyond the 30-row relation page and missing totals stay unknown (74.234167ms)
✔ metadata survives paging cancellation, expires and invalidates on filter, refresh and actor changes (79.344459ms)
✔ students: jumps directly to page 11, preserves DTO and full total (1.7615ms)
✔ classes: jumps directly to page 11, preserves DTO and full total (0.760333ms)
✔ textbooks: jumps directly to page 11, preserves DTO and full total (0.115625ms)
✔ out-of-range page preserves requested page and full-filter count (0.129042ms)
✔ zero results and all allowed sizes are accepted without inventing pages (0.326334ms)
✔ request composes caller cancellation with the eight-second deadline (0.62875ms)
✔ an already cancelled request makes no RPC (0.503083ms)
✔ invalid page, size, filters and sort are rejected before network access (0.99825ms)
✔ all supported actionable headers can request global server sorting (1.141083ms)
✔ malformed or scope-mismatched responses fail instead of returning empty success (3.340875ms)
✔ missing numbered RPC is explicit and never falls back to cursor reads (0.617208ms)
✔ other database failures are propagated without retry or partial success (0.120042ms)
✔ persisted unsupported sorts normalize before request, retaining valid primary/secondary order (0.100708ms)
✔ student DTO accepts authoritative 재원 status and both counts (0.085583ms)
✔ student DTO accepts authoritative 대기 status and both counts (0.038834ms)
✔ student DTO accepts authoritative 퇴원 status and both counts (0.026334ms)
✔ student DTO fails closed for missing, partial or contradictory enrollment counts (0.118583ms)
✔ management list publishes primary rows before optional enrichment finishes (1.419042ms)
✔ management list publishes a recent memory cache before the fresh query finishes (0.187791ms)
✔ management primary-row cache expires from module memory (0.137583ms)
✔ stale enrichment cannot replace rows from a newer management load (0.161ms)
✔ management list callers expose only 10, 15, or 20 rows while legacy cursor transport stays bounded (9.351ms)
✔ management initial reads return rows before metadata and cancel every query with the caller (1.733875ms)
✔ management metadata failures settle without discarding a loaded page (0.579125ms)
✔ same-scope class reads with different caller signals keep independent in-flight transports (2.550917ms)
✔ canonical class replay gives a new caller independently cancellable metadata (0.967083ms)
✔ the first class management bundle resolves and applies the default period before list stats or options (0.6405ms)
✔ an explicit refresh bypasses and revokes an overlapping passive default-period bundle (6.186791ms)
✔ class textbook candidates use bounded query-scoped continuation and retain unmatched assigned IDs (0.843334ms)
✔ management detail and relation cursors are selection driven and scope bound before the DB call (0.756958ms)
✔ management migration defines Korean numeric keyset list, separate aggregates, and exact detail RPCs (1.242167ms)
✔ management hook and UI keep list reads bounded while details and relation pickers are selection driven (2.989291ms)
✔ Task 8 기준 설정은 원본 revision/checksum으로 비교하고 운영자 수정과 충돌하면 중단한다 (6.934792ms)
✔ 변경되지 않은 설정은 규칙 ID·revision·enabled·활성 템플릿 checksum을 그대로 둔다 (0.830708ms)
✔ 보관 delivery는 실제 원본 이벤트 occurrence와 안전 스냅샷 기준으로 정확히 한 번 가져온다 (1.978667ms)
✔ 보관 delivery import는 event_key 컬럼과 로컬 변수를 명확히 구분한다 (0.78725ms)
✔ 보관된 93건 import는 7개 trigger의 개인 대상 규칙과 동일 인물 우선순위를 보존한다 (1.225958ms)
✔ 500건 보관 경계는 삭제하지 않고 singleton과 append-only 관측을 함께 남긴다 (0.637875ms)
✔ 휴보강 생성·전이·삭제 RPC는 요청 영수증과 원본/canonical 이벤트를 한 트랜잭션에 기록한다 (2.672167ms)
✔ 휴보강 생성 입력은 서버 수업·담당자·결재그룹·학부장 배정과 일치해야 한다 (1.095375ms)
✔ 고정 전이 명령만 허용하고 상태·행위자·삭제 권한을 서버에서 검증한다 (0.832041ms)
✔ 휴보강 과목팀 adapter는 영어·수학·과학 중 payload가 정한 한 방만 만든다 (44.925ms)
✔ 휴보강 content migration은 v2 저장만 canonical·legacy를 함께 쓰는 권위로 둔다 (3.402958ms)
✔ 조교 휴보강 권한은 restrictive RLS·DML trigger·공개 RPC 입구에서 모두 차단한다 (5.79975ms)
✔ 조교 휴보강 restrictive RLS는 역할 조회를 행별 재평가하지 않는다 (1.077125ms)
✔ 승인 취소와 삭제는 이전 미전송 건만 source_status_changed로 끝낸다 (0.843916ms)
✔ 레거시 브리지는 sourceEventId만 받고 권위 원본·공유 소유권·서버 provider를 사용한다 (0.85275ms)
✔ 조교 휴보강 알림 후처리는 actor profile에서 service-role dispatch 전에 거절한다 (1.437167ms)
✔ 클라이언트는 원자적 RPC 성공 뒤 sourceEventId 후처리를 완료까지 기다리되 전달 실패로 저장을 실패시키지 않는다 (0.812625ms)
✔ 승인 일정 효과는 인증된 서버가 원본에서 계산하고 공개 RPC의 브라우저 approve를 닫는다 (7.781542ms)
✔ 동시 휴보강 승인은 강의실별 트랜잭션 잠금 뒤 최신 승인 점유를 다시 검사한다 (1.665875ms)
✔ 승인 HTTP 응답 유실 뒤 같은 mutation ID는 최소 fingerprint로 원래 영수증을 회수한다 (1.028708ms)
✔ 휴보강 전이와 레거시 공급자는 NULL·재실행·웹푸시를 fail-closed로 처리한다 (1.77025ms)
✔ 휴보강 Google Chat·웹푸시는 준비 뒤 외부 시도 등록기를 통과해야만 provider를 호출한다 (0.828584ms)
✔ 영어·수학 레거시 토글은 공통 과목팀 canonical rule 한 건으로 저장한다 (0.835459ms)
✔ pgTAP 패킷은 single-writer 경계·원본 계보·스냅샷·최종 parity를 검증한다 (0.75475ms)
✔ operations calendar starts only its visible-range RPC and preserves complete rows (2.323375ms)
✔ calendar density errors remain all-or-nothing and suggest a seven-day retry (0.159125ms)
✔ annual mode reads one selected year and rejects partial dense boards (0.153125ms)
✔ class schedule list uses 30 plus one server rows, authoritative stats, and all server filters (6.200625ms)
✔ event and class full details are selection-driven exact RPCs (0.510875ms)
✔ event exact detail preserves every embedded metadata field through the edit payload (0.223042ms)
✔ event form scalar and structured textbook scopes survive a direct read-form-save roundtrip (2.96175ms)
✔ calendar exact-detail adapter preserves scalar scopes through a direct save roundtrip (0.259125ms)
✔ actual form output preserves existing scopes when the selected type hides scope inputs (0.46575ms)
✔ academic detail request guard rejects stale revisions and stale identities (0.198542ms)
✔ legacy exact event detail infers its renderer exam term from the parent title (0.178375ms)
✔ derived annual entries resolve and edit their parent event instead of the detail row id (0.091791ms)
✔ selected class lesson design hydrates exact legacy plan, textbooks, and catalogs (0.290958ms)
✔ lesson textbook picker searches a separate bounded candidate page without replacing connected legacy books (0.20975ms)
✔ class lesson-design deep links use exact detail even when the class is outside page one (0.160375ms)
✔ a stale continuation response cannot append after the request scope changes (0.162083ms)
✔ dense calendar recovery produces exactly seven rendered day keys (0.10225ms)
✔ small operations catalogs are cached for thirty minutes within actor role scope (0.213916ms)
✔ operations migration enforces invoker ACLs, range density, annual density, bounded paging, and exact detail (4.66425ms)
✔ operations academic-event reads use the production single-date schema (5ms)
✔ annual list projects only bounded display metadata while exact detail retains the full envelope (1.896334ms)
✔ calendar and annual editors use the bounded authenticated academic-school catalog (7.232125ms)
✔ annual RPC keeps bounded material sections and fallback subject rows grouped by parent grade and board type (0.998125ms)
✔ annual RPC matches normalized exam periods and projects every renderer material source (0.528334ms)
✔ annual RPC retains explicit curriculum links and resolves exactly one linked source (1.801833ms)
✔ derived annual scopes keep textbook and supplement buckets separate (0.222041ms)
✔ annual completeness uses normalized textbook, subtextbook, supplement, scalar, and compatible-section scopes (0.13275ms)
✔ annual empty-year UI offers a first-event draft from the bounded school catalog (6.383208ms)
✔ class mutation refresh guard rejects an older revision or a newly selected class (1.47775ms)
✔ closing the lesson editor revokes a mutation token before late refresh work can commit (0.383166ms)
✔ route navigation and unmount revoke requested class identity without retaining a selected-row fallback (0.151458ms)
✔ stale class save success still invalidates public cache but cannot continue class-specific UI writes (0.190166ms)
✔ stale class save error cannot publish an error or clear the current route's loading state (0.141333ms)
✔ class mutations capture lifecycle before writes and editor close revokes it (2.393583ms)
✔ class detail mutations re-read the selected detail and visible range before conditional list invalidation (0.801792ms)
✔ operations workspaces issue mode requests and expose dense-range recovery without the legacy fan-out (1.281375ms)
✔ task-page stats cache reuses the same filter result for sixty seconds (1.128667ms)
✔ task-page stats cache retries after an unavailable result (0.168375ms)
✔ clear detaches old-role in-flight stats and prevents late cache restoration (0.155834ms)
✔ performance scopes require literal evidence-backed tables and cap DDL (1.913958ms)
✔ real Next stale detail is replaced by authoritative absence and cannot resurrect during a later outage (3.780791ms)
✔ real Next lookup cache is per class, uses 600 seconds and the full-public invalidation tag (2.597083ms)
✔ real Next provider outage keeps only bounded explicit snapshots and never caches failures (1.186834ms)
✔ public names cannot smuggle raw names behind an existing mask (1.417125ms)
✔ review whitespace and 8000-character Korean text retain exact content (0.758583ms)
✔ scores stay strings and blank scores are not changed to zero (0.469458ms)
✔ only approved local asset paths or typed upload references are accepted (0.537334ms)
✔ mutation snapshot rejects duplicate IDs, bad version, hidden fields and mismatched types (0.456708ms)
✔ approved seed preserves all 3921 source records and stable identities (62.048083ms)
✔ only an authenticated actual admin can apply, and cross-origin requests never call store (10.139041ms)
✔ server repeats review validation before a single atomic apply (4.323958ms)
✔ public kind read respects successful empty data, masks names and projects no draft/private data (5.267666ms)
✔ disabled public reading and failed source are unavailable, never a fabricated empty success (2.081625ms)
✔ initialization can use management while public reads and assets remain explicitly closed (28.78825ms)
✔ 20 teacher media previews use one deduplicated signing batch with per-file failures (23.868333ms)
✔ batch failure preserves list and local assets without retry fanout (5.390625ms)
✔ public media checks one exact published reference without downloading teacher content (2.142708ms)
✔ unpublished media and invalid paths never reach service-role signing (0.837875ms)
✔ an exact-ID non-returning delete uses mutation request controls, not list pagination (9.927833ms)
✔ delete recognition does not exempt broader writes, returning reads, or ordinary ID-filtered lists (5.695042ms)
✔ a final explicit root limit bounds a dynamic range without accepting unsafe overrides (10.591083ms)
✔ installed PostgREST transport confirms that the last root range or limit controls the request cap (22.997917ms)
✔ query budget verifier identifies a new list select-star by exact file, symbol, and reason (313.898ms)
✔ query budget verifier rejects an over-budget list limit (265.173625ms)
✔ query budget verifier inspects manifest-listed symbols even when their names do not look like list paths (231.027334ms)
✔ query budget verifier resolves local projection and limit constants without relying on a list-like symbol name (222.680834ms)
✔ manifest-listed list symbols reject an opaque projection expression (247.791875ms)
✔ manifest-listed list symbols reject an opaque limit expression (314.683625ms)
✔ manifest-listed list symbols reject a computed query entrypoint (284.482458ms)
✔ query budget rejects a second occurrence of the same legacy violation (384.818875ms)
✔ an unchanged legacy chain is outside the diff candidate set when a safe neighbor is added (279.996125ms)
✔ manifest occurrence fingerprints must match their own baseline source (224.070541ms)
✔ all direct owned-surface query chains are inspected even without a list marker (274.57475ms)
✔ query controls are enforced per request chain rather than borrowed from a neighboring request (279.476792ms)
✔ query extraction covers module prefixes and single-parameter arrow functions (228.472167ms)
✔ nonliteral optional computed query entrypoints are rejected outside manifest-listed symbols (215.110792ms)
✔ manifest-listed list symbols inspect direct queries even when no page limit is present (183.470042ms)
✔ manifest-listed list symbols reject nonliteral and optional computed query entrypoints (182.413959ms)
✔ statically resolved explicit list projection and page limit remain allowed (179.23275ms)
✔ exact-key single-row and ordered bounded range query chains are explicit list-limit exemptions (184.81975ms)
✔ query budget rejects direct RPC query chains without an explicit page limit (201.53775ms)
✔ query budget allows the exact task stats scalar RPC without a page limit (185.956ms)
✔ query budget allows the exact atomic class-close scalar RPC with bounded request controls (178.758917ms)
✔ query budget allows exact operations scalar and internally bounded catalog RPCs (186.934166ms)
✔ query budget reports an RPC without an argument envelope instead of throwing (180.787166ms)
✔ query budget rejects wildcard fields with whitespace or mixed projections (180.681208ms)
✔ statically resolved bounded RPC page arguments remain allowed (184.224166ms)
✔ query budget verifier rejects an RPC page limit over 30 (176.506709ms)
✔ query budget verifier rejects list requests without timeout and no-retry protections (167.908833ms)
✔ query budget verifier rejects task child list fan-out by task IDs (152.652333ms)
✔ query budget worktree mode includes unstaged source additions (116.686458ms)
✔ legacy query debt is an exact literal manifest and not a wildcard exception (0.498833ms)
✔ default legacy query debt fingerprints bind their baseline source occurrences (3209.863875ms)
✔ only the three named legacy public compatibility projections are unpaged (0.554125ms)
✔ public compatibility exemptions reject substituted tables and projections (0.268167ms)
✔ public compatibility exemptions reject aliases and appended predicates (0.322375ms)
✔ public compatibility exemptions reject a stored query builder (0.282416ms)
✔ public compatibility exemptions reject optional chaining anywhere in a direct chain (0.255458ms)
✔ the cache invalidation role RPC is an exact scalar RPC, not a pageable list (0.096917ms)
✔ query budget verifier fails closed for an unknown surface (0.072625ms)
✔ query budget CLI requires exactly one CI or worktree mode (3870.249583ms)
✔ query budget compares a changed real legacy task source against its baseline delta (4666.544666ms)
✔ registration detail debt manifest permits only the exact baseline query occurrences (1191.023083ms)
✔ receiver-aware query analysis accepts Supabase aliases, optional calls, multiline reassignment, and nested projections (120.612042ms)
✔ receiver-aware query analysis rejects nonliteral methods and unprovable Supabase-like receivers (118.147458ms)
✔ receiver-aware query analysis fails closed for an unprovable bare from request while ignoring Array.from (118.238666ms)
✔ manifest is the sole legacy-debt allowance for a touched query chain (240.464583ms)
✔ an unmanifested legacy finding fails when its query chain is touched (115.683541ms)
✔ list contracts require an exact timeout call, deterministic order, and exact-key detail predicate (116.9965ms)
✔ list contracts accept caller cancellation only when every path retains the exact timeout bound (117.171833ms)
✔ list contracts fail closed for opaque abort helper calls without crashing (116.999083ms)
✔ list contracts reject combined cancellation when the exact timeout bound is not provable (117.570375ms)
✔ immutable abort aliases retain bounded deadlines through lexical chains and every conditional branch (0.892416ms)
✔ immutable abort aliases resolve outer numeric timeout constants by declaration identity (0.187958ms)
✔ immutable abort numeric aliases cannot borrow outer constants or evaluate unsupported expressions (0.947792ms)
✔ immutable abort alias dependency-only edits still recheck the unchanged query function (587.900708ms)
✔ immutable abort dependency checks preserve unchanged raw legacy debt on unrelated module edits (239.791ms)
✔ immutable abort aliases fail closed for unsafe bindings, writes, cycles and partial timeout paths (1.737125ms)
✔ immutable abort aliases never borrow a timeout from a shadowed or out-of-scope binding (0.631125ms)
✔ immutable abort aliases reject unsupported bindings that shadow the native AbortSignal (0.485125ms)
✔ immutable abort aliases treat class static blocks as independent var scopes (0.834625ms)
✔ numbered RPC contract accepts only its strict server-validated page-size envelope (0.242584ms)
✔ numbered RPC contract rejects known invalid sizes and unsafe parameter envelopes (1.115083ms)
✔ numbered RPC contract is separate from scalar RPCs and cannot relax unrelated list RPCs (0.213792ms)
✔ actual management services and hook retain verified timeout and pagination contracts (33.789916ms)
✔ task numbered RPC allows only its proven strict 10/15/20 contract (0.736458ms)
✔ actual task numbered service retains timeout, retry and bounded RPC contracts (5.391417ms)
✔ secondary numbered RPCs allow only the final-SQL-proven 10/15/20 contracts (2.351625ms)
✔ secondary numbered production adapters retain bounded parameters and union cancellation (9.16575ms)
✔ makeup numbered RPC permits only final-proven sizes and exact detail/reservation contexts (0.791875ms)
✔ actual makeup numbered adapter keeps bounded literal RPCs and cancellation (3.095708ms)
✔ textbook numbered RPCs permit only final-proven sizes and exact purpose-specific contexts (3.942625ms)
✔ actual textbook numbered adapter keeps all seventeen literal contracts and cancellation (36.024208ms)
✔ closing work reads have exactly two numbered and seven purpose-complete contracts (48.276375ms)
✔ ordered exact-key details and nested projections without wildcards remain allowed (120.328417ms)
✔ deletion-only query-control diffs recheck every chain in the affected function (480.034666ms)
✔ constant dependency changes recheck every chain in the affected function (242.158417ms)
✔ root list controls do not accept foreign-table controls and require an id tie break (265.042833ms)
✔ detail predicates and effective final abort and retry controls are fail-closed (125.480041ms)
✔ a stale manifest fingerprint cannot grandfather a reintroduced query debt (168.8935ms)
✔ an occurrence-bound manifest debt rejects the same query moved within its symbol (141.05575ms)
✔ an occurrence-bound manifest debt rejects the same query moved before its predecessor (133.68375ms)
✔ an occurrence-bound manifest debt permits a harmless predecessor insertion (148.9455ms)
✔ a permitted predecessor insertion remains valid as the next diff baseline (380.113292ms)
✔ root controls fail closed for spread, shorthand, and aliased relation options (320.46575ms)
✔ shared query builders create separate immutable request branches (141.000291ms)
✔ mutable constants and RPC argument spreads are unresolved (282.612166ms)
✔ task fan-out rejects any nonliteral task_id membership list (151.653209ms)
✔ detail requests reject void and statically invalid id values (144.0945ms)
✔ conditional builder writes fail closed instead of lending controls to the final query (145.048583ms)
✔ shadowed bindings and object property mutations are unresolved (284.477542ms)
✔ bound Supabase from and rpc aliases remain inspected query entry points (147.272375ms)
✔ Reflect.apply and bound RPC entry points cannot bypass continuous-schedule mutation safety (281.192875ms)
✔ RPC aliases assigned after declaration remain inspected (147.910708ms)
✔ bound RPC aliases assigned after declaration remain inspected (146.045417ms)
✔ Function.call RPC entry points cannot bypass request controls (133.490083ms)
✔ Function.apply RPC entry points cannot bypass request controls (138.037042ms)
✔ RPC names prebound with Function.bind cannot bypass request controls (139.171042ms)
✔ computed and destructured RPC aliases remain inspected (138.4665ms)
✔ direct literal mutation RPCs with exact request controls remain allowed (141.390917ms)
✔ destructuring assignment RPC aliases cannot bypass mutation safety (139.888ms)
✔ computed destructuring assignment RPC aliases cannot bypass mutation safety (136.950667ms)
✔ dynamic computed assignment aliases fail closed (393.854834ms)
✔ Reflect.apply aliases assigned after declaration cannot bypass mutation safety (212.7755ms)
✔ equivalent trusted receiver aliases preserve bound RPC provenance (161.985541ms)
✔ a definite non-query overwrite clears earlier RPC alias provenance (139.635583ms)
✔ alias provenance is use-position ordered and conditional assignment fails closed (254.578ms)
✔ direct bounded list and mutation RPC calls remain accepted (286.51025ms)
✔ Function method aliases cannot bypass mutation request controls (124.593375ms)
✔ detached RPC aliases, Reflect.apply aliases, and inline binding cannot bypass mutation safety (119.500959ms)
✔ mutable, derived, destructured, and computed RPC invocation aliases fail closed (122.980417ms)
✔ single-class creation is nonpageable but still requires deadline and no-retry controls (353.840125ms)
✔ exact continuous-schedule mutation RPCs require and accept the bounded request controls (120.794458ms)
✔ task_id membership rejects literal arrays while exact task_id details remain allowed (237.7225ms)
✔ query builder aliases preserve unsafe branch mutations (123.72075ms)
✔ bound query entry aliases remain known after alias assignment (153.351291ms)
✔ task in columns resolve constants and bound operations fail closed when unknown (242.914917ms)
✔ bound operation aliases propagate through immutable assignments (117.771166ms)
✔ conditional bound RPC aliases compare prebound argument values (118.908125ms)
✔ semantically identical conditional bound RPC aliases remain resolvable (118.3755ms)
✔ occurrence-bound debt rejects a query moved across control-flow branches (198.336917ms)
✔ Function prototype call and apply bindings cannot bypass RPC request controls (152.76325ms)
✔ shadowed RPC aliases keep provenance attached to their declarations (145.944042ms)
✔ block-local RPC provenance does not escape its lexical declaration (164.038167ms)
✔ a bound RPC with an unresolved receiver fails closed at invocation (144.940459ms)
✔ conditional-expression RPC aliases merge identical provenance and fail closed when either branch is unknown (292.677833ms)
✔ aliased Function prototype call and apply methods remain tracked through a later bind (141.545875ms)
✔ var aliases use function scope while receiver provenance uses the assignment lexical scope (313.631209ms)
✔ repeated var RPC declarations share one function-scoped provenance binding (570.78475ms)
✔ occurrence identity distinguishes identical control-flow siblings and ignores unrelated insertion (313.562583ms)
✔ occurrence identity distinguishes structurally identical standalone block siblings (680.863583ms)
✔ registration exact-purpose RPCs retain transport controls and do not allow arbitrary RPC names (1.934375ms)
✔ registration history and cancellations are numbered pages with strict server-proven sizes (1.566583ms)
✔ a selected Google Chat connection uses only its exact channel primary key (0.609458ms)
✔ actual registration adapters expose bounded literal queries without source-wide exceptions (22.519ms)
✔ JSX array rendering is not parsed as a database query, while real JSX queries remain checked (0.619875ms)
✔ timetable pages require a literal bounded page size and retain transport controls (0.520792ms)
✔ timetable purpose-complete contexts do not exempt unknown names or missing transport bounds (2.085ms)
✔ exact readiness version 1 returns ready without probing the child table (62.401583ms)
✔ an existing readiness function with a non-1 version is maintenance (19.530291ms)
✔ PGRST202 plus a missing child relation is legacy and uses the zero-row head probe (18.913625ms)
✔ SQL 42883 plus an existing child table is maintenance and never legacy (9.057333ms)
✔ a narrowly matched PostgREST schema-cache message probes the child table (5.352708ms)
✔ unrelated readiness and child-table errors propagate without fallback (8.08875ms)
✔ concurrent calls share one in-flight request and resolved states stay cached until reset (6.917792ms)
✔ reset during an in-flight probe prevents the stale result from repopulating the cache (5.989625ms)
✔ a stalled readiness request times out and releases the shared in-flight probe (11.35125ms)
✔ the readiness RPC and fallback child probe share one timeout budget (30.796834ms)
✔ a ready-state integrity failure resets the cache and throws an explicit error (8.085916ms)
✔ a missing capability RPC keeps English/math available and disables science (72.8785ms)
✔ the exact PostgREST schema-cache miss falls back even when no code is supplied (20.725583ms)
✔ a valid payload enables science only for high-school grades (12.600959ms)
✔ unknown subjects, unsafe grades, and duplicate rows fail closed to compatibility capabilities (11.151667ms)
✔ unrelated RPC failures surface without being mistaken for compatibility (11.421125ms)
✔ concurrent and resolved probes use one RPC until reset (9.338208ms)
✔ reset during an in-flight probe prevents stale cache restoration (7.676708ms)
✔ returned capabilities are deeply immutable and cannot poison cached or shared fallback state (9.465958ms)
✔ capability timeout aborts transport, releases the in-flight slot and ignores late success (23.659833ms)
✔ capability metadata expires and reset aborts an obsolete request (12.676375ms)
✔ aggregate statistics route rejects assistant and viewer roles before cache access (2.640125ms)
✔ aggregate statistics handler rejects assistant before it claims a cache entry (13.828375ms)
✔ statistics private cache is actor scoped, aggregate only, and recorded in the reviewed ledger (10.622917ms)
✔ statistics cache wrappers use service-only definer CAS and bounded actor cleanup (2.096208ms)
✔ statistics cache source specifies takeover, force, invalidation, and stale-finalize CAS (4.305042ms)
✔ statistics source migration is recorded once in the reviewed baseline ledger (1.9655ms)
✔ statistics source RPC validates the four discriminated tab contracts (4.485334ms)
✔ statistics aggregate returns only tab data and excludes heavyweight source rows (2.978125ms)
✔ statistics source owns the deterministic Korean numeric collation and fails closed on drift (1.214958ms)
✔ statistics drilldowns are bounded keyset pages with one shared normalized-name expression (1.0855ms)
✔ statistics RPC ACL, RLS fixtures, parity oracle, and payload budget are explicit (1.941166ms)
✔ statistics pgTAP uses executable fixtures and cursor, RLS, parity, and payload assertions (2.549292ms)
✔ statistics source preserves exam-rule parity and merges students by stable conflict key (2.826792ms)
✔ statistics exam sources share parent-aware comma-grade matching semantics (4.844417ms)
✔ statistics source normalizes legacy textbook statuses and expands multi-day schedules (1.334791ms)
✔ statistics enrollment counts deduplicate the class fixture across aggregate and drilldowns (3.391ms)
✔ statistics class grade grouping and drilldown share direct-or-name-plus-student inference (2.168916ms)
✔ statistics cache key fixes actor, role, contract, tab, filter, and range order (0.742833ms)
✔ private route cache shares ready aggregates across handlers for exactly ten minutes (17.468584ms)
✔ concurrent claimant deduplicates calculation and waiters poll 100/250/500 before 503 (1.157542ms)
✔ failures are not saved and force refresh discards a superseded slow response (1.202917ms)
✔ private cache isolates actor, role, tab, filters, and ranges (1.058875ms)
✔ client memory cache loads only the active tab, deduplicates in flight, and expires without browser storage (0.435334ms)
✔ browser cache never extends a server hit beyond authoritative expiresAt (0.373083ms)
✔ browser cache rejects expired or malformed snapshots without retaining them (0.190916ms)
✔ browser cache rejects a valid-looking envelope without its own data field (0.159458ms)
✔ force refresh stays pending across StrictMode cleanup and dependency abort until success (0.183958ms)
✔ keyed snapshots never expose the prior tab, preset, or filter result (0.112708ms)
✔ range presets are tab-specific, URL allowlisted, and use local calendar bounds (19.938625ms)
✔ browser statistics request sends only bearer plus validated GET query and honors cancellation (0.327041ms)
✔ production route keeps service role on cache wrappers and user JWT on invoker statistics (5.014958ms)
✔ snapshot hook retains same-key refresh errors and isolates query and role changes (326.940458ms)
✔ retired closing scopes never mount readers, even when legacy inputs enable them (378.237209ms)
✔ actual hook restores page 11 directly with strict service rows and no full-load transport (103.538166ms)
✔ URL-restored size owns the first request and Back-size restoration reuses the matching summary (79.788375ms)
✔ URL-restored sizes are ephemeral route state and only explicit UI size changes persist (79.918458ms)
✔ master owns exact RPC/filter/sort/mode and all three persisted sizes (80.390959ms)
✔ requests owns exact RPC/filter/sort/mode and all three persisted sizes (74.333ms)
✔ purchase owns exact RPC/filter/sort/mode and all three persisted sizes (88.060458ms)
✔ sales owns exact RPC/filter/sort/mode and all three persisted sizes (86.71775ms)
✔ saleHistory owns exact RPC/filter/sort/mode and all three persisted sizes (76.885417ms)
✔ inventory owns exact RPC/filter/sort/mode and all three persisted sizes (75.008416ms)
✔ inventoryHistory owns exact RPC/filter/sort/mode and all three persisted sizes (76.374ms)
✔ direct 10 to 11 retains page/count during pending failure and retries exactly the failed target (56.717ms)
✔ empty out-of-range count uses the shared single clamp and retains accepted data if count changes again (88.871208ms)
✔ one simultaneous filter/size reset leaves the accepted old filters intact until a successful new page (91.783375ms)
✔ request/order and secondary scopes navigate and pause independently (65.57375ms)
✔ pause aborts page and summary; same-filter resume preserves interrupted target and restoration takes precedence (81.735833ms)
✔ summary-first arrival never lets a summary overwrite rows/page/full count (59.326ms)
✔ page-first arrival never lets a summary overwrite rows/page/full count (60.855125ms)
✔ summary failure/retry is independent and obsolete filter completion cannot contaminate accepted page (72.256709ms)
✔ page-only and size-only navigation reuse a matching full-filter summary, including one still pending (61.400375ms)
✔ auth readiness and actor/role gate all resources, including operations (64.010542ms)
✔ same-ID role change and logout/relogin clear all resources and reject stale callbacks/completions (54.971042ms)
✔ late page/summary/operations from the prior role cannot publish into the new role (53.56075ms)
✔ refreshVisible waits for enabled pages and summaries without starting disabled reads (72.299583ms)
✔ normal unmount invalidates retained summary/operations/refresh callbacks (59.374708ms)
✔ auth unmount invalidates retained summary/operations/refresh callbacks (71.339416ms)
✔ auth-boundary remount creates a working lifetime without reviving the disposed owner callbacks (82.975958ms)
✔ StrictMode lifetime cleanup/setup replay keeps current summary callbacks working (93.261917ms)
✔ fractional preview opening follows the actual ledger without weakening stored integer fields (58.4755ms)
✔ closing preview/detail preserve full totals, zero-default cash and original rounded mismatch (0.907125ms)
✔ listTextbookClosingPage reads direct page 11 without preceding pages, strict count and complete original rows (0.347583ms)
✔ listTextbookClosingMovementPage reads direct page 11 without preceding pages, strict count and complete original rows (0.338333ms)
✔ closing pages reject rows outside their echoed saved or searched movement scope (0.253292ms)
✔ history DTO identities and source option scopes cannot invent physical keys (0.820125ms)
✔ sale authoritative raw status rejects inadmissible database states (2.857167ms)
✔ listTextbookMasterPage directly loads page 11 with exact transport and full count (0.477167ms)
✔ listTextbookMasterPage preserves empty/out-of-range and all strict sizes (0.177375ms)
✔ listTextbookMasterPage rejects input {"page":0} before RPC (0.129125ms)
✔ listTextbookMasterPage rejects input {"page":1.5} before RPC (0.079458ms)
✔ listTextbookMasterPage rejects input {"page":2147483648} before RPC (0.050791ms)
✔ listTextbookMasterPage rejects input {"pageSize":25} before RPC (0.047333ms)
✔ listTextbookMasterPage rejects input {"pageSize":"10"} before RPC (0.0455ms)
✔ listTextbookMasterPage rejects input {"sort":"unknown"} before RPC (0.037667ms)
✔ listTextbookMasterPage rejects input {"filters":{}} before RPC (0.052916ms)
✔ listTextbookMasterPage rejects input {"filters":{"search":"교재","subject":"all","schoolLevel":"all","gradeLevel":"all","subSubject":"all","quality":"all","inventory":"all","surprise":true}} before RPC (0.045334ms)
✔ listTextbookMasterPage rejects malformed or inconsistent envelope null (0.079542ms)
✔ listTextbookMasterPage rejects malformed or inconsistent envelope {} (0.047ms)
✔ listTextbookMasterPage rejects malformed or inconsistent envelope {"totalCount":"101"} (0.046ms)
✔ listTextbookMasterPage rejects malformed or inconsistent envelope {"totalCount":-1} (0.044083ms)
✔ listTextbookMasterPage rejects malformed or inconsistent envelope {"page":10} (0.060959ms)
✔ listTextbookMasterPage rejects malformed or inconsistent envelope {"pageSize":15} (0.042916ms)
✔ listTextbookMasterPage rejects malformed or inconsistent envelope {"rows":[]} (0.0445ms)
✔ listTextbookMasterPage rejects malformed or inconsistent envelope {"rows":[{"id":"a2000000-0000-4000-8000-000000000001"}]} (0.045459ms)
✔ listTextbookMasterPage rejects malformed or inconsistent envelope {"rows":[{"id":"a2000000-0000-4000-8000-000000000101","title":"교재 101" (0.0415ms)
✔ listTextbookMasterPage rejects malformed or inconsistent envelope {"extra":true} (0.04025ms)
✔ listTextbookMasterPage PGRST202 fails once without fallback (0.078209ms)
✔ listTextbookMasterPage 42883 fails once without fallback (0.066583ms)
✔ listTextbookMasterPage 42501 fails once without fallback (0.03175ms)
✔ listTextbookMasterPage 22023 fails once without fallback (0.033458ms)
✔ listTextbookInventoryPage directly loads page 11 with exact transport and full count (0.153459ms)
✔ listTextbookInventoryPage preserves empty/out-of-range and all strict sizes (0.065042ms)
✔ listTextbookInventoryPage rejects input {"page":0} before RPC (0.033959ms)
✔ listTextbookInventoryPage rejects input {"page":1.5} before RPC (0.037667ms)
✔ listTextbookInventoryPage rejects input {"page":2147483648} before RPC (0.030291ms)
✔ listTextbookInventoryPage rejects input {"pageSize":25} before RPC (0.033083ms)
✔ listTextbookInventoryPage rejects input {"pageSize":"10"} before RPC (0.027916ms)
✔ listTextbookInventoryPage rejects input {"sort":"unknown"} before RPC (0.050542ms)
✔ listTextbookInventoryPage rejects input {"filters":{}} before RPC (0.031291ms)
✔ listTextbookInventoryPage rejects input {"filters":{"search":"교재","subject":"all","schoolLevel":"all","gradeLevel":"all","subSubject":"all","quality":"all","inventory":"all","locationId":"a2000000-0000-4000-8000-000000000900","audit":"all","surprise":true}} before RPC (0.02825ms)
✔ listTextbookInventoryPage rejects malformed or inconsistent envelope null (1.1595ms)
✔ listTextbookInventoryPage rejects malformed or inconsistent envelope {} (0.151958ms)
✔ listTextbookInventoryPage rejects malformed or inconsistent envelope {"totalCount":"101"} (0.094667ms)
✔ listTextbookInventoryPage rejects malformed or inconsistent envelope {"totalCount":-1} (0.080042ms)
✔ listTextbookInventoryPage rejects malformed or inconsistent envelope {"page":10} (0.078458ms)
✔ listTextbookInventoryPage rejects malformed or inconsistent envelope {"pageSize":15} (0.076875ms)
✔ listTextbookInventoryPage rejects malformed or inconsistent envelope {"rows":[]} (0.075ms)
✔ listTextbookInventoryPage rejects malformed or inconsistent envelope {"rows":[{"id":"a2000000-0000-4000-8000-000000000001"}]} (0.0755ms)
✔ listTextbookInventoryPage rejects malformed or inconsistent envelope {"rows":[{"source":{"id":"a2000000-0000-4000-8000-000000000101","title (0.085084ms)
✔ listTextbookInventoryPage rejects malformed or inconsistent envelope {"extra":true} (0.127209ms)
✔ listTextbookInventoryPage PGRST202 fails once without fallback (0.094542ms)
✔ listTextbookInventoryPage 42883 fails once without fallback (0.050041ms)
✔ listTextbookInventoryPage 42501 fails once without fallback (0.039459ms)
✔ listTextbookInventoryPage 22023 fails once without fallback (0.033542ms)
✔ listTextbookInventoryHistoryPage directly loads page 11 with exact transport and full count (0.176291ms)
✔ listTextbookInventoryHistoryPage preserves empty/out-of-range and all strict sizes (0.058417ms)
✔ listTextbookInventoryHistoryPage rejects input {"page":0} before RPC (0.046167ms)
✔ listTextbookInventoryHistoryPage rejects input {"page":1.5} before RPC (0.029042ms)
✔ listTextbookInventoryHistoryPage rejects input {"page":2147483648} before RPC (0.028458ms)
✔ listTextbookInventoryHistoryPage rejects input {"pageSize":25} before RPC (0.029375ms)
✔ listTextbookInventoryHistoryPage rejects input {"pageSize":"10"} before RPC (0.026209ms)
✔ listTextbookInventoryHistoryPage rejects input {"sort":"unknown"} before RPC (0.026958ms)
✔ listTextbookInventoryHistoryPage rejects input {"filters":{}} before RPC (0.028666ms)
✔ listTextbookInventoryHistoryPage rejects input {"filters":{"textbookId":null,"locationId":null,"surprise":true}} before RPC (0.029ms)
✔ listTextbookInventoryHistoryPage rejects malformed or inconsistent envelope null (0.036375ms)
✔ listTextbookInventoryHistoryPage rejects malformed or inconsistent envelope {} (0.033917ms)
✔ listTextbookInventoryHistoryPage rejects malformed or inconsistent envelope {"totalCount":"101"} (0.041125ms)
✔ listTextbookInventoryHistoryPage rejects malformed or inconsistent envelope {"totalCount":-1} (0.051ms)
✔ listTextbookInventoryHistoryPage rejects malformed or inconsistent envelope {"page":10} (0.031709ms)
✔ listTextbookInventoryHistoryPage rejects malformed or inconsistent envelope {"pageSize":15} (0.032708ms)
✔ listTextbookInventoryHistoryPage rejects malformed or inconsistent envelope {"rows":[]} (0.040625ms)
✔ listTextbookInventoryHistoryPage rejects malformed or inconsistent envelope {"rows":[{"id":"a2000000-0000-4000-8000-000000000001"}]} (0.039708ms)
✔ listTextbookInventoryHistoryPage rejects malformed or inconsistent envelope {"rows":[{"id":"count-a2000000-0000-4000-8000-000000000101","kind":"co (0.031542ms)
✔ listTextbookInventoryHistoryPage rejects malformed or inconsistent envelope {"extra":true} (0.028959ms)
✔ listTextbookInventoryHistoryPage PGRST202 fails once without fallback (0.035875ms)
✔ listTextbookInventoryHistoryPage 42883 fails once without fallback (0.032ms)
✔ listTextbookInventoryHistoryPage 42501 fails once without fallback (0.027958ms)
✔ listTextbookInventoryHistoryPage 22023 fails once without fallback (0.032ms)
✔ listTextbookSaleHistoryPage directly loads page 11 with exact transport and full count (0.060375ms)
✔ listTextbookSaleHistoryPage preserves empty/out-of-range and all strict sizes (0.052833ms)
✔ listTextbookSaleHistoryPage rejects input {"page":0} before RPC (0.032167ms)
✔ listTextbookSaleHistoryPage rejects input {"page":1.5} before RPC (0.030125ms)
✔ listTextbookSaleHistoryPage rejects input {"page":2147483648} before RPC (0.025333ms)
✔ listTextbookSaleHistoryPage rejects input {"pageSize":25} before RPC (0.027375ms)
✔ listTextbookSaleHistoryPage rejects input {"pageSize":"10"} before RPC (0.029417ms)
✔ listTextbookSaleHistoryPage rejects input {"sort":"unknown"} before RPC (0.027042ms)
✔ listTextbookSaleHistoryPage rejects input {"filters":{}} before RPC (0.029417ms)
✔ listTextbookSaleHistoryPage rejects input {"filters":{"search":"","year":"all","month":"all","classId":"all","surprise":true}} before RPC (0.028958ms)
✔ listTextbookSaleHistoryPage rejects malformed or inconsistent envelope null (0.038875ms)
✔ listTextbookSaleHistoryPage rejects malformed or inconsistent envelope {} (0.032542ms)
✔ listTextbookSaleHistoryPage rejects malformed or inconsistent envelope {"totalCount":"101"} (0.035709ms)
✔ listTextbookSaleHistoryPage rejects malformed or inconsistent envelope {"totalCount":-1} (0.034042ms)
✔ listTextbookSaleHistoryPage rejects malformed or inconsistent envelope {"page":10} (0.03ms)
✔ listTextbookSaleHistoryPage rejects malformed or inconsistent envelope {"pageSize":15} (0.032708ms)
✔ listTextbookSaleHistoryPage rejects malformed or inconsistent envelope {"rows":[]} (0.033208ms)
✔ listTextbookSaleHistoryPage rejects malformed or inconsistent envelope {"rows":[{"id":"a2000000-0000-4000-8000-000000000001"}]} (0.034792ms)
✔ listTextbookSaleHistoryPage rejects malformed or inconsistent envelope {"rows":[{"id":"2026-08:a2000000-0000-4000-8000-000000000800:a2000000- (0.038042ms)
✔ listTextbookSaleHistoryPage rejects malformed or inconsistent envelope {"extra":true} (0.04025ms)
✔ listTextbookSaleHistoryPage PGRST202 fails once without fallback (0.042667ms)
✔ listTextbookSaleHistoryPage 42883 fails once without fallback (0.030917ms)
✔ listTextbookSaleHistoryPage 42501 fails once without fallback (0.029041ms)
✔ listTextbookSaleHistoryPage 22023 fails once without fallback (0.029625ms)
✔ listTextbookPurchasePage directly loads page 11 with exact transport and full count (0.34525ms)
✔ listTextbookPurchasePage preserves empty/out-of-range and all strict sizes (0.065417ms)
✔ listTextbookPurchasePage rejects input {"page":0} before RPC (0.032959ms)
✔ listTextbookPurchasePage rejects input {"page":1.5} before RPC (0.035167ms)
✔ listTextbookPurchasePage rejects input {"page":2147483648} before RPC (0.034834ms)
✔ listTextbookPurchasePage rejects input {"pageSize":25} before RPC (0.026959ms)
✔ listTextbookPurchasePage rejects input {"pageSize":"10"} before RPC (0.045417ms)
✔ listTextbookPurchasePage rejects input {"sort":"unknown"} before RPC (0.030791ms)
✔ listTextbookPurchasePage rejects input {"filters":{}} before RPC (0.03925ms)
✔ listTextbookPurchasePage rejects input {"filters":{"mode":"request","search":"","boardScope":"all","requestFilter":"all","orderFilter":"all","surprise":true}} before RPC (0.029583ms)
✔ listTextbookPurchasePage rejects malformed or inconsistent envelope null (0.039291ms)
✔ listTextbookPurchasePage rejects malformed or inconsistent envelope {} (0.034583ms)
✔ listTextbookPurchasePage rejects malformed or inconsistent envelope {"totalCount":"101"} (0.102291ms)
✔ listTextbookPurchasePage rejects malformed or inconsistent envelope {"totalCount":-1} (0.033208ms)
✔ listTextbookPurchasePage rejects malformed or inconsistent envelope {"page":10} (0.031375ms)
✔ listTextbookPurchasePage rejects malformed or inconsistent envelope {"pageSize":15} (0.03525ms)
✔ listTextbookPurchasePage rejects malformed or inconsistent envelope {"rows":[]} (0.033541ms)
✔ listTextbookPurchasePage rejects malformed or inconsistent envelope {"rows":[{"id":"a2000000-0000-4000-8000-000000000001"}]} (0.047917ms)
✔ listTextbookPurchasePage rejects malformed or inconsistent envelope {"rows":[{"id":"requested||a2000000-0000-4000-8000-000000000101||a2000 (0.03575ms)
✔ listTextbookPurchasePage rejects malformed or inconsistent envelope {"extra":true} (0.031833ms)
✔ listTextbookPurchasePage PGRST202 fails once without fallback (0.031792ms)
✔ listTextbookPurchasePage 42883 fails once without fallback (0.0295ms)
✔ listTextbookPurchasePage 42501 fails once without fallback (0.027709ms)
✔ listTextbookPurchasePage 22023 fails once without fallback (0.029125ms)
✔ listTextbookSalePage directly loads page 11 with exact transport and full count (0.098667ms)
✔ listTextbookSalePage preserves empty/out-of-range and all strict sizes (1.189709ms)
✔ listTextbookSalePage rejects input {"page":0} before RPC (0.185375ms)
✔ listTextbookSalePage rejects input {"page":1.5} before RPC (0.079166ms)
✔ listTextbookSalePage rejects input {"page":2147483648} before RPC (0.159416ms)
✔ listTextbookSalePage rejects input {"pageSize":25} before RPC (0.066208ms)
✔ listTextbookSalePage rejects input {"pageSize":"10"} before RPC (0.064833ms)
✔ listTextbookSalePage rejects input {"sort":"unknown"} before RPC (0.062042ms)
✔ listTextbookSalePage rejects input {"filters":{}} before RPC (0.066666ms)
✔ listTextbookSalePage rejects input {"filters":{"search":"","status":"all","surprise":true}} before RPC (0.060042ms)
✔ listTextbookSalePage rejects malformed or inconsistent envelope null (0.084875ms)
✔ listTextbookSalePage rejects malformed or inconsistent envelope {} (0.075792ms)
✔ listTextbookSalePage rejects malformed or inconsistent envelope {"totalCount":"101"} (0.0695ms)
✔ listTextbookSalePage rejects malformed or inconsistent envelope {"totalCount":-1} (0.067ms)
✔ listTextbookSalePage rejects malformed or inconsistent envelope {"page":10} (0.068625ms)
✔ listTextbookSalePage rejects malformed or inconsistent envelope {"pageSize":15} (0.0705ms)
✔ listTextbookSalePage rejects malformed or inconsistent envelope {"rows":[]} (0.072375ms)
✔ listTextbookSalePage rejects malformed or inconsistent envelope {"rows":[{"id":"a2000000-0000-4000-8000-000000000001"}]} (0.069292ms)
✔ listTextbookSalePage rejects malformed or inconsistent envelope {"rows":[{"id":"a2000000-0000-4000-8000-000000000400","line":{"id":"a2 (0.069208ms)
✔ listTextbookSalePage rejects malformed or inconsistent envelope {"extra":true} (0.070709ms)
✔ listTextbookSalePage PGRST202 fails once without fallback (0.068667ms)
✔ listTextbookSalePage 42883 fails once without fallback (0.061917ms)
✔ listTextbookSalePage 42501 fails once without fallback (0.077167ms)
✔ listTextbookSalePage 22023 fails once without fallback (0.06625ms)
✔ caller cancellation and eight-second deadline reject even a resolved transport response (0.687875ms)
✔ inventory wire null roundtrips to Infinity, while date-only and finite signed elapsed days survive (0.330708ms)
✔ strict stock quantities reject fractional/non-safe values and quality fields reject malformed flags (0.431875ms)
✔ legacy invalid count date restores Infinity without changing its recommended status or invalid-date labels (0.167291ms)
✔ strict master validates required locationQuantities, including nested inventory source (0.369375ms)
✔ strict master validates required studentLocationQuantities, including nested inventory source (0.33475ms)
✔ strict master validates required teacherLocationQuantities, including nested inventory source (0.3505ms)
✔ strict master validates required totalQuantity, including nested inventory source (0.315542ms)
✔ strict master validates required studentQuantity, including nested inventory source (0.2895ms)
✔ strict master validates required teacherQuantity, including nested inventory source (0.273416ms)
✔ strict master validates required stockValue, including nested inventory source (0.280541ms)
✔ strict master validates required qualityIssues, including nested inventory source (0.278417ms)
✔ strict master validates required qualityScore, including nested inventory source (0.266417ms)
✔ strict master validates required locationSummary, including nested inventory source (0.258ms)
✔ inventory rejects malformed fields {"daysSinceLatestCount":"Infinity"} (0.17575ms)
✔ inventory rejects malformed fields {"daysSinceLatestCount":null} (0.099542ms)
✔ inventory rejects malformed fields {"daysSinceLatestCount":1.5} (0.098709ms)
✔ inventory rejects malformed fields {"latestCountAt":"2026-02-30"} (0.108625ms)
✔ inventory rejects malformed fields {"status":"all"} (0.090958ms)
✔ inventory rejects malformed fields {"isRecommended":1} (0.101292ms)
✔ history retains count and adjustment identities plus raw actor presentation seam (0.327583ms)
✔ listTextbookSaleHistoryPage cancels before/after transport and applies the eight second deadline (0.336709ms)
✔ listTextbookPurchasePage cancels before/after transport and applies the eight second deadline (0.218417ms)
✔ listTextbookSalePage cancels before/after transport and applies the eight second deadline (0.305041ms)
✔ getTextbookPurchaseSummary validates its complete workflow DTO and exact transport (0.484458ms)
✔ getTextbookPurchaseSummary rejects missing/extra fields and never falls back on unavailable or denied RPC (1.00025ms)
✔ getTextbookPurchaseSummary observes caller cancellation and eight second transport deadline (0.359584ms)
✔ getTextbookSaleSummary validates its complete workflow DTO and exact transport (0.331542ms)
✔ getTextbookSaleSummary rejects missing/extra fields and never falls back on unavailable or denied RPC (0.355042ms)
✔ getTextbookSaleSummary observes caller cancellation and eight second transport deadline (0.869792ms)
✔ getTextbookSaleHistorySummary validates its complete workflow DTO and exact transport (0.445875ms)
✔ getTextbookSaleHistorySummary rejects missing/extra fields and never falls back on unavailable or denied RPC (1.469459ms)
✔ getTextbookSaleHistorySummary observes caller cancellation and eight second transport deadline (0.143541ms)
✔ getTextbookOperationsSummary validates its complete workflow DTO and exact transport (0.126083ms)
✔ getTextbookOperationsSummary rejects missing/extra fields and never falls back on unavailable or denied RPC (0.114458ms)
✔ getTextbookOperationsSummary observes caller cancellation and eight second transport deadline (0.063708ms)
✔ getTextbookPurchaseDetail validates its complete workflow DTO and exact transport (8.56825ms)
✔ getTextbookPurchaseDetail rejects missing/extra fields and never falls back on unavailable or denied RPC (0.364834ms)
✔ getTextbookPurchaseDetail observes caller cancellation and eight second transport deadline (0.1765ms)
✔ getTextbookSaleDetail validates its complete workflow DTO and exact transport (0.166625ms)
✔ getTextbookSaleDetail rejects missing/extra fields and never falls back on unavailable or denied RPC (0.185833ms)
✔ getTextbookSaleDetail observes caller cancellation and eight second transport deadline (0.130375ms)
✔ purchase detail uses any real member identity, validates nested source and isolates teacher request DTO (2.648375ms)
✔ returned purchase DTOs preserve an active parent without reclassifying the member (0.334959ms)
✔ workflow summaries reject inconsistent full totals and sale detail rejects wrong real identity (0.477292ms)
✔ sale wire decimal amount is authoritative while real amount and event mismatches are rejected (0.308416ms)
✔ purchase display key and event are reconciled to the complete student-primary member (0.316292ms)
✔ workflow raw source temporal fields reject malformed DTO values before display use (0.506375ms)
✔ sale history summary is authoritative and separate from requested page, preserving off-page options (0.227541ms)
✔ sale history rejects operations search and inconsistent raw history totals before downstream use (0.450542ms)
✔ sale history distinguishes empty source from empty filter and resolves stale month to all (0.170834ms)
✔ getTextbookMasterSummary uses a separate purpose-specific complete contract (0.396875ms)
✔ getTextbookMasterSummary rejects absent, partial and fake page envelopes (0.178375ms)
✔ getTextbookInventorySummary uses a separate purpose-specific complete contract (0.187791ms)
✔ getTextbookInventorySummary rejects absent, partial and fake page envelopes (0.213833ms)
✔ getTextbookMasterDetail uses a separate purpose-specific complete contract (0.318667ms)
✔ getTextbookMasterDetail rejects absent, partial and fake page envelopes (0.352916ms)
✔ getTextbookInventoryBalance uses a separate purpose-specific complete contract (0.33225ms)
✔ getTextbookInventoryBalance rejects absent, partial and fake page envelopes (0.151166ms)
✔ checkTextbookMasterDuplicate uses a separate purpose-specific complete contract (0.22275ms)
✔ checkTextbookMasterDuplicate rejects absent, partial and fake page envelopes (0.136208ms)
✔ balance rejects partial, duplicate, unknown-ID and wrong-location coverage (0.437125ms)
✔ duplicate preview has max10 with full count, and null detail is explicit (0.331209ms)
✔ UUID context coverage compares canonical identities without rejecting uppercase input or allowing case-duplicate IDs (0.218833ms)
✔ summary retains full-filter price/location/subject totals and rejects incomplete or conflicting aggregates (0.376375ms)
✔ getTextbookMasterSummary reconciles signed decimal cancellation without changing authoritative amounts (0.333584ms)
✔ getTextbookMasterSummary rejects genuine amount discrepancies despite cancellation or overflow (0.310875ms)
✔ getTextbookInventorySummary reconciles signed decimal cancellation without changing authoritative amounts (0.210875ms)
✔ getTextbookInventorySummary rejects genuine amount discrepancies despite cancellation or overflow (0.255291ms)
✔ final SQL wire provenance binds immutable migration, pgTAP and all eight methods (1.317542ms)
✔ final authenticated SQL DTO 1 replays verbatim through listTextbookMasterPage (0.185208ms)
✔ final authenticated SQL DTO 2 replays verbatim through listTextbookInventoryPage (0.093125ms)
✔ final authenticated SQL DTO 3 replays verbatim through listTextbookInventoryPage (0.086ms)
✔ final authenticated SQL DTO 4 replays verbatim through listTextbookInventoryHistoryPage (0.091125ms)
✔ final authenticated SQL DTO 5 replays verbatim through getTextbookMasterSummary (0.074625ms)
✔ final authenticated SQL DTO 6 replays verbatim through getTextbookInventorySummary (0.061208ms)
✔ final authenticated SQL DTO 7 replays verbatim through getTextbookMasterDetail (0.063042ms)
✔ final authenticated SQL DTO 8 replays verbatim through getTextbookInventoryBalance (0.067917ms)
✔ final authenticated SQL DTO 9 replays verbatim through checkTextbookMasterDuplicate (0.637542ms)
✔ final authenticated SQL DTO 10 replays verbatim through listTextbookInventoryPage (0.0665ms)
✔ final workflow SQL wire provenance binds immutable migration, pgTAP, actors and all nine methods (0.761ms)
✔ final authenticated workflow SQL DTO 1 replays verbatim through listTextbookPurchasePage (0.22675ms)
✔ final authenticated workflow SQL DTO 2 replays verbatim through getTextbookPurchaseSummary (0.069042ms)
✔ final authenticated workflow SQL DTO 3 replays verbatim through getTextbookPurchaseDetail (0.104292ms)
✔ final authenticated workflow SQL DTO 4 replays verbatim through listTextbookSalePage (0.09175ms)
✔ final authenticated workflow SQL DTO 5 replays verbatim through getTextbookSaleSummary (0.045209ms)
✔ final authenticated workflow SQL DTO 6 replays verbatim through getTextbookSaleDetail (0.051ms)
✔ final authenticated workflow SQL DTO 7 replays verbatim through listTextbookSaleHistoryPage (0.05525ms)
✔ final authenticated workflow SQL DTO 8 replays verbatim through getTextbookSaleHistorySummary (0.176708ms)
✔ final authenticated workflow SQL DTO 9 replays verbatim through getTextbookOperationsSummary (0.086083ms)
✔ final authenticated workflow SQL DTO 10 replays verbatim through listTextbookPurchasePage (0.163333ms)
✔ final authenticated workflow SQL DTO 11 replays verbatim through getTextbookPurchaseSummary (0.080792ms)
✔ final authenticated workflow SQL DTO 12 replays verbatim through getTextbookPurchaseDetail (0.117959ms)
✔ final authenticated workflow SQL DTO 13 replays verbatim through getTextbookPurchaseDetail (0.041792ms)
✔ final purchase-cost SQL wire provenance binds additive final migration and regression TAP (0.474166ms)
✔ final purchase-cost SQL DTO 1 preserves literal pricing and raw business label (0.212ms)
✔ final purchase-cost SQL DTO 2 preserves literal pricing and raw business label (0.119334ms)
✔ final purchase-cost SQL DTO 3 preserves literal pricing and raw business label (0.102ms)
✔ final purchase-cost SQL DTO 4 preserves literal pricing and raw business label (0.091375ms)
✔ Task6b immutable final artifacts bind the six original wire payloads (1.631042ms)
✔ Task6b original wire 1 passes actual listTextbookSubSubjectPage parser without repair (65.992833ms)
✔ Task6b original wire 2 passes actual listTextbookSubSubjectPage parser without repair (0.367917ms)
✔ Task6b original wire 3 passes actual saveTextbookSettingsDraft parser without repair (2.297083ms)
✔ Task6b original wire 4 passes actual saveTextbookSettingsDraft parser without repair (0.109083ms)
✔ Task6b original wire 5 passes actual saveTextbookSettingsDraft parser without repair (0.223459ms)
✔ Task6b original wire 6 passes actual saveTextbookSettingsDraft parser without repair (0.105667ms)
ℹ tests 839
ℹ suites 0
ℹ pass 839
ℹ fail 0
ℹ cancelled 0
ℹ skipped 0
ℹ todo 0
ℹ duration_ms 34030.498167
