✔ schedule-only page exposes one save and return action even for a legacy progress URL (358.135ms)
✔ schedule-only return keeps an edited draft when the operator continues editing (230.497125ms)
✔ calendar: holiday cancellation and linked makeup on the same day are both named (202.811167ms)
✔ plan: same-class refreshed source preserves an authored draft (240.085917ms)
✔ plan: accepted save preserves input added while pending and failed re-read does not claim write failure (179.414542ms)
✔ normalized session: real save reaches the service once and preserves edits made while pending (193.3565ms)
✔ class-schedule: clean read, revert, protected close and confirmed destination (252.254084ms)
✔ curriculum: clean read, revert, protected close and confirmed destination (278.586375ms)
✔ curriculum/lesson-design: clean read, revert, protected close and confirmed destination (270.53225ms)
✔ plan: submission then revert to old value remains dirty after accepted save; duplicate writes are blocked (181.99625ms)
✔ normalized session: unchanged/reverted draft is clean and accepted revision is reused (167.257ms)
✔ normalized read: a loading read must never fall through to a legacy classes update (167.139333ms)
✔ plan: failed write retains its draft and a retry submits the current values (259.55075ms)
✔ actor: a late accepted save cannot replace the new actor draft or leave dirty protection enabled (152.641833ms)
✔ normalized session: accepted trimmed input becomes clean and later authoritative data replaces clean overrides (164.420958ms)
✔ normalized schedule: calendar opens authoritative session editing without creating a legacy draft (154.417708ms)
✔ normalized generation: a late preview from another month cannot authorize current-month creation (152.731708ms)
✔ normalized generation: preview and creation each reject same-turn duplicate clicks (147.641625ms)
✔ normalized generation previews dates without mutating saved sessions and disables an all-existing confirmation (217.581083ms)
✔ compact weekday groups expand without losing days (0.903583ms)
✔ three-day groups preserve weekday order (0.096958ms)
✔ mixed compact and single-day schedules preserve every slot (0.1505ms)
✔ class list display combines weekdays that share the same time and details (0.152333ms)
✔ empty resource positions and literal marker names display without decoding (0.566417ms)
✔ legacy raw tilde details stay literal (0.109ms)
✔ class resource display splits multiple teachers and classrooms into rows (0.056416ms)
✔ parenthesized slot details are copied to every day in a group (0.070083ms)
✔ shared candidate details are removed but different details stay (0.154542ms)
✔ legacy management editor parsed resources: 홍길동 (0.090291ms)
✔ legacy management editor parsed resources: 2강의실 (0.039916ms)
✔ legacy management editor parsed resources: 홍길동, 2강의실 (0.032541ms)
✔ legacy management editor parsed resources: , 2강의실 (0.027166ms)
✔ legacy management editor parsed resources: 홍길동,  (0.025459ms)
✔ legacy management editor parsed resources: 홍길동/2강의실 (0.022458ms)
✔ teacher-only detail retains day-specific classroom for legacy editor (0.262458ms)
✔ serializes two edits, retains newer intent across reverse responses and uses latest item revision (2.967125ms)
✔ ambiguous failure retries immutable request while newer draft stays queued (1.12225ms)
✔ refresh preserves local draft and stale shows latest server (0.31875ms)
✔ reload recovers submitted identity; actor or plan switch never exposes previous draft (0.349875ms)
✔ receipt replay cannot lower a newer snapshot item or restore old coordinates (0.206833ms)
✔ poll compares composite fingerprint even without plan sequence change (0.179333ms)
✔ transient reference failure preserves prior display but blocks another save (0.133042ms)
✔ permission revocation clears scoped snapshot and same-tab recovery (0.271375ms)
✔ undo is a new revision-checked inverse command (0.294333ms)
✔ undo refuses to rebase across a collaborator edit of the same item (0.254208ms)
✔ item A stale does not stop independent item B save (0.253708ms)
✔ explicit reapply uses latest revision and a new request key while retaining the local draft (0.267083ms)
✔ accept-server drops only the conflicted item draft (0.140791ms)
✔ late read and save permission failures from a retired epoch leave newly loaded state alone (0.132667ms)
✔ transfer delta applies source state and class labels atomically (0.369792ms)
✔ ambiguous save visible in refresh still replays original receipt key and body (0.247584ms)
✔ replayed old receipt cannot auto-send newer queued intent over collaborator revision (0.39925ms)
✔ late successful read from retired epoch cannot reopen old scope data (0.123791ms)
✔ older successful receipt cannot resurrect an item deleted in newer authoritative snapshot (0.147083ms)
✔ own-save signal before receipt still drains queued second edit (0.445459ms)
✔ paused retired controller rejects old action references and terminal destroy cannot resume (0.146208ms)
✔ independent creates merge when later sequence receipt arrives first without a full refresh (0.19675ms)
✔ malformed applied transfer item cannot strip source slots or mark the view verified (0.076917ms)
✔ independent delete receipt still applies after a later unrelated create receipt (0.195583ms)
✔ complete but unknown applied source item is rejected before a transfer delta merge (0.094834ms)
✔ confirmed 23P01 rejection can be explicitly corrected with a new request identity (0.19425ms)
✔ confirmed 22023 rejection can be explicitly corrected with a new request identity (0.141958ms)
✔ uncertain response cannot be replaced or discarded and retries original immutable body/key (0.501667ms)
✔ corrected rejected head preserves queued newer edit and independent item draft (0.309375ms)
✔ discard confirmed rejected head advances queued latest edit while preserving independent pending item (0.26675ms)
✔ plan-copy receipt at equal sequence never replaces a newer operating reference or verifies it (0.156625ms)
✔ explicit editor revision receipt replay: existing=true, reload=false (3.663208ms)
✔ explicit editor revision receipt replay: existing=true, reload=true (0.541208ms)
✔ explicit editor revision receipt replay: existing=false, reload=false (0.625625ms)
✔ explicit editor revision receipt replay: existing=false, reload=true (0.361625ms)
✔ 501st item exact capacity rejection permits correction and discard (0.183792ms)
✔ 2001st slot exact capacity rejection permits correction and discard (0.13ms)
✔ removed delete retains recovery descriptor timetable_stale (0.087084ms)
✔ removed delete retains recovery descriptor timetable_invalid (0.06225ms)
✔ successful but lost delete stays immutable and recoverable after reload with absent canonical item (0.156875ms)
✔ optimistically absent deletion renders usable stale controls (42.306666ms)
✔ optimistically absent deletion renders usable rejected controls (5.228208ms)
✔ optimistically absent deletion renders usable uncertain controls (4.782709ms)
ℹ tests 78
ℹ suites 0
ℹ pass 78
ℹ fail 0
ℹ cancelled 0
ℹ skipped 0
ℹ todo 0
ℹ duration_ms 4297.420667
