✔ schedule-only page exposes one save and return action even for a legacy progress URL (421.5585ms)
✔ schedule-only return keeps an edited draft when the operator continues editing (252.032333ms)
✔ calendar: holiday cancellation and linked makeup on the same day are both named (206.251ms)
✔ plan: same-class refreshed source preserves an authored draft (215.567ms)
✔ plan: accepted save preserves input added while pending and failed re-read does not claim write failure (202.201458ms)
✔ normalized session: real save reaches the service once and preserves edits made while pending (193.751958ms)
✔ class-schedule: clean read, revert, protected close and confirmed destination (345.04525ms)
✔ curriculum: clean read, revert, protected close and confirmed destination (214.312416ms)
✔ curriculum/lesson-design: clean read, revert, protected close and confirmed destination (213.178125ms)
✔ plan: submission then revert to old value remains dirty after accepted save; duplicate writes are blocked (172.55075ms)
✔ normalized session: unchanged/reverted draft is clean and accepted revision is reused (168.956ms)
✔ normalized read: a loading read must never fall through to a legacy classes update (253.055792ms)
✔ plan: failed write retains its draft and a retry submits the current values (183.272375ms)
✔ actor: a late accepted save cannot replace the new actor draft or leave dirty protection enabled (153.124709ms)
✔ normalized session: accepted trimmed input becomes clean and later authoritative data replaces clean overrides (167.845833ms)
✔ normalized schedule: calendar opens authoritative session editing without creating a legacy draft (156.269125ms)
✔ normalized generation: a late preview from another month cannot authorize current-month creation (241.97175ms)
✔ normalized generation: preview and creation each reject same-turn duplicate clicks (154.1395ms)
✔ normalized generation previews dates without mutating saved sessions and disables an all-existing confirmation (152.1445ms)
✔ compact weekday groups expand without losing days (4.270166ms)
✔ three-day groups preserve weekday order (0.145167ms)
✔ mixed compact and single-day schedules preserve every slot (0.471291ms)
✔ class list display combines weekdays that share the same time and details (0.187916ms)
✔ empty resource positions and literal marker names display without decoding (0.175042ms)
✔ legacy raw tilde details stay literal (0.479333ms)
✔ class resource display splits multiple teachers and classrooms into rows (0.058542ms)
✔ parenthesized slot details are copied to every day in a group (0.056792ms)
✔ shared candidate details are removed but different details stay (0.150042ms)
✔ legacy management editor parsed resources: 홍길동 (0.08975ms)
✔ legacy management editor parsed resources: 2강의실 (0.043875ms)
✔ legacy management editor parsed resources: 홍길동, 2강의실 (0.035125ms)
✔ legacy management editor parsed resources: , 2강의실 (0.027792ms)
✔ legacy management editor parsed resources: 홍길동,  (0.024459ms)
✔ legacy management editor parsed resources: 홍길동/2강의실 (0.025333ms)
✔ teacher-only detail retains day-specific classroom for legacy editor (0.040333ms)
✔ touching intervals are free but one minute of overlap conflicts (0.585833ms)
✔ same item overlaps even with different resources and includes both resource reasons when shared (0.076292ms)
✔ each plan is independent, while every plan checks the same active shadow (0.066417ms)
✔ a source class is not exempt from its own live shadow (0.047417ms)
✔ suggestions preserve resource IDs, selected weekday order and five minute sequence (0.188667ms)
✔ suggestions avoid shadows even for matching source class and return empty when none fit (0.057ms)
✔ an unrelated preexisting conflict does not hide a safe new suggestion (0.04575ms)
✔ timetable panels expose per-panel high resolution image export (2.853708ms)
✔ timetable blocks expose structured hover details (1.792583ms)
✔ timetable panel headers show lesson count and weekly hours (9.154375ms)
✔ compact timetable blocks keep class names readable (0.994709ms)
✔ timetable reuses shared tabs and responsive filters without semester controls (0.487666ms)
✔ selected teacher panels remain visible beyond the grid column count (0.691042ms)
✔ default panels include every available target when nothing is selected (0.57325ms)
✔ teacher timetable filters only academic teams for the selected subject (13.888875ms)
✔ precomputed timetable rows preserve the legacy workspace and grid model (0.358959ms)
✔ timetable workspace requests only its active mode and keeps dense recovery explicit (15.273084ms)
✔ weekly timetable panels fit all weekdays without horizontal scrolling (0.187917ms)
✔ daily timetable panels keep horizontal scrolling for wider axis sets (0.081042ms)
✔ timetable ignores retired period scopes and keeps exactly three status choices (0.597875ms)
✔ comparison panels share a cropped axis without losing morning or late lessons (0.385417ms)
✔ operating retry retains request key and payload; refresh failure is committed (1.445125ms)
✔ operating conflict preserves inputs and separates true serialization failure (0.297083ms)
✔ date authority frees actual date but recurring plan still reserves weekly shadow (1.889208ms)
✔ dated exception and source-less legacy occupancy are additive and identify exact date (0.181208ms)
✔ period suggestions include dated reservations and never offer incomplete range (0.407ms)
✔ actual management consumer uses atomic gateway and keeps retry key after lost response (0.840041ms)
✔ metadata-only UPDATE does not claim success for zero affected rows (0.400083ms)
✔ committed defaults and initialization retain a pending cache refresh receipt (0.251834ms)
✔ four views project the same stable Monday and Wednesday slot IDs (0.617667ms)
✔ resolveGridTarget uses cropped absolute minutes and only the view-owned resource (0.150625ms)
✔ resolveMovedGridTarget snaps the movement delta, preserving a 17:13 origin (0.086583ms)
✔ grid adapter rejects malformed weekday, coordinate, and time (0.172667ms)
✔ serializes two edits, retains newer intent across reverse responses and uses latest item revision (5.125084ms)
✔ ambiguous failure retries immutable request while newer draft stays queued (0.914834ms)
✔ refresh preserves local draft and stale shows latest server (1.118125ms)
✔ reload recovers submitted identity; actor or plan switch never exposes previous draft (0.356916ms)
✔ receipt replay cannot lower a newer snapshot item or restore old coordinates (0.194417ms)
✔ poll compares composite fingerprint even without plan sequence change (0.154375ms)
✔ transient reference failure preserves prior display but blocks another save (0.143625ms)
✔ permission revocation clears scoped snapshot and same-tab recovery (0.599583ms)
✔ undo is a new revision-checked inverse command (0.270208ms)
✔ undo refuses to rebase across a collaborator edit of the same item (0.241042ms)
✔ item A stale does not stop independent item B save (0.284625ms)
✔ explicit reapply uses latest revision and a new request key while retaining the local draft (0.284666ms)
✔ accept-server drops only the conflicted item draft (0.160958ms)
✔ late read and save permission failures from a retired epoch leave newly loaded state alone (0.146541ms)
✔ transfer delta applies source state and class labels atomically (0.766417ms)
✔ ambiguous save visible in refresh still replays original receipt key and body (0.628041ms)
✔ replayed old receipt cannot auto-send newer queued intent over collaborator revision (0.354791ms)
✔ late successful read from retired epoch cannot reopen old scope data (0.093875ms)
✔ older successful receipt cannot resurrect an item deleted in newer authoritative snapshot (0.131584ms)
✔ own-save signal before receipt still drains queued second edit (0.20775ms)
✔ paused retired controller rejects old action references and terminal destroy cannot resume (0.138875ms)
✔ independent creates merge when later sequence receipt arrives first without a full refresh (0.564416ms)
✔ malformed applied transfer item cannot strip source slots or mark the view verified (0.082084ms)
✔ independent delete receipt still applies after a later unrelated create receipt (0.206958ms)
✔ complete but unknown applied source item is rejected before a transfer delta merge (0.108583ms)
✔ confirmed 23P01 rejection can be explicitly corrected with a new request identity (0.209459ms)
✔ confirmed 22023 rejection can be explicitly corrected with a new request identity (0.143916ms)
✔ uncertain response cannot be replaced or discarded and retries original immutable body/key (0.787916ms)
✔ corrected rejected head preserves queued newer edit and independent item draft (0.347708ms)
✔ discard confirmed rejected head advances queued latest edit while preserving independent pending item (0.285042ms)
✔ plan-copy receipt at equal sequence never replaces a newer operating reference or verifies it (0.167458ms)
✔ explicit editor revision receipt replay: existing=true, reload=false (6.664459ms)
✔ explicit editor revision receipt replay: existing=true, reload=true (1.580625ms)
✔ explicit editor revision receipt replay: existing=false, reload=false (2.542416ms)
✔ explicit editor revision receipt replay: existing=false, reload=true (0.979625ms)
✔ 501st item exact capacity rejection permits correction and discard (0.453917ms)
✔ 2001st slot exact capacity rejection permits correction and discard (0.306583ms)
✔ removed delete retains recovery descriptor timetable_stale (0.227334ms)
✔ removed delete retains recovery descriptor timetable_invalid (0.153625ms)
✔ successful but lost delete stays immutable and recoverable after reload with absent canonical item (0.40025ms)
✔ optimistically absent deletion renders usable stale controls (54.550084ms)
✔ optimistically absent deletion renders usable rejected controls (11.549709ms)
✔ optimistically absent deletion renders usable uncertain controls (6.215917ms)
✔ actual React StrictMode effect replay retains a live controller that loads and saves (50.471542ms)
✔ actor cleanup removes recovery for unmounted plans while keeping another actor (4.43775ms)
✔ actual plan switch keeps same-actor drafts through child unmount for provider logout cleanup (6.087917ms)
✔ teacher-weekly: move Monday alone across resource panel/column at identical time, preserve offset and all projections (0.95825ms)
✔ teacher-weekly: unplaced item drop creates one stable slot with target resource (0.07675ms)
✔ classroom-weekly: move Monday alone across resource panel/column at identical time, preserve offset and all projections (0.090125ms)
✔ classroom-weekly: unplaced item drop creates one stable slot with target resource (0.041167ms)
✔ daily-teacher: move Monday alone across resource panel/column at identical time, preserve offset and all projections (0.079542ms)
✔ daily-teacher: unplaced item drop creates one stable slot with target resource (0.045833ms)
✔ daily-classroom: move Monday alone across resource panel/column at identical time, preserve offset and all projections (0.062791ms)
✔ daily-classroom: unplaced item drop creates one stable slot with target resource (0.040833ms)
✔ shadow never produces move, resize or unplace commands (0.191166ms)
✔ exact typed minutes and midnight preserved, invalid overflow rejected (0.145625ms)
✔ empty presets build panels from IDs, duplicate names do not merge; overlap lanes retain every slot (4.771792ms)
✔ pointer cancel, Escape and capture-loss cannot commit; source/target panel identity counts as a move (0.236125ms)
✔ teacher-weekly: rendered empty-cell and drag-handle actions expose canonical coordinates, shadows have no handles (63.5695ms)
✔ classroom-weekly: rendered empty-cell and drag-handle actions expose canonical coordinates, shadows have no handles (23.107292ms)
✔ daily-teacher: rendered empty-cell and drag-handle actions expose canonical coordinates, shadows have no handles (7.692375ms)
✔ daily-classroom: rendered empty-cell and drag-handle actions expose canonical coordinates, shadows have no handles (7.098ms)
✔ hidden operating subjects still block changed placements, while name-only edits preserve existing conflicts (0.371583ms)
✔ empty resource catalogs produce no misleading day grids in any view (0.040583ms)
✔ rendered class-list selection uses item IDs, preserves hidden selections and excludes applied/shadows (20.155083ms)
✔ whole-item weekdays replace Mon/Wed with Tue/Thu in one command while preserving per-slot differences and pending draft (0.31675ms)
✔ whole teacher change is explicit and preserves differing slot times, lengths, rooms and IDs (0.063417ms)
✔ single-slot form edit and add-placement preserve the complete differing Wednesday sibling (0.328459ms)
✔ safe imported malformed placement is visible for repair without exposing unknown properties (0.0665ms)
✔ moveSlot changes one slot without mutating the original or its duration (0.542833ms)
✔ moveSlot rejects noninteger, invalid weekday, and crossing-midnight targets (0.186666ms)
✔ create: unknown receipt survives changed name (68.154041ms)
✔ create: unknown receipt survives changed name and dialog reopen (25.1095ms)
✔ clone: unknown receipt survives changed name (16.603083ms)
✔ clone: unknown receipt survives changed name and dialog reopen (20.957583ms)
✔ late share success cannot populate another actor/dialog (12.736125ms)
✔ late share failure cannot populate another actor/dialog (10.969667ms)
✔ late create success cannot change another actor's selection/dialog (14.824459ms)
✔ late create failure cannot change another actor's selection/dialog (14.006792ms)
✔ late share response cannot fill a newer dialog in the same actor scope (9.536083ms)
✔ conclusive picker validation rejection permits corrected intent; unrelated code/message remains immutable (24.085792ms)
✔ share receipt preserves later viewer-to-editor change for a separate confirmed-revision command (19.258625ms)
✔ share receipt preserves later revocation for a separate confirmed-revision command (21.137833ms)
✔ create: submitted immutable receipt survives full remount (9.559208ms)
✔ clone: submitted immutable receipt survives full remount (8.409125ms)
✔ rename: submitted immutable receipt survives full remount (9.411416ms)
✔ share: submitted immutable receipt survives full remount (7.498959ms)
✔ archive: submitted immutable receipt survives full remount (7.518667ms)
✔ restore: submitted immutable receipt survives full remount (7.404083ms)
✔ actor retirement purges pending metadata, picker list and recovery UI (6.955625ms)
✔ Storage SecurityError keeps the submitted immutable request in memory and warns before reload (7.58ms)
✔ plan revocation preserves unrelated submitted metadata (10.199667ms)
✔ plan revocation purges related submitted metadata (6.419791ms)
✔ one plan revocation preserves other plan submitted recovery and actor lifetime (0.452416ms)
✔ unrelated metadata remains while transfers targeting revoked plan are removed (0.095292ms)
✔ plan revocation tolerates unavailable storage (0.067084ms)
✔ uses canonical RPC arguments and forwards AbortSignal (0.828ms)
✔ rejects malformed snapshot and never reports synthetic empty success (0.283583ms)
✔ calls real transfer RPC names and requires atomic label metadata (0.294542ms)
✔ transfer result without labels or complete snapshot fails closed (1.123ms)
✔ minimal signals refresh selected plan or operating shadow; visible poll and focus recover missed events (0.643459ms)
✔ plan metadata mutation uses canonical command envelope (0.119583ms)
✔ transfer delta lacking full source metadata and dated reference is invalid (0.089333ms)
✔ transfer full snapshot must agree with receipt fingerprint and source plan (0.09675ms)
✔ transfer delta must include the returned class labels in its complete reference (0.101125ms)
✔ transfer applied items require complete source-plan applied shape and transfer identity (0.248625ms)
✔ actual makeup producer pair maps HTTP409 and actionable message: makeup_request_stale_status (0.760541ms)
✔ actual makeup producer pair maps HTTP409 and actionable message: makeup_request_source_changed (0.090875ms)
✔ actual makeup producer pair maps HTTP409 and actionable message: makeup_schedule_plan_stale (0.065208ms)
✔ actual makeup producer pair maps HTTP409 and actionable message: makeup_lesson_session_stale (0.062125ms)
✔ actual makeup producer pair maps HTTP409 and actionable message: makeup_room_collision (0.06975ms)
✔ actual makeup producer pair maps HTTP409 and actionable message: makeup_calendar_event_conflict (0.055917ms)
✔ actual makeup producer pair maps HTTP409 and actionable message: timetable_resource_conflict (0.054917ms)
✔ unknown P0001 is not silently conclusive; real40001 remains a database retry (0.085083ms)
✔ concurrency runner requires explicit isolated local transport (0.942375ms)
✔ real approval POST maps final producer errors through actual replay and response (163.270834ms)
✔ changed occupancy preserves exact ordered full-scope conflict results, including siblings and shadows (53.762334ms)
✔ selected item IDs and final copy/move effects are explicit (0.418708ms)
✔ unknown response retains byte-equivalent immutable command through new preview attempts and remount (2.0105ms)
✔ committed refresh failure retries only reads and never repeats promotion (0.120417ms)
✔ exact stale rejection permits explicit new selection preview and new key (0.124416ms)
✔ preview blockers prevent commit and exact rejection pairs exclude unrelated SQL failures (0.069916ms)
✔ late commit response from retired actor neither merges data nor invokes caches (0.088375ms)
✔ permission revocation immediately clears caller canonical data on preview and commit (1.367625ms)
✔ pending original JSON stays intact while labels show day time and resource names (6.11775ms)
✔ resolving one pending placement atomically adds a new slot and preserves siblings and remaining originals (0.572ms)
✔ pending without a weekday retains original resources and duration until a day is chosen (0.204167ms)
✔ pending known weekday survives missing time independently (0.11275ms)
✔ science metadata correction saves the chosen catalog key and preserves placement IDs (0.128209ms)
✔ preview sends exact canonical request with selected item IDs (1.370542ms)
✔ malformed or mismatched preview is never commit-ready (0.409584ms)
✔ malformed or mismatched preview is never commit-ready (0.098208ms)
✔ malformed or mismatched preview is never commit-ready (0.161ms)
✔ science choices come from the authenticated active catalog contract (0.637875ms)
ℹ tests 202
ℹ suites 0
ℹ pass 202
ℹ fail 0
ℹ cancelled 0
ℹ skipped 0
ℹ todo 0
ℹ duration_ms 4572.223417
