✔ timetable mode performs one range RPC and never reads curriculum detail sources (5.637875ms)
✔ timetable density branches are all-or-nothing and distinguish row from collection pressure (3.827834ms)
✔ every timetable density result is bound to the requested visible range (0.872916ms)
✔ curriculum mode applies every filter at the server and returns a 30 plus one keyset page (20.145458ms)
✔ curriculum detail is selection-driven and exact while stale continuation is rejected (0.604666ms)
✔ curriculum cursor scope is actor-bound before any database continuation (0.879041ms)
✔ curriculum continuation reuses first-page stats and facets without requesting recomputation (1.848667ms)
✔ null-period first page canonicalizes the resolved default before continuation (1.80875ms)
✔ continuation loading and last-good display are synchronously bound to the active scope (0.591792ms)
✔ curriculum CTA prioritizes missing sessions while textbook counts remain independent (0.208167ms)
✔ current-scope rendering requires data and display fingerprints to both match (0.08025ms)
✔ authenticated user and resolved dashboard role isolate every academic execution state (0.214459ms)
✔ academic scoped migration is invoker-only, authenticated-only, bounded and explicit (3.868625ms)
✔ academic SQL filters candidates before aggregates and keeps continuation metadata optional (1.388292ms)
✔ academic SQL resolves defaults once and uses canonical classroom and work-state semantics (2.506667ms)
✔ academic SQL returns the earliest exact unplanned session and an explicit detail class projection (1.326875ms)
✔ timetable support collections project only explicit scalar fields (1.555417ms)
✔ schedule-only page exposes one save and return action even for a legacy progress URL (457.469166ms)
✔ schedule-only return keeps an edited draft when the operator continues editing (226.370334ms)
✔ calendar: holiday cancellation and linked makeup on the same day are both named (201.685875ms)
✔ plan: same-class refreshed source preserves an authored draft (199.639667ms)
✔ plan: accepted save preserves input added while pending and failed re-read does not claim write failure (192.759459ms)
✔ normalized session: real save reaches the service once and preserves edits made while pending (272.261375ms)
✔ class-schedule: clean read, revert, protected close and confirmed destination (244.504ms)
✔ curriculum: clean read, revert, protected close and confirmed destination (211.051541ms)
✔ curriculum/lesson-design: clean read, revert, protected close and confirmed destination (209.066042ms)
✔ plan: submission then revert to old value remains dirty after accepted save; duplicate writes are blocked (176.176416ms)
✔ normalized session: unchanged/reverted draft is clean and accepted revision is reused (275.6475ms)
✔ normalized read: a loading read must never fall through to a legacy classes update (152.073333ms)
✔ plan: failed write retains its draft and a retry submits the current values (150.067167ms)
✔ actor: a late accepted save cannot replace the new actor draft or leave dirty protection enabled (144.233792ms)
✔ normalized session: accepted trimmed input becomes clean and later authoritative data replaces clean overrides (161.882833ms)
✔ normalized schedule: calendar opens authoritative session editing without creating a legacy draft (154.336583ms)
✔ normalized generation: a late preview from another month cannot authorize current-month creation (248.007791ms)
✔ normalized generation: preview and creation each reject same-turn duplicate clicks (153.699541ms)
✔ normalized generation previews dates without mutating saved sessions and disables an all-existing confirmation (149.861292ms)
✔ a retry reuses the action request key and its canonical defaults payload (1.609292ms)
✔ RPC errors are mapped to safe schedule action states (38.101125ms)
✔ generation preview sends only the bounded range and revision (11.97275ms)
✔ bounded reader deduplicates one range, aborts a prior class, and trusts the RPC authority result (2.254375ms)
✔ runtime-not-ready reloads legacy while other normalized read failures stay explicit (0.350625ms)
✔ normalized defaults preserve slot and catalog IDs through the five-column editor (0.880083ms)
✔ normalized defaults retain full comma-containing catalog names (0.142083ms)
✔ legacy schedule consumer retains per-slot teacher and room after normalized save projection (0.390333ms)
✔ projected mixed resource slots keep assigned and unassigned states in the legacy parser (0.179166ms)
✔ literal absence labels and former escape tokens remain assigned names (0.258375ms)
✔ normalized metadata writes omit schedule-owned legacy columns (0.207333ms)
✔ management service calls defaults, save, and initialization RPCs with revision and idempotency keys (16.946458ms)
✔ a missing defaults RPC keeps legacy class creation available (0.16775ms)
✔ actual bulk merged-row save resolves each class mode before status update (0.589084ms)
✔ actual bulk merged-row save resolves each class mode before name update (0.309417ms)
✔ bulk save fails closed if authoritative storage mode cannot be read (0.435084ms)
✔ touching intervals are free but one minute of overlap conflicts (1.207334ms)
✔ same item overlaps even with different resources and includes both resource reasons when shared (0.156542ms)
✔ each plan is independent, while every plan checks the same active shadow (0.121792ms)
✔ a source class is not exempt from its own live shadow (0.094ms)
✔ suggestions preserve resource IDs, selected weekday order and five minute sequence (0.360459ms)
✔ suggestions avoid shadows even for matching source class and return empty when none fit (0.100792ms)
✔ an unrelated preexisting conflict does not hide a safe new suggestion (0.076875ms)
✔ timetable panels expose per-panel high resolution image export (15.215334ms)
✔ timetable blocks expose structured hover details (8.468333ms)
✔ timetable panel headers show lesson count and weekly hours (9.13175ms)
✔ compact timetable blocks keep class names readable (12.7375ms)
✔ timetable reuses shared tabs and responsive filters without semester controls (0.9ms)
✔ selected teacher panels remain visible beyond the grid column count (0.745333ms)
✔ default panels include every available target when nothing is selected (0.069541ms)
✔ teacher timetable filters only academic teams for the selected subject (13.188959ms)
✔ precomputed timetable rows preserve the legacy workspace and grid model (0.719209ms)
✔ timetable workspace requests only its active mode and keeps dense recovery explicit (5.386041ms)
✔ weekly timetable panels fit all weekdays without horizontal scrolling (0.483ms)
✔ daily timetable panels keep horizontal scrolling for wider axis sets (0.237292ms)
✔ timetable ignores retired period scopes and keeps exactly three status choices (1.09975ms)
✔ comparison panels share a cropped axis without losing morning or late lessons (0.543792ms)
✔ operating retry retains request key and payload; refresh failure is committed (1.799208ms)
✔ operating conflict preserves inputs and separates true serialization failure (0.301459ms)
✔ date authority frees actual date but recurring plan still reserves weekly shadow (0.364584ms)
✔ dated exception and source-less legacy occupancy are additive and identify exact date (0.306584ms)
✔ period suggestions include dated reservations and never offer incomplete range (0.495291ms)
✔ actual management consumer uses atomic gateway and keeps retry key after lost response (0.878292ms)
✔ metadata-only UPDATE does not claim success for zero affected rows (0.372458ms)
✔ committed defaults and initialization retain a pending cache refresh receipt (0.236958ms)
✔ four views project the same stable Monday and Wednesday slot IDs (2.5425ms)
✔ resolveGridTarget uses cropped absolute minutes and only the view-owned resource (0.272208ms)
✔ resolveMovedGridTarget snaps the movement delta, preserving a 17:13 origin (1.969042ms)
✔ grid adapter rejects malformed weekday, coordinate, and time (1.051459ms)
✔ serializes two edits, retains newer intent across reverse responses and uses latest item revision (15.733542ms)
✔ ambiguous failure retries immutable request while newer draft stays queued (1.210542ms)
✔ refresh preserves local draft and stale shows latest server (0.424291ms)
✔ reload recovers submitted identity; actor or plan switch never exposes previous draft (3.016291ms)
✔ receipt replay cannot lower a newer snapshot item or restore old coordinates (0.5985ms)
✔ poll compares composite fingerprint even without plan sequence change (0.371166ms)
✔ transient reference failure preserves prior display but blocks another save (0.303958ms)
✔ permission revocation clears scoped snapshot and same-tab recovery (0.913667ms)
✔ undo is a new revision-checked inverse command (9.662375ms)
✔ undo refuses to rebase across a collaborator edit of the same item (1.777ms)
✔ item A stale does not stop independent item B save (6.184ms)
✔ explicit reapply uses latest revision and a new request key while retaining the local draft (0.361666ms)
✔ accept-server drops only the conflicted item draft (0.161583ms)
✔ late read and save permission failures from a retired epoch leave newly loaded state alone (0.264125ms)
✔ transfer delta applies source state and class labels atomically (0.994666ms)
✔ ambiguous save visible in refresh still replays original receipt key and body (0.876959ms)
✔ replayed old receipt cannot auto-send newer queued intent over collaborator revision (0.593625ms)
✔ late successful read from retired epoch cannot reopen old scope data (0.159584ms)
✔ older successful receipt cannot resurrect an item deleted in newer authoritative snapshot (0.280791ms)
✔ own-save signal before receipt still drains queued second edit (1.52825ms)
✔ paused retired controller rejects old action references and terminal destroy cannot resume (0.331625ms)
✔ independent creates merge when later sequence receipt arrives first without a full refresh (0.468542ms)
✔ malformed applied transfer item cannot strip source slots or mark the view verified (0.168916ms)
✔ independent delete receipt still applies after a later unrelated create receipt (0.462375ms)
✔ complete but unknown applied source item is rejected before a transfer delta merge (0.206792ms)
✔ confirmed 23P01 rejection can be explicitly corrected with a new request identity (0.455375ms)
✔ confirmed 22023 rejection can be explicitly corrected with a new request identity (0.34675ms)
✔ uncertain response cannot be replaced or discarded and retries original immutable body/key (1.802667ms)
✔ corrected rejected head preserves queued newer edit and independent item draft (0.808666ms)
✔ discard confirmed rejected head advances queued latest edit while preserving independent pending item (0.604125ms)
✔ plan-copy receipt at equal sequence never replaces a newer operating reference or verifies it (0.327083ms)
✔ explicit editor revision receipt replay: existing=true, reload=false (4.0085ms)
✔ explicit editor revision receipt replay: existing=true, reload=true (5.096208ms)
✔ explicit editor revision receipt replay: existing=false, reload=false (0.865166ms)
✔ explicit editor revision receipt replay: existing=false, reload=true (0.779083ms)
✔ 501st item exact capacity rejection permits correction and discard (0.457208ms)
✔ 2001st slot exact capacity rejection permits correction and discard (0.301792ms)
✔ removed delete retains recovery descriptor timetable_stale (0.217875ms)
✔ removed delete retains recovery descriptor timetable_invalid (0.148042ms)
✔ successful but lost delete stays immutable and recoverable after reload with absent canonical item (0.384375ms)
✔ optimistically absent deletion renders usable stale controls (50.731167ms)
✔ optimistically absent deletion renders usable rejected controls (14.5675ms)
✔ optimistically absent deletion renders usable uncertain controls (4.810125ms)
✔ actual React StrictMode effect replay retains a live controller that loads and saves (56.606208ms)
✔ actor cleanup removes recovery for unmounted plans while keeping another actor (4.465292ms)
✔ actual plan switch keeps same-actor drafts through child unmount for provider logout cleanup (12.663167ms)
✔ teacher-weekly: move Monday alone across resource panel/column at identical time, preserve offset and all projections (1.926583ms)
✔ teacher-weekly: unplaced item drop creates one stable slot with target resource (0.1685ms)
✔ classroom-weekly: move Monday alone across resource panel/column at identical time, preserve offset and all projections (0.174084ms)
✔ classroom-weekly: unplaced item drop creates one stable slot with target resource (0.08025ms)
✔ daily-teacher: move Monday alone across resource panel/column at identical time, preserve offset and all projections (0.149042ms)
✔ daily-teacher: unplaced item drop creates one stable slot with target resource (0.089583ms)
✔ daily-classroom: move Monday alone across resource panel/column at identical time, preserve offset and all projections (0.12675ms)
✔ daily-classroom: unplaced item drop creates one stable slot with target resource (0.08175ms)
✔ shadow never produces move, resize or unplace commands (0.374209ms)
✔ exact typed minutes and midnight preserved, invalid overflow rejected (0.29925ms)
✔ empty presets build panels from IDs, duplicate names do not merge; overlap lanes retain every slot (6.68375ms)
✔ pointer cancel, Escape and capture-loss cannot commit; source/target panel identity counts as a move (0.115333ms)
✔ teacher-weekly: rendered empty-cell and drag-handle actions expose canonical coordinates, shadows have no handles (73.720209ms)
✔ classroom-weekly: rendered empty-cell and drag-handle actions expose canonical coordinates, shadows have no handles (16.030542ms)
✔ daily-teacher: rendered empty-cell and drag-handle actions expose canonical coordinates, shadows have no handles (9.246625ms)
✔ daily-classroom: rendered empty-cell and drag-handle actions expose canonical coordinates, shadows have no handles (9.282792ms)
✔ hidden operating subjects still block changed placements, while name-only edits preserve existing conflicts (0.3755ms)
✔ empty resource catalogs produce no misleading day grids in any view (0.04275ms)
✔ rendered class-list selection uses item IDs, preserves hidden selections and excludes applied/shadows (21.079708ms)
✔ whole-item weekdays replace Mon/Wed with Tue/Thu in one command while preserving per-slot differences and pending draft (0.335458ms)
✔ whole teacher change is explicit and preserves differing slot times, lengths, rooms and IDs (0.068083ms)
✔ single-slot form edit and add-placement preserve the complete differing Wednesday sibling (0.386166ms)
✔ safe imported malformed placement is visible for repair without exposing unknown properties (0.081042ms)
✔ moveSlot changes one slot without mutating the original or its duration (1.135917ms)
✔ moveSlot rejects noninteger, invalid weekday, and crossing-midnight targets (3.095916ms)
✔ create: unknown receipt survives changed name (72.177042ms)
✔ create: unknown receipt survives changed name and dialog reopen (29.933583ms)
✔ clone: unknown receipt survives changed name (16.951833ms)
✔ clone: unknown receipt survives changed name and dialog reopen (24.925375ms)
✔ late share success cannot populate another actor/dialog (14.309333ms)
✔ late share failure cannot populate another actor/dialog (11.209792ms)
✔ late create success cannot change another actor's selection/dialog (13.680708ms)
✔ late create failure cannot change another actor's selection/dialog (14.176542ms)
✔ late share response cannot fill a newer dialog in the same actor scope (15.94025ms)
✔ conclusive picker validation rejection permits corrected intent; unrelated code/message remains immutable (23.351834ms)
✔ share receipt preserves later viewer-to-editor change for a separate confirmed-revision command (19.482916ms)
✔ share receipt preserves later revocation for a separate confirmed-revision command (24.977208ms)
✔ create: submitted immutable receipt survives full remount (10.135875ms)
✔ clone: submitted immutable receipt survives full remount (7.856667ms)
✔ rename: submitted immutable receipt survives full remount (7.421833ms)
✔ share: submitted immutable receipt survives full remount (6.759375ms)
✔ archive: submitted immutable receipt survives full remount (6.732333ms)
✔ restore: submitted immutable receipt survives full remount (5.033792ms)
✔ actor retirement purges pending metadata, picker list and recovery UI (5.497458ms)
✔ Storage SecurityError keeps the submitted immutable request in memory and warns before reload (6.626333ms)
✔ plan revocation preserves unrelated submitted metadata (11.907166ms)
✔ plan revocation purges related submitted metadata (4.945708ms)
✔ one plan revocation preserves other plan submitted recovery and actor lifetime (0.925916ms)
✔ unrelated metadata remains while transfers targeting revoked plan are removed (0.222167ms)
✔ plan revocation tolerates unavailable storage (0.161542ms)
✔ uses canonical RPC arguments and forwards AbortSignal (1.594166ms)
✔ rejects malformed snapshot and never reports synthetic empty success (0.375333ms)
✔ calls real transfer RPC names and requires atomic label metadata (0.225417ms)
✔ transfer result without labels or complete snapshot fails closed (0.7425ms)
✔ minimal signals refresh selected plan or operating shadow; visible poll and focus recover missed events (0.270292ms)
✔ plan metadata mutation uses canonical command envelope (0.105375ms)
✔ transfer delta lacking full source metadata and dated reference is invalid (0.080958ms)
✔ transfer full snapshot must agree with receipt fingerprint and source plan (0.09875ms)
✔ transfer delta must include the returned class labels in its complete reference (0.106375ms)
✔ transfer applied items require complete source-plan applied shape and transfer identity (0.275875ms)
✔ actual makeup producer pair maps HTTP409 and actionable message: makeup_request_stale_status (3.236875ms)
✔ actual makeup producer pair maps HTTP409 and actionable message: makeup_request_source_changed (0.156291ms)
✔ actual makeup producer pair maps HTTP409 and actionable message: makeup_schedule_plan_stale (0.485791ms)
✔ actual makeup producer pair maps HTTP409 and actionable message: makeup_lesson_session_stale (0.105625ms)
✔ actual makeup producer pair maps HTTP409 and actionable message: makeup_room_collision (0.079459ms)
✔ actual makeup producer pair maps HTTP409 and actionable message: makeup_calendar_event_conflict (0.065292ms)
✔ actual makeup producer pair maps HTTP409 and actionable message: timetable_resource_conflict (0.062959ms)
✔ unknown P0001 is not silently conclusive; real40001 remains a database retry (0.114584ms)
✔ concurrency runner requires explicit isolated local transport (1.060666ms)
✔ real approval POST maps final producer errors through actual replay and response (200.351125ms)
✔ changed occupancy preserves exact ordered full-scope conflict results, including siblings and shadows (42.974166ms)
✔ selected item IDs and final copy/move effects are explicit (1.037917ms)
✔ unknown response retains byte-equivalent immutable command through new preview attempts and remount (3.065417ms)
✔ committed refresh failure retries only reads and never repeats promotion (0.136917ms)
✔ exact stale rejection permits explicit new selection preview and new key (0.145208ms)
✔ preview blockers prevent commit and exact rejection pairs exclude unrelated SQL failures (0.079625ms)
✔ late commit response from retired actor neither merges data nor invokes caches (0.086584ms)
✔ permission revocation immediately clears caller canonical data on preview and commit (0.112042ms)
✔ pending original JSON stays intact while labels show day time and resource names (11.4705ms)
✔ resolving one pending placement atomically adds a new slot and preserves siblings and remaining originals (0.799834ms)
✔ pending without a weekday retains original resources and duration until a day is chosen (0.199167ms)
✔ pending known weekday survives missing time independently (0.114375ms)
✔ science metadata correction saves the chosen catalog key and preserves placement IDs (0.114375ms)
✔ preview sends exact canonical request with selected item IDs (1.513334ms)
✔ malformed or mismatched preview is never commit-ready (0.208209ms)
✔ malformed or mismatched preview is never commit-ready (0.056875ms)
✔ malformed or mismatched preview is never commit-ready (0.061958ms)
✔ science choices come from the authenticated active catalog contract (5.403291ms)
ℹ tests 219
ℹ suites 0
ℹ pass 219
ℹ fail 0
ℹ cancelled 0
ℹ skipped 0
ℹ todo 0
ℹ duration_ms 4791.105791
