✔ operational SQL guard rejects periodic notification workers, heartbeat writes, raw receipts, and broad cron removal (3.656708ms)
✔ final reminder claim migration does not reintroduce heartbeat writes (5.939584ms)
✔ operational SQL guard permits runtime function definitions, exact unschedule, and bounded receipt metadata (0.3555ms)
✔ operational SQL guard inspects executable DO bodies and periodic cron inside function definitions (0.203041ms)
✔ periodic cron detection accepts dollar-quoted cadence but ignores cron text inside string literals (0.159833ms)
✔ balanced SQL parsing ignores parentheses inside line and block comments (0.2385ms)
✔ cron parsing covers quoted identifiers and PostgreSQL escape-string cadence (0.1735ms)
✔ operational receipt tables reject generic raw PII column spellings (0.1095ms)
✔ operational receipt matching checks column identifiers rather than constraint literal values (0.11475ms)
✔ wrapper delegates list contracts to the shared query-surface verifier (191.26175ms)
✔ shared query verifier keeps an exact-ID detail read outside list pagination rules (163.867209ms)
✔ unchanged historical migration violations are outside the candidate diff (172.599792ms)
✔ a touched legacy migration requires an exact baseline-bound checksum exception (291.148375ms)
✔ a checksum exception cannot survive executable SQL changes after comment-like string content (182.801083ms)
✔ approved exception vocabulary and built-in exception ledger are immutable and test-visible (0.106958ms)
Switched to a new branch 'unrelated'
✔ CLI rejects incomplete, mixed, malformed, and disconnected revision modes (728.169041ms)
Switched to a new branch 'base-side'
Switched to a new branch 'head-side'
✔ CI uses the merge-base and --base HEAD worktree mode includes committed, index, unstaged, and untracked changes (347.4655ms)
✔ saving a class as closed commits metadata and the existing roster close through one gateway (0.955625ms)
✔ legacy class archive entry point also uses the atomic close RPC (0.128666ms)
✔ an ambiguous class close retry reuses the same request key (0.218875ms)
✔ a post-close cache refresh retry replays the committed request key (0.119958ms)
✔ a successful close keeps its receipt key for an outer workflow retry (0.08675ms)
✔ the detail save flow does not rewrite removed period group memberships (12.024833ms)
✔ class creation commits any explicit group memberships through one atomic RPC (20.934083ms)
✔ class creation accepts no period and sends an empty group list through the same atomic RPC (0.230584ms)
✔ explicit class group replacement continues to use the atomic membership RPC (0.147125ms)
✔ class creation surfaces a failed response without starting a second write (0.197791ms)
✔ normalized defaults preserve slot and catalog IDs through the five-column editor (1.283875ms)
✔ normalized defaults retain full comma-containing catalog names (0.233333ms)
✔ legacy schedule consumer retains per-slot teacher and room after normalized save projection (0.728875ms)
✔ projected mixed resource slots keep assigned and unassigned states in the legacy parser (0.350584ms)
✔ literal absence labels and former escape tokens remain assigned names (0.290041ms)
✔ normalized metadata writes omit schedule-owned legacy columns (0.343791ms)
✔ management service calls defaults, save, and initialization RPCs with revision and idempotency keys (18.265208ms)
✔ a missing defaults RPC keeps legacy class creation available (0.111417ms)
✔ actual bulk merged-row save resolves each class mode before status update (0.391125ms)
✔ actual bulk merged-row save resolves each class mode before name update (0.177334ms)
✔ bulk save fails closed if authoritative storage mode cannot be read (0.218958ms)
✔ ready management roster assignment returns only the committed atomic RPC projection (2.846417ms)
✔ ready management roster rejects an incomplete or mismatched committed projection (2.3335ms)
✔ maintenance management roster controls fail closed before any table or RPC write (0.184958ms)
✔ ready management roster removal returns the committed removed projection (0.130958ms)
✔ a missing ready management roster RPC invalidates readiness instead of falling back (0.12325ms)
✔ ready student and class saves strip canonical roster fields and direct student status (14.702708ms)
✔ student physical deletion checks reverse roster links and immutable history (1.011792ms)
✔ teacher catalog saves ignore unchanged rows before audit-triggering upserts (0.362125ms)
✔ teacher catalog saves do not update linked profiles when profile fields are unchanged (0.63775ms)
✔ student upserts retry without optional counseling fields when the live schema is stale (0.452625ms)
✔ class metadata updates retry without optional class type while preserving operation fields (0.534791ms)
✔ student class relation changes update only canonical roster arrays (0.488ms)
✔ student class relation changes roll back the student side if the class write fails (0.357709ms)
✔ an exact-ID non-returning delete uses mutation request controls, not list pagination (6.941833ms)
✔ delete recognition does not exempt broader writes, returning reads, or ordinary ID-filtered lists (1.844958ms)
✔ a final explicit root limit bounds a dynamic range without accepting unsafe overrides (6.763875ms)
✔ installed PostgREST transport confirms that the last root range or limit controls the request cap (9.716709ms)
✔ query budget verifier identifies a new list select-star by exact file, symbol, and reason (149.707042ms)
✔ query budget verifier rejects an over-budget list limit (132.795083ms)
✔ query budget verifier inspects manifest-listed symbols even when their names do not look like list paths (142.673208ms)
✔ query budget verifier resolves local projection and limit constants without relying on a list-like symbol name (137.081292ms)
✔ manifest-listed list symbols reject an opaque projection expression (133.567208ms)
✔ manifest-listed list symbols reject an opaque limit expression (132.701917ms)
✔ manifest-listed list symbols reject a computed query entrypoint (143.433625ms)
✔ query budget rejects a second occurrence of the same legacy violation (144.825583ms)
✔ an unchanged legacy chain is outside the diff candidate set when a safe neighbor is added (140.785042ms)
✔ manifest occurrence fingerprints must match their own baseline source (145.885375ms)
✔ all direct owned-surface query chains are inspected even without a list marker (138.362834ms)
✔ query controls are enforced per request chain rather than borrowed from a neighboring request (130.640333ms)
✔ query extraction covers module prefixes and single-parameter arrow functions (132.174041ms)
✔ nonliteral optional computed query entrypoints are rejected outside manifest-listed symbols (135.791125ms)
✔ manifest-listed list symbols inspect direct queries even when no page limit is present (128.042625ms)
✔ manifest-listed list symbols reject nonliteral and optional computed query entrypoints (117.922709ms)
✔ statically resolved explicit list projection and page limit remain allowed (122.763584ms)
✔ exact-key single-row and ordered bounded range query chains are explicit list-limit exemptions (123.810625ms)
✔ query budget rejects direct RPC query chains without an explicit page limit (121.901375ms)
✔ query budget allows the exact task stats scalar RPC without a page limit (116.948916ms)
✔ query budget allows the exact atomic class-close scalar RPC with bounded request controls (118.507083ms)
✔ query budget allows exact operations scalar and internally bounded catalog RPCs (134.115042ms)
✔ query budget reports an RPC without an argument envelope instead of throwing (120.08325ms)
✔ query budget rejects wildcard fields with whitespace or mixed projections (116.625333ms)
✔ statically resolved bounded RPC page arguments remain allowed (122.348417ms)
✔ query budget verifier rejects an RPC page limit over 30 (130.957291ms)
✔ query budget verifier rejects list requests without timeout and no-retry protections (124.168375ms)
✔ query budget verifier rejects task child list fan-out by task IDs (124.827083ms)
✔ query budget worktree mode includes unstaged source additions (84.420458ms)
✔ legacy query debt is an exact literal manifest and not a wildcard exception (0.424792ms)
✔ default legacy query debt fingerprints bind their baseline source occurrences (2855.035875ms)
✔ only the three named legacy public compatibility projections are unpaged (0.507084ms)
✔ public compatibility exemptions reject substituted tables and projections (0.25275ms)
✔ public compatibility exemptions reject aliases and appended predicates (0.297625ms)
✔ public compatibility exemptions reject a stored query builder (0.25575ms)
✔ public compatibility exemptions reject optional chaining anywhere in a direct chain (0.234542ms)
✔ the cache invalidation role RPC is an exact scalar RPC, not a pageable list (0.096958ms)
✔ query budget verifier fails closed for an unknown surface (0.069375ms)
✔ query budget CLI requires exactly one CI or worktree mode (3076.376417ms)
✔ query budget compares a changed real legacy task source against its baseline delta (4653.346833ms)
✔ registration detail debt manifest permits only the exact baseline query occurrences (1226.72525ms)
✔ receiver-aware query analysis accepts Supabase aliases, optional calls, multiline reassignment, and nested projections (122.800834ms)
✔ receiver-aware query analysis rejects nonliteral methods and unprovable Supabase-like receivers (122.1335ms)
✔ receiver-aware query analysis fails closed for an unprovable bare from request while ignoring Array.from (126.785958ms)
✔ manifest is the sole legacy-debt allowance for a touched query chain (251.429083ms)
✔ an unmanifested legacy finding fails when its query chain is touched (122.938792ms)
✔ list contracts require an exact timeout call, deterministic order, and exact-key detail predicate (127.036583ms)
✔ list contracts accept caller cancellation only when every path retains the exact timeout bound (125.626208ms)
✔ list contracts fail closed for opaque abort helper calls without crashing (124.384084ms)
✔ list contracts reject combined cancellation when the exact timeout bound is not provable (125.990125ms)
✔ immutable abort aliases retain bounded deadlines through lexical chains and every conditional branch (0.877583ms)
✔ immutable abort aliases resolve outer numeric timeout constants by declaration identity (0.184542ms)
✔ immutable abort numeric aliases cannot borrow outer constants or evaluate unsupported expressions (0.964125ms)
✔ immutable abort alias dependency-only edits still recheck the unchanged query function (634.106541ms)
✔ immutable abort dependency checks preserve unchanged raw legacy debt on unrelated module edits (249.934208ms)
✔ immutable abort aliases fail closed for unsafe bindings, writes, cycles and partial timeout paths (1.648792ms)
✔ immutable abort aliases never borrow a timeout from a shadowed or out-of-scope binding (0.62925ms)
✔ immutable abort aliases reject unsupported bindings that shadow the native AbortSignal (0.493667ms)
✔ immutable abort aliases treat class static blocks as independent var scopes (1.061917ms)
✔ numbered RPC contract accepts only its strict server-validated page-size envelope (0.317958ms)
✔ numbered RPC contract rejects known invalid sizes and unsafe parameter envelopes (1.103542ms)
✔ numbered RPC contract is separate from scalar RPCs and cannot relax unrelated list RPCs (0.213167ms)
✔ actual management services and hook retain verified timeout and pagination contracts (41.12725ms)
✔ task numbered RPC allows only its proven strict 10/15/20 contract (0.933292ms)
✔ actual task numbered service retains timeout, retry and bounded RPC contracts (3.06925ms)
✔ secondary numbered RPCs allow only the final-SQL-proven 10/15/20 contracts (1.845125ms)
✔ secondary numbered production adapters retain bounded parameters and union cancellation (8.976125ms)
✔ makeup numbered RPC permits only final-proven sizes and exact detail/reservation contexts (0.854042ms)
✔ actual makeup numbered adapter keeps bounded literal RPCs and cancellation (3.388667ms)
✔ textbook numbered RPCs permit only final-proven sizes and exact purpose-specific contexts (4.012375ms)
✔ actual textbook numbered adapter keeps all seventeen literal contracts and cancellation (35.293666ms)
✔ closing work reads have exactly two numbered and seven purpose-complete contracts (49.317083ms)
✔ ordered exact-key details and nested projections without wildcards remain allowed (134.13ms)
✔ deletion-only query-control diffs recheck every chain in the affected function (606.03375ms)
✔ constant dependency changes recheck every chain in the affected function (284.263875ms)
✔ root list controls do not accept foreign-table controls and require an id tie break (278.42475ms)
✔ detail predicates and effective final abort and retry controls are fail-closed (148.321542ms)
✔ a stale manifest fingerprint cannot grandfather a reintroduced query debt (191.198125ms)
✔ an occurrence-bound manifest debt rejects the same query moved within its symbol (144.523625ms)
✔ an occurrence-bound manifest debt rejects the same query moved before its predecessor (148.058209ms)
✔ an occurrence-bound manifest debt permits a harmless predecessor insertion (157.1115ms)
✔ a permitted predecessor insertion remains valid as the next diff baseline (366.812375ms)
✔ root controls fail closed for spread, shorthand, and aliased relation options (327.6525ms)
✔ shared query builders create separate immutable request branches (173.666958ms)
✔ mutable constants and RPC argument spreads are unresolved (492.398916ms)
✔ task fan-out rejects any nonliteral task_id membership list (168.796875ms)
✔ detail requests reject void and statically invalid id values (167.887625ms)
✔ conditional builder writes fail closed instead of lending controls to the final query (155.941666ms)
✔ shadowed bindings and object property mutations are unresolved (332.716584ms)
✔ bound Supabase from and rpc aliases remain inspected query entry points (147.388875ms)
✔ Reflect.apply and bound RPC entry points cannot bypass continuous-schedule mutation safety (327.209167ms)
✔ RPC aliases assigned after declaration remain inspected (141.89925ms)
✔ bound RPC aliases assigned after declaration remain inspected (150.529416ms)
✔ Function.call RPC entry points cannot bypass request controls (140.027166ms)
✔ Function.apply RPC entry points cannot bypass request controls (139.927458ms)
✔ RPC names prebound with Function.bind cannot bypass request controls (151.628166ms)
✔ computed and destructured RPC aliases remain inspected (144.947666ms)
✔ direct literal mutation RPCs with exact request controls remain allowed (133.412208ms)
✔ destructuring assignment RPC aliases cannot bypass mutation safety (133.054ms)
✔ computed destructuring assignment RPC aliases cannot bypass mutation safety (144.60125ms)
✔ dynamic computed assignment aliases fail closed (271.757459ms)
✔ Reflect.apply aliases assigned after declaration cannot bypass mutation safety (180.223917ms)
✔ equivalent trusted receiver aliases preserve bound RPC provenance (148.4835ms)
✔ a definite non-query overwrite clears earlier RPC alias provenance (143.283ms)
✔ alias provenance is use-position ordered and conditional assignment fails closed (302.833ms)
✔ direct bounded list and mutation RPC calls remain accepted (295.779083ms)
✔ Function method aliases cannot bypass mutation request controls (149.878666ms)
✔ detached RPC aliases, Reflect.apply aliases, and inline binding cannot bypass mutation safety (141.413459ms)
✔ mutable, derived, destructured, and computed RPC invocation aliases fail closed (135.815458ms)
✔ single-class creation is nonpageable but still requires deadline and no-retry controls (443.282792ms)
✔ exact continuous-schedule mutation RPCs require and accept the bounded request controls (131.722959ms)
✔ task_id membership rejects literal arrays while exact task_id details remain allowed (259.466333ms)
✔ query builder aliases preserve unsafe branch mutations (121.354541ms)
✔ bound query entry aliases remain known after alias assignment (119.0945ms)
✔ task in columns resolve constants and bound operations fail closed when unknown (253.0165ms)
✔ bound operation aliases propagate through immutable assignments (131.174333ms)
✔ conditional bound RPC aliases compare prebound argument values (146.593333ms)
✔ semantically identical conditional bound RPC aliases remain resolvable (205.1475ms)
✔ occurrence-bound debt rejects a query moved across control-flow branches (167.263333ms)
✔ Function prototype call and apply bindings cannot bypass RPC request controls (130.795833ms)
✔ shadowed RPC aliases keep provenance attached to their declarations (143.466125ms)
✔ block-local RPC provenance does not escape its lexical declaration (132.883041ms)
✔ a bound RPC with an unresolved receiver fails closed at invocation (130.136792ms)
✔ conditional-expression RPC aliases merge identical provenance and fail closed when either branch is unknown (273.003542ms)
✔ aliased Function prototype call and apply methods remain tracked through a later bind (138.477416ms)
✔ var aliases use function scope while receiver provenance uses the assignment lexical scope (279.898583ms)
✔ repeated var RPC declarations share one function-scoped provenance binding (533.384291ms)
✔ occurrence identity distinguishes identical control-flow siblings and ignores unrelated insertion (268.5555ms)
✔ occurrence identity distinguishes structurally identical standalone block siblings (560.596542ms)
✔ registration exact-purpose RPCs retain transport controls and do not allow arbitrary RPC names (1.748833ms)
✔ registration history and cancellations are numbered pages with strict server-proven sizes (1.182916ms)
✔ a selected Google Chat connection uses only its exact channel primary key (0.612625ms)
✔ actual registration adapters expose bounded literal queries without source-wide exceptions (16.54525ms)
✔ JSX array rendering is not parsed as a database query, while real JSX queries remain checked (0.669166ms)
✔ timetable pages require a literal bounded page size and retain transport controls (0.483083ms)
✔ timetable purpose-complete contexts do not exempt unknown names or missing transport bounds (1.627334ms)
✔ permission save uses a bounded single-row fallback when the account link column is absent (0.989542ms)
✔ permission save retries the actual profile after network despite an unchanged catalog (0.640125ms)
✔ permission save retries the actual profile after empty despite an unchanged catalog (0.149ms)
✔ permission save retries the actual profile after unchanged despite an unchanged catalog (0.134333ms)
✔ operating retry retains request key and payload; refresh failure is committed (0.783917ms)
✔ operating conflict preserves inputs and separates true serialization failure (0.114458ms)
✔ date authority frees actual date but recurring plan still reserves weekly shadow (0.178667ms)
✔ dated exception and source-less legacy occupancy are additive and identify exact date (0.085208ms)
✔ period suggestions include dated reservations and never offer incomplete range (0.185667ms)
✔ actual management consumer uses atomic gateway and keeps retry key after lost response (0.501125ms)
✔ metadata-only UPDATE does not claim success for zero affected rows (0.207125ms)
✔ committed defaults and initialization retain a pending cache refresh receipt (0.173834ms)
✔ uses canonical RPC arguments and forwards AbortSignal (1.042ms)
✔ rejects malformed snapshot and never reports synthetic empty success (0.203167ms)
✔ calls real transfer RPC names and requires atomic label metadata (1.295375ms)
✔ transfer result without labels or complete snapshot fails closed (0.452417ms)
✔ minimal signals refresh selected plan or operating shadow; visible poll and focus recover missed events (0.535625ms)
✔ plan metadata mutation uses canonical command envelope (0.234792ms)
✔ transfer delta lacking full source metadata and dated reference is invalid (0.206666ms)
✔ transfer full snapshot must agree with receipt fingerprint and source plan (0.292042ms)
✔ transfer delta must include the returned class labels in its complete reference (0.311458ms)
✔ transfer applied items require complete source-plan applied shape and transfer identity (0.538458ms)
✔ actual makeup producer pair maps HTTP409 and actionable message: makeup_request_stale_status (0.370792ms)
✔ actual makeup producer pair maps HTTP409 and actionable message: makeup_request_source_changed (0.04025ms)
✔ actual makeup producer pair maps HTTP409 and actionable message: makeup_schedule_plan_stale (0.031875ms)
✔ actual makeup producer pair maps HTTP409 and actionable message: makeup_lesson_session_stale (0.029583ms)
✔ actual makeup producer pair maps HTTP409 and actionable message: makeup_room_collision (0.034042ms)
✔ actual makeup producer pair maps HTTP409 and actionable message: makeup_calendar_event_conflict (0.024584ms)
✔ actual makeup producer pair maps HTTP409 and actionable message: timetable_resource_conflict (0.029667ms)
✔ unknown P0001 is not silently conclusive; real40001 remains a database retry (0.040125ms)
✔ concurrency runner requires explicit isolated local transport (0.682084ms)
✔ real approval POST maps final producer errors through actual replay and response (109.993083ms)
✔ changed occupancy preserves exact ordered full-scope conflict results, including siblings and shadows (28.392166ms)
✔ preview sends exact canonical request with selected item IDs (0.773583ms)
✔ malformed or mismatched preview is never commit-ready (0.192584ms)
✔ malformed or mismatched preview is never commit-ready (0.055167ms)
✔ malformed or mismatched preview is never commit-ready (0.068334ms)
✔ science choices come from the authenticated active catalog contract (0.516833ms)
ℹ tests 229
ℹ suites 0
ℹ pass 229
ℹ fail 0
ℹ cancelled 0
ℹ skipped 0
ℹ todo 0
ℹ duration_ms 30476.945291
