✔ class student rosters never use raw UUIDs as display names (3.544625ms)
✔ management roster writes are readiness-gated and use the atomic roster RPC (7.553459ms)
✔ class management accepts legacy class detail tab URLs without rendering detail tabs (3.878375ms)
✔ class management keeps progress out while allowing direct textbook links in the detail dialog (6.431542ms)
✔ management pickers share labeled compact filter surfaces and textbook candidates omit publisher pills (1.384166ms)
✔ student class picker shows class subject metadata through the shared combobox (0.814041ms)
✔ student class picker narrows by subject first and grade second (1.050334ms)
✔ class student picker narrows by grade first and school second (0.94575ms)
✔ class textbook picker follows subject-detail then school-grade order and matches the roster selector surface (1.1995ms)
✔ curriculum session summaries preserve per-textbook ranges for official class details (1.643625ms)
✔ class detail ignores lesson-design section targets owned by curriculum planning (1.271834ms)
✔ class detail tab changes preserve only student row targets (0.928ms)
✔ class management detail no longer owns lesson-design navigation (0.624083ms)
✔ class student detail tab shows operational roster context and waitlist promotion (1.933375ms)
✔ class roster student names confirm before opening student detail (1.404875ms)
✔ class detail first screen omits counseling surfaces delegated to MakeEdu (1.107208ms)
✔ class detail shows basic information and student management in one continuous screen (0.602375ms)
✔ class detail close ignores stale classId route state until the URL is cleared (0.699541ms)
✔ student detail close ignores stale studentId route state until the URL is cleared (0.735833ms)
✔ class management no longer renders schedule detail content (0.906958ms)
✔ class management shares curriculum summary data without dashboard warning strips (1.699042ms)
✔ class save failure makes preserved data explicit (1.836375ms)
✔ class management does not route student issues into dashboard counseling (0.910958ms)
✔ class student roster still focuses requested student rows (0.596708ms)
✔ class student add control uses one picker and confirms direct enrolled or waitlist actions (0.985459ms)
✔ class detail no longer renders operational warning panels (0.768ms)
✔ class detail shares one reachable save area across desktop and mobile (1.546334ms)
✔ class official detail dialog stacks above sticky database headers (0.747083ms)
✔ class detail summary replaces the visible dialog title and keeps close action sticky (0.788542ms)
✔ class management database keeps list filters in the URL for cross-view returns (0.685375ms)
✔ class official summary removes redundant identity and state badges (2.067584ms)
✔ class database groups matching schedule times and stacks multi-value resources (0.480959ms)
✔ class official summary roster count jumps to the student roster section (0.656417ms)
✔ class detail basic fields use the requested operator order (1.35125ms)
✔ class detail basic section uses structured schedule slots instead of free-text teacher time room fields (0.782875ms)
✔ class schedule slot editor keeps blank added rows and uses the makeup time picker pattern (1.383375ms)
✔ class tuition field edits in ten-thousand won units (10.593458ms)
✔ class capacity uses the same compact stepper pattern as tuition (0.665542ms)
✔ class roster uses explicit enrollment labels (0.931625ms)
✔ class schedule add copies the previous row and advances only the day (1.865709ms)
✔ class schedule rows keep all five input columns equal to prevent overlap (1.790667ms)
✔ class schedule parser does not treat classroom aliases as teachers (0.991ms)
✔ class schedule classroom choices are narrowed by the selected subject (0.854792ms)
✔ class official summary hides active textbook progress status (0.565875ms)
✔ class official summary omits repeated schedule teacher and classroom details (1.598833ms)
✔ class official summary hides next lesson and current session context (1.10075ms)
✔ class official summary omits the counseling decision strip (0.726459ms)
✔ class management ends classes through the status field and keeps audit data off the detail surface (2.164ms)
✔ class counseling view is not rendered in the dashboard (1.3835ms)
✔ class records use curriculum textbook count when class textbook ids are missing (0.41475ms)
✔ class detail hides the official class type from dashboard editing surfaces (2.772375ms)
✔ class teacher choices are narrowed by the selected subject (2.031ms)
✔ student recent issues stay out of dashboard class counseling surfaces (1.63875ms)
✔ class roster search keeps membership counts and drafts while filtering enrolled and waiting students (514.111ms)
✔ class save failure appears once beside save, retains the draft, and retries the same intent (228.274125ms)
✔ current class loads normalized schedule and saves its own revision and slots (154.563583ms)
✔ normalized schedule rejects same-tick duplicate saves for one class and releases it on failure (159.447708ms)
✔ normalized schedule locks the class across reopening and keeps independent classes writable (262.316333ms)
✔ autofocused student create form returns to its opening button after discarding (228.497959ms)
✔ dirty student close keeps the draft until explicit discard and restores focus after continuing (187.624291ms)
✔ unchanged and trim-equivalent student drafts close without confirmation (118.684833ms)
✔ dirty student return navigation waits for discard and keeps the draft after cancelling (142.497167ms)
✔ opening and closing a detail records its URL immediately while preserving list context (113.974417ms)
✔ same-document Back and Forward stop before route restoration and require a fresh decision (144.479917ms)
✔ captured in-app links share the dirty confirmation but modifier clicks remain independent (128.604ms)
✔ application-wide command navigation uses the same draft decision and releases on unmount (187.318375ms)
✔ a failed save keeps discard protection and a successful retry accepts only its submitted draft (208.763916ms)
✔ edits typed during an accepted save remain protected as a newer draft (137.365125ms)
✔ pending save coverage belongs to its original detail lifetime, including reopening the same student (136.201375ms)
✔ pending save coverage preserves later student edits, including reverting to 새로운 후속 입력 (146.651417ms)
✔ pending save coverage preserves later student edits, including reverting to 김학생 (153.534541ms)
✔ pending save coverage locks student creation fields and restores them after failure (151.257666ms)
✔ pending save coverage locks classes creation controls while preserving exit (160.487ms)
✔ pending save coverage locks textbooks creation controls while preserving exit (125.249583ms)
✔ class creation protects free-text schedule drafts before their values can be normalized (149.877917ms)
✔ pending save coverage never includes a dirty form in a relation mutation (127.361333ms)
✔ pending save coverage does not follow a normalized schedule into a reopened class (193.951792ms)
✔ pending save coverage for only a normalized schedule leaves class fields protected (150.489709ms)
✔ pending save coverage preserves later schedule edits, including reverting to 19:00 (239.423916ms)
✔ pending save coverage preserves later schedule edits, including reverting to 17:00 (153.923166ms)
✔ pending save coverage for class fields excludes its unsaved normalized schedule (147.810958ms)
✔ pending save coverage combines separately submitted class fields and schedule (148.534458ms)
✔ pending save coverage compares legacy schedule submissions canonically (161.082416ms)
✔ untouched normalized defaults do not become a dirty form after asynchronous normalization (124.739333ms)
✔ normalized schedule saving clears only the schedule draft, preserving unsaved class fields (219.98ms)
✔ saving only the normalized schedule permits a clean close (161.158083ms)
✔ saving class information does not clear an unsaved normalized schedule (177.174584ms)
✔ legacy schedule drafts compare canonical slots and accept a completed general save (208.902834ms)
✔ new student drafts require explicit discard while untouched creation can close (134.35675ms)
✔ late student 저장 success cannot replace the next detail or publish its status (132.615541ms)
✔ late student 저장 failure cannot replace the next detail or publish its status (178.474292ms)
✔ late student 대기 전환 success cannot replace the next detail or publish its status (181.61625ms)
✔ late student 대기 전환 failure cannot replace the next detail or publish its status (127.118416ms)
✔ late student 수강 해제 success cannot replace the next detail or publish its status (124.84275ms)
✔ late student 수강 해제 failure cannot replace the next detail or publish its status (127.402833ms)
✔ late create success cannot close a new detail or publish its status (126.746666ms)
✔ late create failure cannot close a new detail or publish its status (131.489291ms)
✔ reopening the same student isolates its new draft from the previous save (183.429084ms)
✔ closing during the saved row refresh prevents publication into the next detail (171.694709ms)
✔ late relation addition keeps the new detail's relation candidate intact (146.945167ms)
✔ late class initialization create finishes its write without closing the next detail (145.49775ms)
✔ late class initialization retry finishes its write without closing the next detail (181.748083ms)
✔ class creation stops follow-up RPCs after account during create (124.394708ms)
✔ class creation stops follow-up RPCs after role during create (118.028834ms)
✔ class creation stops follow-up RPCs after logout during create (159.664916ms)
✔ class creation stops follow-up RPCs after unmount during create (152.489542ms)
✔ class creation stops follow-up RPCs after account during defaults (138.883708ms)
✔ class creation stops follow-up RPCs after role during defaults (122.593375ms)
✔ class creation stops follow-up RPCs after logout during defaults (139.575292ms)
✔ class creation stops follow-up RPCs after unmount during defaults (125.630667ms)
✔ student detail save rejects same-tick duplicate and bulk writes, then retries the preserved draft after failure (124.452584ms)
✔ bulk update owns the same mutation slot as detail save and can retry after failure (114.877958ms)
✔ create submit rejects duplicate and competing mutations and releases its slot on failure (174.724ms)
✔ confirmed deletion rejects duplicate confirmation and releases the slot for a new confirmation after failure (122.121291ms)
✔ 대기 전환 serializes relation writes with detail save and can retry after failure (144.729167ms)
✔ 수강 해제 serializes relation writes with detail save and can retry after failure (116.081375ms)
✔ confirmed relation addition shares the mutation slot with detail save and preserves the candidate after failure (133.2555ms)
✔ the mutation slot stays occupied until the saved row has been reconciled (117.616334ms)
✔ a partially failed bulk update holds its slot until the remaining row write settles (100.417458ms)
✔ real management table retries only failed rows and preserves the bulk draft (403.186375ms)
✔ a partially failed bulk deletion holds its slot until the remaining deletion settles (125.548125ms)
✔ class initialization retry rejects same-tick repeats while preserving the created class (149.789208ms)
✔ late A defaults cannot overwrite B edits or B's next save (174.634791ms)
✔ a closed class response cannot populate a new class form (137.495ms)
✔ late errors from the previous class stay out of the active detail (140.912ms)
✔ out-of-order detail responses keep the latest selected class open (151.568166ms)
✔ reopening the same class creates a separate editing lifetime (215.244166ms)
✔ typing before the initial defaults arrive retains the draft and catalog IDs (133.249875ms)
✔ late save success cannot replace newer edits and the next save uses the new revision (150.991125ms)
✔ late A save success cannot change B's pending save or status (254.971875ms)
✔ late A save failure cannot change B's pending save or status (189.098208ms)
✔ unchanged failed saves retry their key, edited drafts get a new key (250.581042ms)
✔ late reload keeps subsequent typing and updates the save revision (158.729667ms)
✔ late reload failure after changing classes stays out of the new detail (174.6635ms)
✔ an off-page deep link cannot reopen after a newer route request (113.455083ms)
✔ removing a deep link while its detail is pending leaves the dialog closed (93.917916ms)
✔ an old actor's pending detail cannot start a schedule request after logout (99.232333ms)
✔ management list publishes primary rows before optional enrichment finishes (4.080125ms)
✔ management list publishes a recent memory cache before the fresh query finishes (0.11825ms)
✔ management primary-row cache expires from module memory (0.082417ms)
✔ stale enrichment cannot replace rows from a newer management load (0.080459ms)
✔ management list callers expose only 10, 15, or 20 rows while legacy cursor transport stays bounded (8.8445ms)
✔ management initial reads return rows before metadata and cancel every query with the caller (0.628958ms)
✔ management metadata failures settle without discarding a loaded page (2.495334ms)
✔ same-scope class reads with different caller signals keep independent in-flight transports (2.228291ms)
✔ canonical class replay gives a new caller independently cancellable metadata (1.725375ms)
✔ the first class management bundle resolves and applies the default period before list stats or options (1.071334ms)
✔ an explicit refresh bypasses and revokes an overlapping passive default-period bundle (4.707167ms)
✔ class textbook candidates use bounded query-scoped continuation and retain unmatched assigned IDs (1.169792ms)
✔ management detail and relation cursors are selection driven and scope bound before the DB call (0.460083ms)
✔ management migration defines Korean numeric keyset list, separate aggregates, and exact detail RPCs (1.676083ms)
✔ management hook and UI keep list reads bounded while details and relation pickers are selection driven (2.066375ms)
✔ operations calendar starts only its visible-range RPC and preserves complete rows (4.391708ms)
✔ calendar density errors remain all-or-nothing and suggest a seven-day retry (0.101541ms)
✔ annual mode reads one selected year and rejects partial dense boards (0.094125ms)
✔ class schedule list uses 30 plus one server rows, authoritative stats, and all server filters (8.83425ms)
✔ event and class full details are selection-driven exact RPCs (0.568167ms)
✔ event exact detail preserves every embedded metadata field through the edit payload (0.200917ms)
✔ event form scalar and structured textbook scopes survive a direct read-form-save roundtrip (4.83775ms)
✔ calendar exact-detail adapter preserves scalar scopes through a direct save roundtrip (0.276167ms)
✔ actual form output preserves existing scopes when the selected type hides scope inputs (2.418333ms)
✔ academic detail request guard rejects stale revisions and stale identities (0.885916ms)
✔ legacy exact event detail infers its renderer exam term from the parent title (0.100875ms)
✔ derived annual entries resolve and edit their parent event instead of the detail row id (0.037083ms)
✔ selected class lesson design hydrates exact legacy plan, textbooks, and catalogs (0.170458ms)
✔ lesson textbook picker searches a separate bounded candidate page without replacing connected legacy books (0.126584ms)
✔ class lesson-design deep links use exact detail even when the class is outside page one (0.041083ms)
✔ a stale continuation response cannot append after the request scope changes (0.076709ms)
✔ dense calendar recovery produces exactly seven rendered day keys (0.048125ms)
✔ small operations catalogs are cached for thirty minutes within actor role scope (0.097375ms)
✔ operations migration enforces invoker ACLs, range density, annual density, bounded paging, and exact detail (4.713042ms)
✔ operations academic-event reads use the production single-date schema (1.444083ms)
✔ annual list projects only bounded display metadata while exact detail retains the full envelope (1.560708ms)
✔ calendar and annual editors use the bounded authenticated academic-school catalog (0.397041ms)
✔ annual RPC keeps bounded material sections and fallback subject rows grouped by parent grade and board type (0.814208ms)
✔ annual RPC matches normalized exam periods and projects every renderer material source (0.777458ms)
✔ annual RPC retains explicit curriculum links and resolves exactly one linked source (1.368833ms)
✔ derived annual scopes keep textbook and supplement buckets separate (0.420958ms)
✔ annual completeness uses normalized textbook, subtextbook, supplement, scalar, and compatible-section scopes (0.265375ms)
✔ annual empty-year UI offers a first-event draft from the bounded school catalog (0.510541ms)
✔ class mutation refresh guard rejects an older revision or a newly selected class (1.425917ms)
✔ closing the lesson editor revokes a mutation token before late refresh work can commit (0.176083ms)
✔ route navigation and unmount revoke requested class identity without retaining a selected-row fallback (0.07525ms)
✔ stale class save success still invalidates public cache but cannot continue class-specific UI writes (0.089292ms)
✔ stale class save error cannot publish an error or clear the current route's loading state (0.064042ms)
✔ class mutations capture lifecycle before writes and editor close revokes it (1.796834ms)
✔ class detail mutations re-read the selected detail and visible range before conditional list invalidation (0.874333ms)
✔ operations workspaces issue mode requests and expose dense-range recovery without the legacy fan-out (1.269458ms)
✔ timetable panels expose per-panel high resolution image export (3.555917ms)
✔ timetable blocks expose structured hover details (5.518833ms)
✔ timetable panel headers show lesson count and weekly hours (3.833875ms)
✔ compact timetable blocks keep class names readable (12.976792ms)
✔ timetable reuses shared tabs and responsive filters without semester controls (0.75025ms)
✔ selected teacher panels remain visible beyond the grid column count (1.31975ms)
✔ default panels include every available target when nothing is selected (0.091333ms)
✔ teacher timetable filters only academic teams for the selected subject (12.02275ms)
✔ precomputed timetable rows preserve the legacy workspace and grid model (0.361833ms)
✔ timetable workspace requests only its active mode and keeps dense recovery explicit (8.774917ms)
✔ weekly timetable panels fit all weekdays without horizontal scrolling (0.102583ms)
✔ daily timetable panels keep horizontal scrolling for wider axis sets (0.045083ms)
✔ timetable ignores retired period scopes and keeps exactly three status choices (0.335667ms)
✔ comparison panels share a cropped axis without losing morning or late lessons (0.221834ms)
✔ operating retry retains request key and payload; refresh failure is committed (0.803334ms)
✔ operating conflict preserves inputs and separates true serialization failure (0.120166ms)
✔ date authority frees actual date but recurring plan still reserves weekly shadow (0.193042ms)
✔ dated exception and source-less legacy occupancy are additive and identify exact date (0.8035ms)
✔ period suggestions include dated reservations and never offer incomplete range (0.261792ms)
✔ actual management consumer uses atomic gateway and keeps retry key after lost response (0.555583ms)
✔ metadata-only UPDATE does not claim success for zero affected rows (0.227792ms)
✔ committed defaults and initialization retain a pending cache refresh receipt (0.152333ms)
✔ optimistically absent deletion renders usable stale controls (47.0285ms)
✔ optimistically absent deletion renders usable rejected controls (6.1615ms)
✔ optimistically absent deletion renders usable uncertain controls (10.002292ms)
✔ teacher-weekly: move Monday alone across resource panel/column at identical time, preserve offset and all projections (0.965542ms)
✔ teacher-weekly: unplaced item drop creates one stable slot with target resource (0.076ms)
✔ classroom-weekly: move Monday alone across resource panel/column at identical time, preserve offset and all projections (0.0895ms)
✔ classroom-weekly: unplaced item drop creates one stable slot with target resource (0.041208ms)
✔ daily-teacher: move Monday alone across resource panel/column at identical time, preserve offset and all projections (0.077875ms)
✔ daily-teacher: unplaced item drop creates one stable slot with target resource (0.043125ms)
✔ daily-classroom: move Monday alone across resource panel/column at identical time, preserve offset and all projections (0.064541ms)
✔ daily-classroom: unplaced item drop creates one stable slot with target resource (0.0435ms)
✔ shadow never produces move, resize or unplace commands (0.18975ms)
✔ exact typed minutes and midnight preserved, invalid overflow rejected (0.150917ms)
✔ empty presets build panels from IDs, duplicate names do not merge; overlap lanes retain every slot (5.083ms)
✔ pointer cancel, Escape and capture-loss cannot commit; source/target panel identity counts as a move (0.111666ms)
✔ teacher-weekly: rendered empty-cell and drag-handle actions expose canonical coordinates, shadows have no handles (68.838334ms)
✔ classroom-weekly: rendered empty-cell and drag-handle actions expose canonical coordinates, shadows have no handles (16.270916ms)
✔ daily-teacher: rendered empty-cell and drag-handle actions expose canonical coordinates, shadows have no handles (8.757625ms)
✔ daily-classroom: rendered empty-cell and drag-handle actions expose canonical coordinates, shadows have no handles (11.14825ms)
✔ hidden operating subjects still block changed placements, while name-only edits preserve existing conflicts (0.413584ms)
✔ empty resource catalogs produce no misleading day grids in any view (0.049041ms)
✔ rendered class-list selection uses item IDs, preserves hidden selections and excludes applied/shadows (20.691334ms)
✔ whole-item weekdays replace Mon/Wed with Tue/Thu in one command while preserving per-slot differences and pending draft (0.296542ms)
✔ whole teacher change is explicit and preserves differing slot times, lengths, rooms and IDs (0.061458ms)
✔ single-slot form edit and add-placement preserve the complete differing Wednesday sibling (0.326333ms)
✔ safe imported malformed placement is visible for repair without exposing unknown properties (0.072167ms)
✔ create: unknown receipt survives changed name (66.518416ms)
✔ create: unknown receipt survives changed name and dialog reopen (26.000875ms)
✔ clone: unknown receipt survives changed name (20.517167ms)
✔ clone: unknown receipt survives changed name and dialog reopen (24.983083ms)
✔ late share success cannot populate another actor/dialog (13.197084ms)
✔ late share failure cannot populate another actor/dialog (10.899875ms)
✔ late create success cannot change another actor's selection/dialog (15.656292ms)
✔ late create failure cannot change another actor's selection/dialog (14.564ms)
✔ late share response cannot fill a newer dialog in the same actor scope (10.510166ms)
✔ conclusive picker validation rejection permits corrected intent; unrelated code/message remains immutable (26.746417ms)
✔ share receipt preserves later viewer-to-editor change for a separate confirmed-revision command (18.748542ms)
✔ share receipt preserves later revocation for a separate confirmed-revision command (23.680292ms)
✔ create: submitted immutable receipt survives full remount (11.629041ms)
✔ clone: submitted immutable receipt survives full remount (7.130834ms)
✔ rename: submitted immutable receipt survives full remount (8.508584ms)
✔ share: submitted immutable receipt survives full remount (6.725666ms)
✔ archive: submitted immutable receipt survives full remount (7.371583ms)
✔ restore: submitted immutable receipt survives full remount (5.231917ms)
✔ actor retirement purges pending metadata, picker list and recovery UI (5.851708ms)
✔ Storage SecurityError keeps the submitted immutable request in memory and warns before reload (5.710958ms)
✔ plan revocation preserves unrelated submitted metadata (10.478833ms)
✔ plan revocation purges related submitted metadata (5.840208ms)
✔ uses canonical RPC arguments and forwards AbortSignal (1.028334ms)
✔ rejects malformed snapshot and never reports synthetic empty success (0.197916ms)
✔ calls real transfer RPC names and requires atomic label metadata (0.823209ms)
✔ transfer result without labels or complete snapshot fails closed (0.299208ms)
✔ minimal signals refresh selected plan or operating shadow; visible poll and focus recover missed events (1.439209ms)
✔ plan metadata mutation uses canonical command envelope (0.196917ms)
✔ transfer delta lacking full source metadata and dated reference is invalid (0.17925ms)
✔ transfer full snapshot must agree with receipt fingerprint and source plan (0.251958ms)
✔ transfer delta must include the returned class labels in its complete reference (0.458125ms)
✔ transfer applied items require complete source-plan applied shape and transfer identity (0.336083ms)
✔ actual makeup producer pair maps HTTP409 and actionable message: makeup_request_stale_status (0.376167ms)
✔ actual makeup producer pair maps HTTP409 and actionable message: makeup_request_source_changed (0.042375ms)
✔ actual makeup producer pair maps HTTP409 and actionable message: makeup_schedule_plan_stale (0.032667ms)
✔ actual makeup producer pair maps HTTP409 and actionable message: makeup_lesson_session_stale (0.030584ms)
✔ actual makeup producer pair maps HTTP409 and actionable message: makeup_room_collision (0.034625ms)
✔ actual makeup producer pair maps HTTP409 and actionable message: makeup_calendar_event_conflict (0.025583ms)
✔ actual makeup producer pair maps HTTP409 and actionable message: timetable_resource_conflict (0.0285ms)
✔ unknown P0001 is not silently conclusive; real40001 remains a database retry (0.0385ms)
✔ concurrency runner requires explicit isolated local transport (0.547584ms)
✔ real approval POST maps final producer errors through actual replay and response (154.643375ms)
✔ changed occupancy preserves exact ordered full-scope conflict results, including siblings and shadows (36.441791ms)
✔ installed transport sends a 30-row plan page and makes only one request on a transient failure (20.000125ms)
✔ caller cancellation aborts the installed PostgREST transport without retrying (1.341791ms)
✔ every plan request retains the 8-second deadline even without a caller signal (2.69475ms)
✔ selected item IDs and final copy/move effects are explicit (0.427041ms)
✔ unknown response retains byte-equivalent immutable command through new preview attempts and remount (2.461666ms)
✔ committed refresh failure retries only reads and never repeats promotion (0.133292ms)
✔ exact stale rejection permits explicit new selection preview and new key (0.1655ms)
✔ preview blockers prevent commit and exact rejection pairs exclude unrelated SQL failures (0.101959ms)
✔ late commit response from retired actor neither merges data nor invokes caches (0.104417ms)
✔ permission revocation immediately clears caller canonical data on preview and commit (0.145209ms)
✔ pending original JSON stays intact while labels show day time and resource names (13.50425ms)
✔ resolving one pending placement atomically adds a new slot and preserves siblings and remaining originals (0.691458ms)
✔ pending without a weekday retains original resources and duration until a day is chosen (0.305ms)
✔ pending known weekday survives missing time independently (0.139833ms)
✔ science metadata correction saves the chosen catalog key and preserves placement IDs (0.169125ms)
✔ preview sends exact canonical request with selected item IDs (1.407041ms)
✔ malformed or mismatched preview is never commit-ready (0.370667ms)
✔ malformed or mismatched preview is never commit-ready (0.104625ms)
✔ malformed or mismatched preview is never commit-ready (0.12275ms)
✔ science choices come from the authenticated active catalog contract (0.679167ms)
ℹ tests 299
ℹ suites 0
ℹ pass 299
ℹ fail 0
ℹ cancelled 0
ℹ skipped 0
ℹ todo 0
ℹ duration_ms 14233.693333
