✔ teacher-weekly: move Monday alone across resource panel/column at identical time, preserve offset and all projections (0.919834ms)
✔ teacher-weekly: unplaced item drop creates one stable slot with target resource (0.073334ms)
✔ classroom-weekly: move Monday alone across resource panel/column at identical time, preserve offset and all projections (0.083458ms)
✔ classroom-weekly: unplaced item drop creates one stable slot with target resource (0.038417ms)
✔ daily-teacher: move Monday alone across resource panel/column at identical time, preserve offset and all projections (0.0775ms)
✔ daily-teacher: unplaced item drop creates one stable slot with target resource (0.041166ms)
✔ daily-classroom: move Monday alone across resource panel/column at identical time, preserve offset and all projections (0.060041ms)
✔ daily-classroom: unplaced item drop creates one stable slot with target resource (0.039458ms)
✔ shadow never produces move, resize or unplace commands (0.187792ms)
✔ exact typed minutes and midnight preserved, invalid overflow rejected (0.139625ms)
✔ empty presets build panels from IDs, duplicate names do not merge; overlap lanes retain every slot (5.820084ms)
✔ pointer cancel, Escape and capture-loss cannot commit; source/target panel identity counts as a move (0.111166ms)
✔ teacher-weekly: rendered empty-cell and drag-handle actions expose canonical coordinates, shadows have no handles (62.481834ms)
✔ classroom-weekly: rendered empty-cell and drag-handle actions expose canonical coordinates, shadows have no handles (12.566041ms)
✔ daily-teacher: rendered empty-cell and drag-handle actions expose canonical coordinates, shadows have no handles (7.425916ms)
✔ daily-classroom: rendered empty-cell and drag-handle actions expose canonical coordinates, shadows have no handles (6.619834ms)
✔ hidden operating subjects still block changed placements, while name-only edits preserve existing conflicts (0.343291ms)
✔ empty resource catalogs produce no misleading day grids in any view (0.037541ms)
✔ rendered class-list selection uses item IDs, preserves hidden selections and excludes applied/shadows (18.347209ms)
✔ whole-item weekdays replace Mon/Wed with Tue/Thu in one command while preserving per-slot differences and pending draft (0.278042ms)
✔ whole teacher change is explicit and preserves differing slot times, lengths, rooms and IDs (0.060041ms)
✔ single-slot form edit and add-placement preserve the complete differing Wednesday sibling (0.465459ms)
✔ create: unknown receipt survives changed name (63.779083ms)
✔ create: unknown receipt survives changed name and dialog reopen (20.420292ms)
✔ clone: unknown receipt survives changed name (14.937333ms)
✔ clone: unknown receipt survives changed name and dialog reopen (16.699667ms)
✔ late share success cannot populate another actor/dialog (12.9875ms)
✔ late share failure cannot populate another actor/dialog (10.645625ms)
✔ late create success cannot change another actor's selection/dialog (13.5425ms)
✔ late create failure cannot change another actor's selection/dialog (12.909125ms)
✔ late share response cannot fill a newer dialog in the same actor scope (8.8865ms)
✔ conclusive picker validation rejection permits corrected intent; unrelated code/message remains immutable (24.057166ms)
✔ share receipt preserves later viewer-to-editor change for a separate confirmed-revision command (16.75175ms)
✔ share receipt preserves later revocation for a separate confirmed-revision command (16.272125ms)
✔ create: submitted immutable receipt survives full remount (9.336375ms)
✔ clone: submitted immutable receipt survives full remount (6.594167ms)
✔ rename: submitted immutable receipt survives full remount (6.950083ms)
✔ share: submitted immutable receipt survives full remount (9.116417ms)
✔ archive: submitted immutable receipt survives full remount (5.364833ms)
✔ restore: submitted immutable receipt survives full remount (4.5565ms)
✔ actor retirement purges pending metadata, picker list and recovery UI (4.782625ms)
✔ Storage SecurityError keeps the submitted immutable request in memory and warns before reload (4.500333ms)
✔ plan revocation preserves unrelated submitted metadata (4.681459ms)
✔ plan revocation purges related submitted metadata (4.40425ms)
✔ selected item IDs and final copy/move effects are explicit (0.72075ms)
✔ unknown response retains byte-equivalent immutable command through new preview attempts and remount (2.21175ms)
✔ committed refresh failure retries only reads and never repeats promotion (0.266625ms)
✔ exact stale rejection permits explicit new selection preview and new key (0.249459ms)
✔ preview blockers prevent commit and exact rejection pairs exclude unrelated SQL failures (0.140875ms)
✔ late commit response from retired actor neither merges data nor invokes caches (0.167166ms)
✔ permission revocation immediately clears caller canonical data on preview and commit (0.215ms)
✔ pending original JSON stays intact while labels show day time and resource names (9.258333ms)
✔ resolving one pending placement atomically adds a new slot and preserves siblings and remaining originals (0.622459ms)
✔ pending without a weekday retains original resources and duration until a day is chosen (0.202542ms)
✔ pending known weekday survives missing time independently (0.111916ms)
✔ science metadata correction saves the chosen catalog key and preserves placement IDs (0.13ms)
ℹ tests 56
ℹ suites 0
ℹ pass 56
ℹ fail 0
ℹ cancelled 0
ℹ skipped 0
ℹ todo 0
ℹ duration_ms 805.849792
