✔ teacher-weekly: move Monday alone across resource panel/column at identical time, preserve offset and all projections (1.263ms)
✔ teacher-weekly: unplaced item drop creates one stable slot with target resource (0.095125ms)
✔ classroom-weekly: move Monday alone across resource panel/column at identical time, preserve offset and all projections (0.095167ms)
✔ classroom-weekly: unplaced item drop creates one stable slot with target resource (0.040375ms)
✔ daily-teacher: move Monday alone across resource panel/column at identical time, preserve offset and all projections (0.079792ms)
✔ daily-teacher: unplaced item drop creates one stable slot with target resource (0.042125ms)
✔ daily-classroom: move Monday alone across resource panel/column at identical time, preserve offset and all projections (0.06175ms)
✔ daily-classroom: unplaced item drop creates one stable slot with target resource (0.0425ms)
✔ shadow never produces move, resize or unplace commands (0.19225ms)
✔ exact typed minutes and midnight preserved, invalid overflow rejected (0.147625ms)
✔ empty presets build panels from IDs, duplicate names do not merge; overlap lanes retain every slot (4.576375ms)
✔ pointer cancel, Escape and capture-loss cannot commit; source/target panel identity counts as a move (0.08625ms)
✔ teacher-weekly: rendered empty-cell and drag-handle actions expose canonical coordinates, shadows have no handles (74.949208ms)
✔ classroom-weekly: rendered empty-cell and drag-handle actions expose canonical coordinates, shadows have no handles (12.820292ms)
✔ daily-teacher: rendered empty-cell and drag-handle actions expose canonical coordinates, shadows have no handles (7.521417ms)
✔ daily-classroom: rendered empty-cell and drag-handle actions expose canonical coordinates, shadows have no handles (6.581792ms)
✔ hidden operating subjects still block changed placements, while name-only edits preserve existing conflicts (0.396709ms)
✔ empty resource catalogs produce no misleading day grids in any view (0.048583ms)
✔ rendered class-list selection uses item IDs, preserves hidden selections and excludes applied/shadows (19.379875ms)
✔ whole-item weekdays replace Mon/Wed with Tue/Thu in one command while preserving per-slot differences and pending draft (0.300459ms)
✔ whole teacher change is explicit and preserves differing slot times, lengths, rooms and IDs (0.064625ms)
✔ single-slot form edit and add-placement preserve the complete differing Wednesday sibling (0.330666ms)
✔ create: unknown receipt survives changed name (76.491042ms)
✔ create: unknown receipt survives changed name and dialog reopen (20.92825ms)
✔ clone: unknown receipt survives changed name (14.828708ms)
✔ clone: unknown receipt survives changed name and dialog reopen (19.821375ms)
✔ late share success cannot populate another actor/dialog (13.286625ms)
✔ late share failure cannot populate another actor/dialog (10.013917ms)
✔ late create success cannot change another actor's selection/dialog (14.681ms)
✔ late create failure cannot change another actor's selection/dialog (13.0115ms)
✔ late share response cannot fill a newer dialog in the same actor scope (10.060708ms)
✔ conclusive picker validation rejection permits corrected intent; unrelated code/message remains immutable (23.758625ms)
✔ share receipt preserves later viewer-to-editor change for a separate confirmed-revision command (26.02875ms)
✔ share receipt preserves later revocation for a separate confirmed-revision command (19.843917ms)
✔ create: submitted immutable receipt survives full remount (9.109042ms)
✔ clone: submitted immutable receipt survives full remount (6.84775ms)
✔ rename: submitted immutable receipt survives full remount (6.294625ms)
✔ share: submitted immutable receipt survives full remount (6.222917ms)
✔ archive: submitted immutable receipt survives full remount (5.599667ms)
✔ restore: submitted immutable receipt survives full remount (4.92225ms)
✔ actor retirement purges pending metadata, picker list and recovery UI (5.672541ms)
✔ Storage SecurityError keeps the submitted immutable request in memory and warns before reload (5.179167ms)
ℹ tests 42
ℹ suites 0
ℹ pass 42
ℹ fail 0
ℹ cancelled 0
ℹ skipped 0
ℹ todo 0
ℹ duration_ms 690.810125
