✔ timetable mode performs one range RPC and never reads curriculum detail sources (11.202375ms)
✔ timetable density branches are all-or-nothing and distinguish row from collection pressure (0.287416ms)
✔ every timetable density result is bound to the requested visible range (0.560625ms)
✔ curriculum mode applies every filter at the server and returns a 30 plus one keyset page (11.229583ms)
✔ curriculum detail is selection-driven and exact while stale continuation is rejected (0.259208ms)
✔ curriculum cursor scope is actor-bound before any database continuation (4.979583ms)
✔ curriculum continuation reuses first-page stats and facets without requesting recomputation (7.777292ms)
✔ null-period first page canonicalizes the resolved default before continuation (2.060292ms)
✔ continuation loading and last-good display are synchronously bound to the active scope (0.224209ms)
✔ curriculum CTA prioritizes missing sessions while textbook counts remain independent (0.190459ms)
✔ current-scope rendering requires data and display fingerprints to both match (0.114709ms)
✔ authenticated user and resolved dashboard role isolate every academic execution state (0.128834ms)
✔ academic scoped migration is invoker-only, authenticated-only, bounded and explicit (4.598375ms)
✔ academic SQL filters candidates before aggregates and keeps continuation metadata optional (8.3785ms)
✔ academic SQL resolves defaults once and uses canonical classroom and work-state semantics (1.395542ms)
✔ academic SQL returns the earliest exact unplanned session and an explicit detail class projection (1.22625ms)
✔ timetable support collections project only explicit scalar fields (1.14675ms)
✔ a retry reuses the action request key and its canonical defaults payload (1.268334ms)
✔ RPC errors are mapped to safe schedule action states (0.112ms)
✔ generation preview sends only the bounded range and revision (0.419375ms)
✔ bounded reader deduplicates one range, aborts a prior class, and trusts the RPC authority result (0.315959ms)
✔ runtime-not-ready reloads legacy while other normalized read failures stay explicit (0.153584ms)
✔ normalized defaults preserve slot and catalog IDs through the five-column editor (0.722666ms)
✔ normalized defaults retain full comma-containing catalog names (0.124792ms)
✔ legacy schedule consumer retains per-slot teacher and room after normalized save projection (0.402625ms)
✔ projected mixed resource slots keep assigned and unassigned states in the legacy parser (0.168209ms)
✔ literal absence labels and former escape tokens remain assigned names (0.140334ms)
✔ normalized metadata writes omit schedule-owned legacy columns (0.170333ms)
✔ management service calls defaults, save, and initialization RPCs with revision and idempotency keys (14.911625ms)
✔ a missing defaults RPC keeps legacy class creation available (0.092792ms)
✔ actual bulk merged-row save resolves each class mode before status update (0.274333ms)
✔ actual bulk merged-row save resolves each class mode before name update (0.144292ms)
✔ bulk save fails closed if authoritative storage mode cannot be read (0.194083ms)
✔ touching intervals are free but one minute of overlap conflicts (1.075041ms)
✔ same item overlaps even with different resources and includes both resource reasons when shared (0.08325ms)
✔ each plan is independent, while every plan checks the same active shadow (0.068708ms)
✔ a source class is not exempt from its own live shadow (0.045041ms)
✔ suggestions preserve resource IDs, selected weekday order and five minute sequence (0.180292ms)
✔ suggestions avoid shadows even for matching source class and return empty when none fit (0.0545ms)
✔ an unrelated preexisting conflict does not hide a safe new suggestion (0.039916ms)
✔ timetable panels expose per-panel high resolution image export (6.347625ms)
✔ timetable blocks expose structured hover details (7.262959ms)
✔ timetable panel headers show lesson count and weekly hours (2.585ms)
✔ compact timetable blocks keep class names readable (1.455041ms)
✔ timetable reuses shared tabs and responsive filters without semester controls (12.326ms)
✔ selected teacher panels remain visible beyond the grid column count (2.345541ms)
✔ default panels include every available target when nothing is selected (0.085167ms)
✔ teacher timetable filters only academic teams for the selected subject (14.569292ms)
✔ precomputed timetable rows preserve the legacy workspace and grid model (0.696917ms)
✔ timetable workspace requests only its active mode and keeps dense recovery explicit (7.626584ms)
✔ weekly timetable panels fit all weekdays without horizontal scrolling (0.135417ms)
✔ daily timetable panels keep horizontal scrolling for wider axis sets (0.043875ms)
✔ timetable ignores retired period scopes and keeps exactly three status choices (0.321084ms)
✔ comparison panels share a cropped axis without losing morning or late lessons (0.197417ms)
✔ operating retry retains request key and payload; refresh failure is committed (1.600208ms)
✔ operating conflict preserves inputs and separates true serialization failure (0.702208ms)
✔ date authority frees actual date but recurring plan still reserves weekly shadow (0.206125ms)
✔ dated exception and source-less legacy occupancy are additive and identify exact date (0.096792ms)
✔ period suggestions include dated reservations and never offer incomplete range (0.191583ms)
✔ actual management consumer uses atomic gateway and keeps retry key after lost response (0.408292ms)
✔ metadata-only UPDATE does not claim success for zero affected rows (0.196416ms)
✔ committed defaults and initialization retain a pending cache refresh receipt (0.117375ms)
✔ four views project the same stable Monday and Wednesday slot IDs (1.717958ms)
✔ resolveGridTarget uses cropped absolute minutes and only the view-owned resource (0.310583ms)
✔ resolveMovedGridTarget snaps the movement delta, preserving a 17:13 origin (0.147959ms)
✔ grid adapter rejects malformed weekday, coordinate, and time (1.006708ms)
✔ serializes two edits, retains newer intent across reverse responses and uses latest item revision (3.362583ms)
✔ ambiguous failure retries immutable request while newer draft stays queued (0.740542ms)
✔ refresh preserves local draft and stale shows latest server (0.292791ms)
✔ reload recovers submitted identity; actor or plan switch never exposes previous draft (0.299084ms)
✔ receipt replay cannot lower a newer snapshot item or restore old coordinates (0.20075ms)
✔ poll compares composite fingerprint even without plan sequence change (1.146584ms)
✔ transient reference failure preserves prior display but blocks another save (0.35825ms)
✔ permission revocation clears scoped snapshot and same-tab recovery (0.418417ms)
✔ undo is a new revision-checked inverse command (0.49075ms)
✔ undo refuses to rebase across a collaborator edit of the same item (0.254292ms)
✔ item A stale does not stop independent item B save (0.624583ms)
✔ explicit reapply uses latest revision and a new request key while retaining the local draft (0.27175ms)
✔ accept-server drops only the conflicted item draft (0.146959ms)
✔ late read and save permission failures from a retired epoch leave newly loaded state alone (0.145167ms)
✔ transfer delta applies source state and class labels atomically (0.403084ms)
✔ ambiguous save visible in refresh still replays original receipt key and body (0.220458ms)
✔ replayed old receipt cannot auto-send newer queued intent over collaborator revision (0.233959ms)
✔ late successful read from retired epoch cannot reopen old scope data (0.06875ms)
✔ older successful receipt cannot resurrect an item deleted in newer authoritative snapshot (0.120375ms)
✔ own-save signal before receipt still drains queued second edit (0.184542ms)
✔ paused retired controller rejects old action references and terminal destroy cannot resume (0.145917ms)
✔ independent creates merge when later sequence receipt arrives first without a full refresh (0.208833ms)
✔ malformed applied transfer item cannot strip source slots or mark the view verified (0.080791ms)
✔ independent delete receipt still applies after a later unrelated create receipt (0.221458ms)
✔ complete but unknown applied source item is rejected before a transfer delta merge (0.098ms)
✔ confirmed 23P01 rejection can be explicitly corrected with a new request identity (0.537083ms)
✔ confirmed 22023 rejection can be explicitly corrected with a new request identity (0.133209ms)
✔ uncertain response cannot be replaced or discarded and retries original immutable body/key (0.481125ms)
✔ corrected rejected head preserves queued newer edit and independent item draft (0.354ms)
✔ discard confirmed rejected head advances queued latest edit while preserving independent pending item (0.241584ms)
✔ plan-copy receipt at equal sequence never replaces a newer operating reference or verifies it (0.164291ms)
✔ actual React StrictMode effect replay retains a live controller that loads and saves (42.83125ms)
✔ actor cleanup removes recovery for unmounted plans while keeping another actor (3.831042ms)
✔ actual plan switch keeps same-actor drafts through child unmount for provider logout cleanup (5.866709ms)
✔ teacher-weekly: move Monday alone across resource panel/column at identical time, preserve offset and all projections (0.955875ms)
✔ teacher-weekly: unplaced item drop creates one stable slot with target resource (0.178666ms)
✔ classroom-weekly: move Monday alone across resource panel/column at identical time, preserve offset and all projections (0.173333ms)
✔ classroom-weekly: unplaced item drop creates one stable slot with target resource (0.077459ms)
✔ daily-teacher: move Monday alone across resource panel/column at identical time, preserve offset and all projections (0.142417ms)
✔ daily-teacher: unplaced item drop creates one stable slot with target resource (0.089ms)
✔ daily-classroom: move Monday alone across resource panel/column at identical time, preserve offset and all projections (0.108875ms)
✔ daily-classroom: unplaced item drop creates one stable slot with target resource (0.078083ms)
✔ shadow never produces move, resize or unplace commands (0.343375ms)
✔ exact typed minutes and midnight preserved, invalid overflow rejected (0.26775ms)
✔ empty presets build panels from IDs, duplicate names do not merge; overlap lanes retain every slot (5.398ms)
✔ pointer cancel, Escape and capture-loss cannot commit; source/target panel identity counts as a move (0.107042ms)
✔ teacher-weekly: rendered empty-cell and drag-handle actions expose canonical coordinates, shadows have no handles (65.867958ms)
✔ classroom-weekly: rendered empty-cell and drag-handle actions expose canonical coordinates, shadows have no handles (19.170833ms)
✔ daily-teacher: rendered empty-cell and drag-handle actions expose canonical coordinates, shadows have no handles (10.412917ms)
✔ daily-classroom: rendered empty-cell and drag-handle actions expose canonical coordinates, shadows have no handles (10.315542ms)
✔ hidden operating subjects still block changed placements, while name-only edits preserve existing conflicts (0.658ms)
✔ empty resource catalogs produce no misleading day grids in any view (0.090291ms)
✔ rendered class-list selection uses item IDs, preserves hidden selections and excludes applied/shadows (25.632917ms)
✔ whole-item weekdays replace Mon/Wed with Tue/Thu in one command while preserving per-slot differences and pending draft (0.303417ms)
✔ whole teacher change is explicit and preserves differing slot times, lengths, rooms and IDs (0.060666ms)
✔ single-slot form edit and add-placement preserve the complete differing Wednesday sibling (0.325ms)
✔ moveSlot changes one slot without mutating the original or its duration (0.951833ms)
✔ moveSlot rejects noninteger, invalid weekday, and crossing-midnight targets (0.181375ms)
✔ create: unknown receipt survives changed name (64.835292ms)
✔ create: unknown receipt survives changed name and dialog reopen (30.271167ms)
✔ clone: unknown receipt survives changed name (21.255917ms)
✔ clone: unknown receipt survives changed name and dialog reopen (25.724125ms)
✔ late share success cannot populate another actor/dialog (12.470916ms)
✔ late share failure cannot populate another actor/dialog (10.536042ms)
✔ late create success cannot change another actor's selection/dialog (12.850708ms)
✔ late create failure cannot change another actor's selection/dialog (12.380375ms)
✔ late share response cannot fill a newer dialog in the same actor scope (9.19975ms)
✔ conclusive picker validation rejection permits corrected intent; unrelated code/message remains immutable (22.736208ms)
✔ share receipt preserves later viewer-to-editor change for a separate confirmed-revision command (16.431833ms)
✔ share receipt preserves later revocation for a separate confirmed-revision command (19.275709ms)
✔ create: submitted immutable receipt survives full remount (8.8865ms)
✔ clone: submitted immutable receipt survives full remount (6.079459ms)
✔ rename: submitted immutable receipt survives full remount (6.766292ms)
✔ share: submitted immutable receipt survives full remount (5.493167ms)
✔ archive: submitted immutable receipt survives full remount (5.591ms)
✔ restore: submitted immutable receipt survives full remount (4.763625ms)
✔ actor retirement purges pending metadata, picker list and recovery UI (4.988042ms)
✔ uses canonical RPC arguments and forwards AbortSignal (2.203583ms)
✔ rejects malformed snapshot and never reports synthetic empty success (0.40825ms)
✔ calls real transfer RPC names and requires atomic label metadata (0.332875ms)
✔ transfer result without labels or complete snapshot fails closed (1.087166ms)
✔ minimal signals refresh selected plan or operating shadow; visible poll and focus recover missed events (0.313958ms)
✔ plan metadata mutation uses canonical command envelope (0.101708ms)
✔ transfer delta lacking full source metadata and dated reference is invalid (0.084667ms)
✔ transfer full snapshot must agree with receipt fingerprint and source plan (0.099208ms)
✔ transfer delta must include the returned class labels in its complete reference (0.103334ms)
✔ transfer applied items require complete source-plan applied shape and transfer identity (10.955917ms)
✔ actual makeup producer pair maps HTTP409 and actionable message: makeup_request_stale_status (0.756833ms)
✔ actual makeup producer pair maps HTTP409 and actionable message: makeup_request_source_changed (0.091125ms)
✔ actual makeup producer pair maps HTTP409 and actionable message: makeup_schedule_plan_stale (0.065041ms)
✔ actual makeup producer pair maps HTTP409 and actionable message: makeup_lesson_session_stale (0.058583ms)
✔ actual makeup producer pair maps HTTP409 and actionable message: makeup_room_collision (0.066291ms)
✔ actual makeup producer pair maps HTTP409 and actionable message: makeup_calendar_event_conflict (0.0585ms)
✔ actual makeup producer pair maps HTTP409 and actionable message: timetable_resource_conflict (0.062084ms)
✔ unknown P0001 is not silently conclusive; real40001 remains a database retry (0.085958ms)
✔ concurrency runner requires explicit isolated local transport (1.050458ms)
✔ real approval POST maps final producer errors through actual replay and response (129.922542ms)
✔ changed occupancy preserves exact ordered full-scope conflict results, including siblings and shadows (32.914334ms)
✔ selected item IDs and final copy/move effects are explicit (0.419625ms)
✔ unknown response retains byte-equivalent immutable command through new preview attempts and remount (2.669291ms)
✔ committed refresh failure retries only reads and never repeats promotion (0.13475ms)
✔ exact stale rejection permits explicit new selection preview and new key (0.215292ms)
✔ preview blockers prevent commit and exact rejection pairs exclude unrelated SQL failures (0.219ms)
✔ late commit response from retired actor neither merges data nor invokes caches (0.279458ms)
✔ permission revocation immediately clears caller canonical data on preview and commit (0.332542ms)
✔ pending original JSON stays intact while labels show day time and resource names (9.296291ms)
✔ resolving one pending placement atomically adds a new slot and preserves siblings and remaining originals (0.62475ms)
✔ pending without a weekday retains original resources and duration until a day is chosen (0.229209ms)
✔ pending known weekday survives missing time independently (0.138959ms)
✔ science metadata correction saves the chosen catalog key and preserves placement IDs (0.1375ms)
✔ preview sends exact canonical request with selected item IDs (1.65025ms)
✔ malformed or mismatched preview is never commit-ready (0.519917ms)
✔ malformed or mismatched preview is never commit-ready (0.121542ms)
✔ malformed or mismatched preview is never commit-ready (0.117ms)
✔ science choices come from the authenticated active catalog contract (0.230625ms)
ℹ tests 181
ℹ suites 0
ℹ pass 181
ℹ fail 0
ℹ cancelled 0
ℹ skipped 0
ℹ todo 0
ℹ duration_ms 925.962083
