✔ create: unknown receipt survives changed name (60.220666ms)
✔ create: unknown receipt survives changed name and dialog reopen (17.775625ms)
✔ clone: unknown receipt survives changed name (12.212667ms)
✔ clone: unknown receipt survives changed name and dialog reopen (13.48975ms)
✔ late share success cannot populate another actor/dialog (11.050792ms)
✔ late share failure cannot populate another actor/dialog (9.793167ms)
✔ late create success cannot change another actor's selection/dialog (13.521208ms)
✔ late create failure cannot change another actor's selection/dialog (12.50425ms)
✔ late share response cannot fill a newer dialog in the same actor scope (9.284042ms)
✔ conclusive picker validation rejection permits corrected intent; unrelated code/message remains immutable (24.68325ms)
✔ share receipt preserves later viewer-to-editor change for a separate confirmed-revision command (14.863125ms)
✔ share receipt preserves later revocation for a separate confirmed-revision command (14.917458ms)
ℹ tests 12
ℹ suites 0
ℹ pass 12
ℹ fail 0
ℹ cancelled 0
ℹ skipped 0
ℹ todo 0
ℹ duration_ms 583.179917
