✔ serializes two edits, retains newer intent across reverse responses and uses latest item revision (2.597125ms)
✔ ambiguous failure retries immutable request while newer draft stays queued (0.835542ms)
✔ refresh preserves local draft and stale shows latest server (0.304292ms)
✔ reload recovers submitted identity; actor or plan switch never exposes previous draft (0.543208ms)
✔ receipt replay cannot lower a newer snapshot item or restore old coordinates (0.237791ms)
✔ poll compares composite fingerprint even without plan sequence change (0.176459ms)
✔ transient reference failure preserves prior display but blocks another save (0.16825ms)
✔ permission revocation clears scoped snapshot and same-tab recovery (0.200375ms)
✔ undo is a new revision-checked inverse command (0.273ms)
✔ undo refuses to rebase across a collaborator edit of the same item (0.248292ms)
✔ item A stale does not stop independent item B save (0.59425ms)
✔ explicit reapply uses latest revision and a new request key while retaining the local draft (0.283583ms)
✔ accept-server drops only the conflicted item draft (0.139834ms)
✔ late read and save permission failures from a retired epoch leave newly loaded state alone (0.130041ms)
✔ transfer delta applies source state and class labels atomically (0.369791ms)
✔ ambiguous save visible in refresh still replays original receipt key and body (0.424458ms)
✔ replayed old receipt cannot auto-send newer queued intent over collaborator revision (0.613666ms)
✔ late successful read from retired epoch cannot reopen old scope data (0.112542ms)
✔ older successful receipt cannot resurrect an item deleted in newer authoritative snapshot (0.16225ms)
✔ own-save signal before receipt still drains queued second edit (0.237458ms)
✔ paused retired controller rejects old action references and terminal destroy cannot resume (0.17525ms)
✔ independent creates merge when later sequence receipt arrives first without a full refresh (0.246125ms)
✔ malformed applied transfer item cannot strip source slots or mark the view verified (0.088709ms)
✔ independent delete receipt still applies after a later unrelated create receipt (0.227042ms)
✔ complete but unknown applied source item is rejected before a transfer delta merge (0.112209ms)
✔ confirmed 23P01 rejection can be explicitly corrected with a new request identity (0.249208ms)
✔ confirmed 22023 rejection can be explicitly corrected with a new request identity (0.452667ms)
✔ uncertain response cannot be replaced or discarded and retries original immutable body/key (0.575958ms)
✔ corrected rejected head preserves queued newer edit and independent item draft (0.350542ms)
✔ discard confirmed rejected head advances queued latest edit while preserving independent pending item (0.293583ms)
✔ teacher-weekly: move Monday alone across resource panel/column at identical time, preserve offset and all projections (0.913ms)
✔ teacher-weekly: unplaced item drop creates one stable slot with target resource (0.07525ms)
✔ classroom-weekly: move Monday alone across resource panel/column at identical time, preserve offset and all projections (0.084917ms)
✔ classroom-weekly: unplaced item drop creates one stable slot with target resource (0.041292ms)
✔ daily-teacher: move Monday alone across resource panel/column at identical time, preserve offset and all projections (0.075667ms)
✔ daily-teacher: unplaced item drop creates one stable slot with target resource (0.044ms)
✔ daily-classroom: move Monday alone across resource panel/column at identical time, preserve offset and all projections (0.060833ms)
✔ daily-classroom: unplaced item drop creates one stable slot with target resource (0.038958ms)
✔ shadow never produces move, resize or unplace commands (0.194125ms)
✔ exact typed minutes and midnight preserved, invalid overflow rejected (0.141709ms)
✔ empty presets build panels from IDs, duplicate names do not merge; overlap lanes retain every slot (5.188708ms)
✔ pointer cancel, Escape and capture-loss cannot commit; source/target panel identity counts as a move (0.127584ms)
✔ teacher-weekly: rendered empty-cell and drag-handle actions expose canonical coordinates, shadows have no handles (58.568917ms)
✔ classroom-weekly: rendered empty-cell and drag-handle actions expose canonical coordinates, shadows have no handles (16.919208ms)
✔ daily-teacher: rendered empty-cell and drag-handle actions expose canonical coordinates, shadows have no handles (7.946167ms)
✔ daily-classroom: rendered empty-cell and drag-handle actions expose canonical coordinates, shadows have no handles (6.933042ms)
✔ hidden operating subjects still block changed placements, while name-only edits preserve existing conflicts (0.320625ms)
✔ empty resource catalogs produce no misleading day grids in any view (0.040542ms)
✔ rendered class-list selection uses item IDs, preserves hidden selections and excludes applied/shadows (21.692791ms)
✔ whole-item weekdays replace Mon/Wed with Tue/Thu in one command while preserving per-slot differences and pending draft (0.352083ms)
✔ whole teacher change is explicit and preserves differing slot times, lengths, rooms and IDs (0.086833ms)
✔ single-slot form edit and add-placement preserve the complete differing Wednesday sibling (0.352916ms)
✔ create: unknown receipt survives changed name (62.904625ms)
✔ create: unknown receipt survives changed name and dialog reopen (18.461083ms)
✔ clone: unknown receipt survives changed name (12.845292ms)
✔ clone: unknown receipt survives changed name and dialog reopen (14.242709ms)
✔ late share success cannot populate another actor/dialog (12.164583ms)
✔ late share failure cannot populate another actor/dialog (10.869083ms)
✔ late create success cannot change another actor's selection/dialog (14.77175ms)
✔ late create failure cannot change another actor's selection/dialog (12.868208ms)
✔ late share response cannot fill a newer dialog in the same actor scope (8.870083ms)
✔ conclusive picker validation rejection permits corrected intent; unrelated code/message remains immutable (24.062458ms)
ℹ tests 62
ℹ suites 0
ℹ pass 62
ℹ fail 0
ℹ cancelled 0
ℹ skipped 0
ℹ todo 0
ℹ duration_ms 593.890583
