✔ serializes two edits, retains newer intent across reverse responses and uses latest item revision (2.525958ms)
✔ ambiguous failure retries immutable request while newer draft stays queued (0.857125ms)
✔ refresh preserves local draft and stale shows latest server (0.305541ms)
✔ reload recovers submitted identity; actor or plan switch never exposes previous draft (0.361083ms)
✔ receipt replay cannot lower a newer snapshot item or restore old coordinates (0.214833ms)
✔ poll compares composite fingerprint even without plan sequence change (0.165125ms)
✔ transient reference failure preserves prior display but blocks another save (0.157125ms)
✔ permission revocation clears scoped snapshot and same-tab recovery (0.198209ms)
✔ undo is a new revision-checked inverse command (0.267584ms)
✔ undo refuses to rebase across a collaborator edit of the same item (0.22025ms)
✔ item A stale does not stop independent item B save (0.496208ms)
✔ explicit reapply uses latest revision and a new request key while retaining the local draft (0.265167ms)
✔ accept-server drops only the conflicted item draft (0.131959ms)
✔ late read and save permission failures from a retired epoch leave newly loaded state alone (0.12575ms)
✔ transfer delta applies source state and class labels atomically (0.369416ms)
✔ ambiguous save visible in refresh still replays original receipt key and body (0.204291ms)
✔ replayed old receipt cannot auto-send newer queued intent over collaborator revision (0.232791ms)
✔ late successful read from retired epoch cannot reopen old scope data (0.067458ms)
✔ older successful receipt cannot resurrect an item deleted in newer authoritative snapshot (0.113ms)
✔ own-save signal before receipt still drains queued second edit (0.19175ms)
✔ paused retired controller rejects old action references and terminal destroy cannot resume (0.144208ms)
✔ independent creates merge when later sequence receipt arrives first without a full refresh (0.206625ms)
✔ malformed applied transfer item cannot strip source slots or mark the view verified (0.0745ms)
✔ independent delete receipt still applies after a later unrelated create receipt (0.189875ms)
✔ complete but unknown applied source item is rejected before a transfer delta merge (0.093583ms)
✔ confirmed 23P01 rejection can be explicitly corrected with a new request identity (0.256458ms)
✔ confirmed 22023 rejection can be explicitly corrected with a new request identity (0.621ms)
✔ uncertain response cannot be replaced or discarded and retries original immutable body/key (0.516667ms)
✔ corrected rejected head preserves queued newer edit and independent item draft (0.292959ms)
ℹ tests 29
ℹ suites 0
ℹ pass 29
ℹ fail 0
ℹ cancelled 0
ℹ skipped 0
ℹ todo 0
ℹ duration_ms 72.805875
