✔ timetable mode performs one range RPC and never reads curriculum detail sources (1.683125ms)
✔ timetable density branches are all-or-nothing and distinguish row from collection pressure (0.265708ms)
✔ every timetable density result is bound to the requested visible range (0.086375ms)
✔ curriculum mode applies every filter at the server and returns a 30 plus one keyset page (3.219667ms)
✔ curriculum detail is selection-driven and exact while stale continuation is rejected (0.203708ms)
✔ curriculum cursor scope is actor-bound before any database continuation (0.353333ms)
✔ curriculum continuation reuses first-page stats and facets without requesting recomputation (0.41525ms)
✔ null-period first page canonicalizes the resolved default before continuation (0.445084ms)
✔ continuation loading and last-good display are synchronously bound to the active scope (0.082334ms)
✔ curriculum CTA prioritizes missing sessions while textbook counts remain independent (0.081708ms)
✔ current-scope rendering requires data and display fingerprints to both match (0.040708ms)
✔ authenticated user and resolved dashboard role isolate every academic execution state (0.09225ms)
✔ academic scoped migration is invoker-only, authenticated-only, bounded and explicit (1.617166ms)
✔ academic SQL filters candidates before aggregates and keeps continuation metadata optional (0.442292ms)
✔ academic SQL resolves defaults once and uses canonical classroom and work-state semantics (0.573417ms)
✔ academic SQL returns the earliest exact unplanned session and an explicit detail class projection (0.459167ms)
✔ timetable support collections project only explicit scalar fields (0.639292ms)
✔ serializes two edits, retains newer intent across reverse responses and uses latest item revision (2.900792ms)
✔ ambiguous failure retries immutable request while newer draft stays queued (0.6985ms)
✔ refresh preserves local draft and stale shows latest server (0.213042ms)
✔ reload recovers submitted identity; actor or plan switch never exposes previous draft (0.306167ms)
✔ receipt replay cannot lower a newer snapshot item or restore old coordinates (0.189625ms)
✔ poll compares composite fingerprint even without plan sequence change (0.208708ms)
✔ transient reference failure preserves prior display but blocks another save (0.211334ms)
✔ permission revocation clears scoped snapshot and same-tab recovery (0.185959ms)
✔ undo is a new revision-checked inverse command (0.25425ms)
✔ undo refuses to rebase across a collaborator edit of the same item (0.229541ms)
✔ item A stale does not stop independent item B save (0.239209ms)
✔ explicit reapply uses latest revision and a new request key while retaining the local draft (0.243291ms)
✔ accept-server drops only the conflicted item draft (0.348208ms)
✔ late read and save permission failures from a retired epoch leave newly loaded state alone (0.125167ms)
✔ transfer delta applies source state and class labels atomically (0.156833ms)
✔ ambiguous save visible in refresh still replays original receipt key and body (0.180208ms)
✔ replayed old receipt cannot auto-send newer queued intent over collaborator revision (0.180708ms)
✔ late successful read from retired epoch cannot reopen old scope data (0.068458ms)
✔ uses canonical RPC arguments and forwards AbortSignal (0.723291ms)
✔ rejects malformed snapshot and never reports synthetic empty success (0.352917ms)
✔ calls real transfer RPC names and requires atomic label metadata (0.239583ms)
✔ transfer result without labels or complete snapshot fails closed (0.195167ms)
✔ minimal signals refresh selected plan or operating shadow; visible poll and focus recover missed events (0.316542ms)
✔ plan metadata mutation uses canonical command envelope (0.112625ms)
ℹ tests 41
ℹ suites 0
ℹ pass 41
ℹ fail 0
ℹ cancelled 0
ℹ skipped 0
ℹ todo 0
ℹ duration_ms 63.889666
