✔ serializes two edits, retains newer intent across reverse responses and uses latest item revision (2.67025ms)
✔ ambiguous failure retries immutable request while newer draft stays queued (0.718708ms)
✔ refresh preserves local draft and stale shows latest server (0.285708ms)
✔ reload recovers submitted identity; actor or plan switch never exposes previous draft (0.338208ms)
✔ receipt replay cannot lower a newer snapshot item or restore old coordinates (0.195042ms)
✔ poll compares composite fingerprint even without plan sequence change (0.162667ms)
✔ transient reference failure preserves prior display but blocks another save (0.148542ms)
✔ permission revocation clears scoped snapshot and same-tab recovery (0.187291ms)
✔ undo is a new revision-checked inverse command (0.264375ms)
✔ undo refuses to rebase across a collaborator edit of the same item (0.505208ms)
✔ item A stale does not stop independent item B save (0.58625ms)
✔ explicit reapply uses latest revision and a new request key while retaining the local draft (0.288125ms)
✔ accept-server drops only the conflicted item draft (0.140209ms)
✔ late read and save permission failures from a retired epoch leave newly loaded state alone (0.12725ms)
✔ transfer delta applies source state and class labels atomically (0.387166ms)
✔ ambiguous save visible in refresh still replays original receipt key and body (0.215958ms)
✔ replayed old receipt cannot auto-send newer queued intent over collaborator revision (0.300334ms)
✔ late successful read from retired epoch cannot reopen old scope data (0.096667ms)
✔ older successful receipt cannot resurrect an item deleted in newer authoritative snapshot (0.132375ms)
✔ own-save signal before receipt still drains queued second edit (0.215083ms)
✔ paused retired controller rejects old action references and terminal destroy cannot resume (0.159458ms)
✔ independent creates merge when later sequence receipt arrives first without a full refresh (0.222333ms)
✔ malformed applied transfer item cannot strip source slots or mark the view verified (0.08225ms)
✔ independent delete receipt still applies after a later unrelated create receipt (0.2ms)
✔ complete but unknown applied source item is rejected before a transfer delta merge (0.099042ms)
✔ confirmed 23P01 rejection can be explicitly corrected with a new request identity (0.4625ms)
✔ confirmed 22023 rejection can be explicitly corrected with a new request identity (0.143583ms)
✔ uncertain response cannot be replaced or discarded and retries original immutable body/key (0.496458ms)
✔ corrected rejected head preserves queued newer edit and independent item draft (0.296125ms)
✔ discard confirmed rejected head advances queued latest edit while preserving independent pending item (0.2295ms)
✔ plan-copy receipt at equal sequence never replaces a newer operating reference or verifies it (0.169667ms)
✔ selected item IDs and final copy/move effects are explicit (0.638125ms)
✔ unknown response retains byte-equivalent immutable command through new preview attempts and remount (2.731583ms)
✔ committed refresh failure retries only reads and never repeats promotion (0.138917ms)
✔ exact stale rejection permits explicit new selection preview and new key (0.126083ms)
✔ preview blockers prevent commit and exact rejection pairs exclude unrelated SQL failures (0.071042ms)
✔ late commit response from retired actor neither merges data nor invokes caches (0.099042ms)
✔ preview sends exact canonical request with selected item IDs (0.661625ms)
✔ malformed or mismatched preview is never commit-ready (0.185542ms)
✔ malformed or mismatched preview is never commit-ready (0.050125ms)
✔ malformed or mismatched preview is never commit-ready (0.055375ms)
ℹ tests 41
ℹ suites 0
ℹ pass 41
ℹ fail 0
ℹ cancelled 0
ℹ skipped 0
ℹ todo 0
ℹ duration_ms 76.305958
