{"change":"none","passed":true,"beforeDialogs":0,"afterDialogs":0,"pendingBeforeRelease":1,"nextGesture":true,"nextKeyboardOpen":true,"secondPointerSynthetic":false,"reads":1,"mutations":0,"external":0}
{"change":"refresh","passed":true,"beforeDialogs":0,"afterDialogs":0,"pendingBeforeRelease":1,"nextGesture":true,"nextKeyboardOpen":true,"secondPointerSynthetic":false,"reads":2,"mutations":0,"external":0}
{"change":"view","passed":true,"beforeDialogs":0,"afterDialogs":0,"pendingBeforeRelease":1,"nextGesture":true,"nextKeyboardOpen":true,"secondPointerSynthetic":false,"reads":1,"mutations":0,"external":0}
{"change":"filter","passed":true,"beforeDialogs":0,"afterDialogs":0,"pendingBeforeRelease":1,"nextGesture":true,"nextKeyboardOpen":true,"secondPointerSynthetic":false,"reads":1,"mutations":0,"external":0}
{"change":"unmount","passed":true,"beforeDialogs":0,"afterDialogs":0,"pendingBeforeRelease":0,"nextGesture":true,"nextKeyboardOpen":true,"secondPointerSynthetic":false,"reads":2,"mutations":0,"external":0}
{"change":"unrelated-release","passed":true,"beforeDialogs":0,"afterDialogs":0,"pendingBeforeRelease":1,"nextGesture":true,"nextKeyboardOpen":true,"secondPointerSynthetic":false,"reads":1,"mutations":0,"external":0}
{"change":"new-gesture","passed":true,"beforeDialogs":0,"afterDialogs":0,"pendingBeforeRelease":0,"nextGesture":true,"nextKeyboardOpen":true,"secondPointerSynthetic":true,"reads":1,"mutations":0,"external":0}
{
  "mode": "local Next production webpack",
  "transport": "synthetic reads; all mutations/external requests blocked",
  "results": [
    {
      "change": "none",
      "passed": true,
      "beforeDialogs": 0,
      "afterDialogs": 0,
      "pendingBeforeRelease": 1,
      "nextGesture": true,
      "nextKeyboardOpen": true,
      "secondPointerSynthetic": false,
      "reads": 1,
      "mutations": 0,
      "external": 0
    },
    {
      "change": "refresh",
      "passed": true,
      "beforeDialogs": 0,
      "afterDialogs": 0,
      "pendingBeforeRelease": 1,
      "nextGesture": true,
      "nextKeyboardOpen": true,
      "secondPointerSynthetic": false,
      "reads": 2,
      "mutations": 0,
      "external": 0
    },
    {
      "change": "view",
      "passed": true,
      "beforeDialogs": 0,
      "afterDialogs": 0,
      "pendingBeforeRelease": 1,
      "nextGesture": true,
      "nextKeyboardOpen": true,
      "secondPointerSynthetic": false,
      "reads": 1,
      "mutations": 0,
      "external": 0
    },
    {
      "change": "filter",
      "passed": true,
      "beforeDialogs": 0,
      "afterDialogs": 0,
      "pendingBeforeRelease": 1,
      "nextGesture": true,
      "nextKeyboardOpen": true,
      "secondPointerSynthetic": false,
      "reads": 1,
      "mutations": 0,
      "external": 0
    },
    {
      "change": "unmount",
      "passed": true,
      "beforeDialogs": 0,
      "afterDialogs": 0,
      "pendingBeforeRelease": 0,
      "nextGesture": true,
      "nextKeyboardOpen": true,
      "secondPointerSynthetic": false,
      "reads": 2,
      "mutations": 0,
      "external": 0
    },
    {
      "change": "unrelated-release",
      "passed": true,
      "beforeDialogs": 0,
      "afterDialogs": 0,
      "pendingBeforeRelease": 1,
      "nextGesture": true,
      "nextKeyboardOpen": true,
      "secondPointerSynthetic": false,
      "reads": 1,
      "mutations": 0,
      "external": 0
    },
    {
      "change": "new-gesture",
      "passed": true,
      "beforeDialogs": 0,
      "afterDialogs": 0,
      "pendingBeforeRelease": 0,
      "nextGesture": true,
      "nextKeyboardOpen": true,
      "secondPointerSynthetic": true,
      "reads": 1,
      "mutations": 0,
      "external": 0
    }
  ]
}
