✔ actual React StrictMode effect replay retains a live controller that loads and saves (38.786708ms)
✔ actor cleanup removes recovery for unmounted plans while keeping another actor (3.97975ms)
An update to Harness inside a test was not wrapped in act(...).

When testing, code that causes React state updates should be wrapped into act(...):

act(() => {
  /* fire events that update state */
});
/* assert on the output */

This ensures that you're testing the behavior the user would see in the browser. Learn more at https://react.dev/link/wrap-tests-with-act

Interrupted while running:

⚠ tests/timetable-plan-hook.node.ts (tests/timetable-plan-hook.node.ts:1:1)
✖ tests/timetable-plan-hook.node.ts (13164.222917ms)
ℹ tests 3
ℹ suites 0
ℹ pass 2
ℹ fail 0
ℹ cancelled 1
ℹ skipped 0
ℹ todo 0
ℹ duration_ms 13165.938334

✖ failing tests:

test at tests/timetable-plan-hook.node.ts:1:1
✖ tests/timetable-plan-hook.node.ts (13164.222917ms)
  'Promise resolution is still pending but the event loop has already resolved'
