✔ timetable mode performs one range RPC and never reads curriculum detail sources (2.429292ms)
✔ timetable density branches are all-or-nothing and distinguish row from collection pressure (0.695291ms)
✔ every timetable density result is bound to the requested visible range (0.082625ms)
✔ curriculum mode applies every filter at the server and returns a 30 plus one keyset page (3.470875ms)
✔ curriculum detail is selection-driven and exact while stale continuation is rejected (0.188542ms)
✔ curriculum cursor scope is actor-bound before any database continuation (1.280917ms)
✔ curriculum continuation reuses first-page stats and facets without requesting recomputation (0.99425ms)
✔ null-period first page canonicalizes the resolved default before continuation (0.551ms)
✔ continuation loading and last-good display are synchronously bound to the active scope (0.077459ms)
✔ curriculum CTA prioritizes missing sessions while textbook counts remain independent (0.0805ms)
✔ current-scope rendering requires data and display fingerprints to both match (0.046792ms)
✔ authenticated user and resolved dashboard role isolate every academic execution state (0.092208ms)
✔ academic scoped migration is invoker-only, authenticated-only, bounded and explicit (2.395875ms)
✔ academic SQL filters candidates before aggregates and keeps continuation metadata optional (0.860459ms)
✔ academic SQL resolves defaults once and uses canonical classroom and work-state semantics (1.119583ms)
✔ academic SQL returns the earliest exact unplanned session and an explicit detail class projection (0.601667ms)
✔ timetable support collections project only explicit scalar fields (0.684958ms)
✔ serializes two edits, retains newer intent across reverse responses and uses latest item revision (2.492958ms)
✔ ambiguous failure retries immutable request while newer draft stays queued (0.705292ms)
✔ refresh preserves local draft and stale shows latest server (0.294333ms)
✔ reload recovers submitted identity; actor or plan switch never exposes previous draft (0.310125ms)
✔ receipt replay cannot lower a newer snapshot item or restore old coordinates (0.302542ms)
✔ poll compares composite fingerprint even without plan sequence change (0.180375ms)
✔ transient reference failure preserves prior display but blocks another save (0.145708ms)
✔ permission revocation clears scoped snapshot and same-tab recovery (0.323ms)
✔ undo is a new revision-checked inverse command (0.336541ms)
✔ undo refuses to rebase across a collaborator edit of the same item (0.235375ms)
✔ item A stale does not stop independent item B save (0.2545ms)
✔ explicit reapply uses latest revision and a new request key while retaining the local draft (0.5755ms)
✔ accept-server drops only the conflicted item draft (0.1375ms)
✔ late read and save permission failures from a retired epoch leave newly loaded state alone (0.136ms)
✔ transfer delta applies source state and class labels atomically (0.297292ms)
✔ ambiguous save visible in refresh still replays original receipt key and body (0.220459ms)
✔ replayed old receipt cannot auto-send newer queued intent over collaborator revision (0.205584ms)
✔ late successful read from retired epoch cannot reopen old scope data (0.077291ms)
✔ older successful receipt cannot resurrect an item deleted in newer authoritative snapshot (0.117375ms)
✔ own-save signal before receipt still drains queued second edit (0.200375ms)
✔ paused retired controller rejects old action references and terminal destroy cannot resume (0.124458ms)
✔ actual React StrictMode effect replay retains a live controller that loads and saves (38.75525ms)
✔ actor cleanup removes recovery for unmounted plans while keeping another actor (4.583375ms)
✔ actual plan switch keeps same-actor drafts through child unmount for provider logout cleanup (8.510708ms)
✔ uses canonical RPC arguments and forwards AbortSignal (0.772375ms)
✔ rejects malformed snapshot and never reports synthetic empty success (0.181667ms)
✔ calls real transfer RPC names and requires atomic label metadata (0.100041ms)
✔ transfer result without labels or complete snapshot fails closed (0.136458ms)
✔ minimal signals refresh selected plan or operating shadow; visible poll and focus recover missed events (0.583375ms)
✔ plan metadata mutation uses canonical command envelope (0.087667ms)
✔ transfer delta lacking full source metadata and dated reference is invalid (0.076625ms)
✔ transfer full snapshot must agree with receipt fingerprint and source plan (0.083042ms)
✔ transfer delta must include the returned class labels in its complete reference (0.102709ms)
ℹ tests 50
ℹ suites 0
ℹ pass 50
ℹ fail 0
ℹ cancelled 0
ℹ skipped 0
ℹ todo 0
ℹ duration_ms 294.465291
