✔ create: unknown receipt survives changed name (63.749458ms)
✔ create: unknown receipt survives changed name and dialog reopen (23.15125ms)
✔ clone: unknown receipt survives changed name (15.951208ms)
✔ clone: unknown receipt survives changed name and dialog reopen (21.463167ms)
✔ late share success cannot populate another actor/dialog (12.922333ms)
✔ late share failure cannot populate another actor/dialog (11.333959ms)
✔ late create success cannot change another actor's selection/dialog (14.580625ms)
✔ late create failure cannot change another actor's selection/dialog (14.180917ms)
✔ late share response cannot fill a newer dialog in the same actor scope (11.088708ms)
✔ conclusive picker validation rejection permits corrected intent; unrelated code/message remains immutable (25.078708ms)
✔ share receipt preserves later viewer-to-editor change for a separate confirmed-revision command (18.426958ms)
✔ share receipt preserves later revocation for a separate confirmed-revision command (22.026791ms)
✔ create: submitted immutable receipt survives full remount (9.366666ms)
✔ clone: submitted immutable receipt survives full remount (7.718708ms)
✔ rename: submitted immutable receipt survives full remount (8.310417ms)
✔ share: submitted immutable receipt survives full remount (12.485083ms)
✔ archive: submitted immutable receipt survives full remount (11.799167ms)
✔ restore: submitted immutable receipt survives full remount (9.188334ms)
✔ actor retirement purges pending metadata, picker list and recovery UI (11.838625ms)
ℹ tests 19
ℹ suites 0
ℹ pass 19
ℹ fail 0
ℹ cancelled 0
ℹ skipped 0
ℹ todo 0
ℹ duration_ms 1633.207875
