
APPLY supabase/migrations/20260923063151_timetable_schedule_mutation_safety.sql
BEGIN
SET
SET
CREATE FUNCTION
REVOKE
DO
ALTER TABLE
ALTER TABLE
CREATE FUNCTION
CREATE FUNCTION
COMMIT

APPLY supabase/migrations/20260923065331_timetable_schedule_partial_resources.sql
BEGIN
SET
SET
DO
DO
COMMIT

APPLY supabase/migrations/20260923070639_timetable_schedule_literal_resources.sql
BEGIN
SET
SET
DO
DO
COMMIT

APPLY supabase/migrations/20260923073614_timetable_normalized_slot_resources.sql
BEGIN
SET
SET
DO
COMMIT

APPLY supabase/migrations/20260923074255_timetable_legacy_ambiguous_room_parser.sql
BEGIN
SET
SET
DO
COMMIT

APPLY supabase/migrations/20260923075249_timetable_normalized_slot_time_matching.sql
BEGIN
SET
SET
DO
COMMIT

APPLY supabase/migrations/20260923081138_timetable_plan_storage.sql
CREATE TABLE
CREATE TABLE
CREATE INDEX
CREATE TABLE
CREATE TABLE
CREATE INDEX
CREATE INDEX
CREATE INDEX
CREATE TABLE
CREATE TABLE
ALTER TABLE
CREATE TABLE
INSERT 0 1
CREATE FUNCTION
CREATE FUNCTION
CREATE FUNCTION
CREATE FUNCTION
CREATE FUNCTION
CREATE FUNCTION
CREATE TRIGGER
CREATE FUNCTION
CREATE FUNCTION
CREATE FUNCTION
CREATE FUNCTION
CREATE FUNCTION
CREATE FUNCTION
CREATE FUNCTION
CREATE FUNCTION
CREATE FUNCTION
CREATE FUNCTION
CREATE FUNCTION
CREATE FUNCTION
CREATE FUNCTION
CREATE FUNCTION
DO
GRANT
CREATE POLICY
CREATE POLICY
CREATE POLICY
CREATE POLICY
CREATE FUNCTION
ALTER FUNCTION
REVOKE
GRANT
CREATE POLICY
DO

APPLY supabase/migrations/20260923085008_timetable_operational_conflict_guards.sql
CREATE FUNCTION
CREATE FUNCTION
CREATE FUNCTION
CREATE FUNCTION
CREATE FUNCTION
CREATE FUNCTION
CREATE TABLE
ALTER TABLE
ALTER TABLE
REVOKE
CREATE FUNCTION
CREATE FUNCTION
CREATE FUNCTION
CREATE FUNCTION
CREATE TRIGGER
CREATE TRIGGER
CREATE TRIGGER
CREATE TRIGGER
CREATE TRIGGER
CREATE TRIGGER
CREATE TRIGGER
CREATE TRIGGER
CREATE TRIGGER
CREATE TRIGGER
CREATE TRIGGER
CREATE FUNCTION
CREATE FUNCTION
CREATE FUNCTION
CREATE FUNCTION
CREATE FUNCTION
CREATE FUNCTION
CREATE FUNCTION
CREATE FUNCTION
CREATE FUNCTION
CREATE FUNCTION
CREATE FUNCTION
CREATE FUNCTION
CREATE FUNCTION
CREATE FUNCTION
CREATE FUNCTION
CREATE FUNCTION
CREATE FUNCTION
CREATE FUNCTION
CREATE FUNCTION
CREATE FUNCTION
CREATE FUNCTION
CREATE FUNCTION
CREATE FUNCTION
CREATE FUNCTION
CREATE FUNCTION
CREATE FUNCTION
CREATE FUNCTION
CREATE FUNCTION
DO
ALTER FUNCTION
REVOKE
GRANT
CREATE FUNCTION
ALTER FUNCTION
REVOKE
GRANT
CREATE FUNCTION
CREATE FUNCTION
CREATE FUNCTION
ALTER TABLE
CREATE FUNCTION
