✔ 응답이 유실된 동일 휴보강 생성 재시도는 같은 request ID를 재사용한다 (3.257959ms)
✔ 사용자나 payload가 달라지면 휴보강 생성 request ID도 분리한다 (0.488125ms)
✔ 명확한 DB 검증 실패는 보존 ID를 제거해 수정 후 새 시도로 시작한다 (0.806542ms)
✔ exact makeup outcome P0001/makeup_request_stale_status (0.73325ms)
✔ exact makeup outcome P0001/makeup_lesson_session_stale (0.443208ms)
✔ exact makeup outcome P0001/unknown_server_error (0.216125ms)
✔ exact makeup outcome 40001/could not serialize access due to concurrent update (0.173125ms)
✔ Task 8 기준 설정은 원본 revision/checksum으로 비교하고 운영자 수정과 충돌하면 중단한다 (6.063625ms)
✔ 변경되지 않은 설정은 규칙 ID·revision·enabled·활성 템플릿 checksum을 그대로 둔다 (0.85725ms)
✔ 보관 delivery는 실제 원본 이벤트 occurrence와 안전 스냅샷 기준으로 정확히 한 번 가져온다 (1.082833ms)
✔ 보관 delivery import는 event_key 컬럼과 로컬 변수를 명확히 구분한다 (0.49175ms)
✔ 보관된 93건 import는 7개 trigger의 개인 대상 규칙과 동일 인물 우선순위를 보존한다 (1.218ms)
✔ 500건 보관 경계는 삭제하지 않고 singleton과 append-only 관측을 함께 남긴다 (0.461042ms)
✔ 휴보강 생성·전이·삭제 RPC는 요청 영수증과 원본/canonical 이벤트를 한 트랜잭션에 기록한다 (1.421042ms)
✔ 휴보강 생성 입력은 서버 수업·담당자·결재그룹·학부장 배정과 일치해야 한다 (0.765333ms)
✔ 고정 전이 명령만 허용하고 상태·행위자·삭제 권한을 서버에서 검증한다 (0.574667ms)
✔ 휴보강 과목팀 adapter는 영어·수학·과학 중 payload가 정한 한 방만 만든다 (39.079458ms)
✔ 휴보강 content migration은 v2 저장만 canonical·legacy를 함께 쓰는 권위로 둔다 (1.608625ms)
✔ 조교 휴보강 권한은 restrictive RLS·DML trigger·공개 RPC 입구에서 모두 차단한다 (1.81375ms)
✔ 조교 휴보강 restrictive RLS는 역할 조회를 행별 재평가하지 않는다 (0.521541ms)
✔ 승인 취소와 삭제는 이전 미전송 건만 source_status_changed로 끝낸다 (0.345417ms)
✔ 레거시 브리지는 sourceEventId만 받고 권위 원본·공유 소유권·서버 provider를 사용한다 (0.501917ms)
✔ 조교 휴보강 알림 후처리는 actor profile에서 service-role dispatch 전에 거절한다 (0.308459ms)
✔ 클라이언트는 원자적 RPC 성공 뒤 sourceEventId 후처리를 완료까지 기다리되 전달 실패로 저장을 실패시키지 않는다 (0.449167ms)
✔ 승인 일정 효과는 인증된 서버가 원본에서 계산하고 공개 RPC의 브라우저 approve를 닫는다 (0.912042ms)
✔ 동시 휴보강 승인은 강의실별 트랜잭션 잠금 뒤 최신 승인 점유를 다시 검사한다 (0.392417ms)
✔ 승인 HTTP 응답 유실 뒤 같은 mutation ID는 최소 fingerprint로 원래 영수증을 회수한다 (0.515875ms)
✔ 휴보강 전이와 레거시 공급자는 NULL·재실행·웹푸시를 fail-closed로 처리한다 (1.044834ms)
✔ 휴보강 Google Chat·웹푸시는 준비 뒤 외부 시도 등록기를 통과해야만 provider를 호출한다 (0.445333ms)
✔ 영어·수학 레거시 토글은 공통 과목팀 canonical rule 한 건으로 저장한다 (0.147584ms)
✔ pgTAP 패킷은 single-writer 경계·원본 계보·스냅샷·최종 parity를 검증한다 (0.308375ms)
✔ actual makeup producer pair maps HTTP409 and actionable message: makeup_request_stale_status (0.3675ms)
✔ actual makeup producer pair maps HTTP409 and actionable message: makeup_request_source_changed (0.041209ms)
✔ actual makeup producer pair maps HTTP409 and actionable message: makeup_schedule_plan_stale (0.032ms)
✔ actual makeup producer pair maps HTTP409 and actionable message: makeup_lesson_session_stale (0.027084ms)
✔ actual makeup producer pair maps HTTP409 and actionable message: makeup_room_collision (0.037167ms)
✔ actual makeup producer pair maps HTTP409 and actionable message: makeup_calendar_event_conflict (0.024791ms)
✔ unknown P0001 is not silently conclusive; real40001 remains a database retry (0.041792ms)
✔ concurrency runner requires explicit isolated local transport (0.484ms)
✔ actual service+DB copy/move observes provider fetch spy zero independently of populated queue JSON (120.812125ms)
✔ actual post-race snapshot exposes conflict resolution in canonical consumer (1.029ms)
ℹ tests 41
ℹ suites 0
ℹ pass 41
ℹ fail 0
ℹ cancelled 0
ℹ skipped 0
ℹ todo 0
ℹ duration_ms 189.026667
