✔ a retry reuses the action request key and its canonical defaults payload (0.753125ms)
✔ RPC errors are mapped to safe schedule action states (0.098916ms)
✔ generation preview sends only the bounded range and revision (0.422125ms)
✔ bounded reader deduplicates one range, aborts a prior class, and trusts the RPC authority result (0.288917ms)
✔ runtime-not-ready reloads legacy while other normalized read failures stay explicit (0.150875ms)
✔ saving a class as closed commits metadata and the existing roster close through one gateway (0.820292ms)
✔ legacy class archive entry point also uses the atomic close RPC (0.215875ms)
✔ an ambiguous class close retry reuses the same request key (0.243959ms)
✔ a post-close cache refresh retry replays the committed request key (0.13175ms)
✔ a successful close keeps its receipt key for an outer workflow retry (0.087667ms)
✔ the detail save flow does not rewrite removed period group memberships (2.788083ms)
✔ normalized defaults preserve slot and catalog IDs through the five-column editor (1.307834ms)
✔ normalized defaults retain full comma-containing catalog names (0.226333ms)
✔ legacy schedule consumer retains per-slot teacher and room after normalized save projection (0.67725ms)
✔ projected mixed resource slots keep assigned and unassigned states in the legacy parser (0.345917ms)
✔ literal absence labels and former escape tokens remain assigned names (0.299333ms)
✔ normalized metadata writes omit schedule-owned legacy columns (0.363334ms)
✔ management service calls defaults, save, and initialization RPCs with revision and idempotency keys (11.988083ms)
✔ a missing defaults RPC keeps legacy class creation available (0.09125ms)
✔ ready management roster assignment returns only the committed atomic RPC projection (1.859667ms)
✔ ready management roster rejects an incomplete or mismatched committed projection (0.693375ms)
✔ maintenance management roster controls fail closed before any table or RPC write (0.2755ms)
✔ ready management roster removal returns the committed removed projection (0.257375ms)
✔ a missing ready management roster RPC invalidates readiness instead of falling back (0.250792ms)
✔ ready student and class saves strip canonical roster fields and direct student status (12.767958ms)
✔ student physical deletion checks reverse roster links and immutable history (0.369875ms)
✔ teacher catalog saves ignore unchanged rows before audit-triggering upserts (0.130042ms)
✔ teacher catalog saves do not update linked profiles when profile fields are unchanged (0.304542ms)
✔ student upserts retry without optional counseling fields when the live schema is stale (0.168666ms)
✔ class metadata updates retry without optional class type while preserving operation fields (0.194208ms)
✔ student class relation changes update only canonical roster arrays (0.218084ms)
✔ student class relation changes roll back the student side if the class write fails (0.154417ms)
✔ touching intervals are free but one minute of overlap conflicts (2.186333ms)
✔ same item overlaps even with different resources and includes both resource reasons when shared (0.175375ms)
✔ each plan is independent, while every plan checks the same active shadow (0.127958ms)
✔ a source class is not exempt from its own live shadow (0.0895ms)
✔ suggestions preserve resource IDs, selected weekday order and five minute sequence (0.38175ms)
✔ suggestions avoid shadows even for matching source class and return empty when none fit (0.112792ms)
✔ an unrelated preexisting conflict does not hide a safe new suggestion (0.211125ms)
✔ operating retry retains request key and payload; refresh failure is committed (1.183875ms)
✔ operating conflict preserves inputs and separates true serialization failure (0.125625ms)
✔ date authority frees actual date but recurring plan still reserves weekly shadow (0.171834ms)
✔ dated exception and source-less legacy occupancy are additive and identify exact date (0.087ms)
✔ period suggestions include dated reservations and never offer incomplete range (0.198083ms)
✔ actual management consumer uses atomic gateway and keeps retry key after lost response (0.410584ms)
✔ metadata-only UPDATE does not claim success for zero affected rows (0.187708ms)
✔ committed defaults and initialization retain a pending cache refresh receipt (0.132709ms)
ℹ tests 47
ℹ suites 0
ℹ pass 47
ℹ fail 0
ℹ cancelled 0
ℹ skipped 0
ℹ todo 0
ℹ duration_ms 105.4795
