✔ timetable panels expose per-panel high resolution image export (2.252167ms)
✔ timetable blocks expose structured hover details (2.116416ms)
✔ timetable panel headers show lesson count and weekly hours (0.578792ms)
✔ compact timetable blocks keep class names readable (1.418667ms)
✔ timetable reuses shared tabs and responsive filters without semester controls (1.314583ms)
✔ selected teacher panels remain visible beyond the grid column count (0.947417ms)
✔ default panels include every available target when nothing is selected (0.074625ms)
✔ teacher timetable filters only academic teams for the selected subject (9.173083ms)
✔ precomputed timetable rows preserve the legacy workspace and grid model (0.916792ms)
✔ timetable workspace requests only its active mode and keeps dense recovery explicit (4.382917ms)
✔ weekly timetable panels fit all weekdays without horizontal scrolling (0.212667ms)
✔ daily timetable panels keep horizontal scrolling for wider axis sets (0.086708ms)
✔ timetable ignores retired period scopes and keeps exactly three status choices (0.606583ms)
✔ comparison panels share a cropped axis without losing morning or late lessons (0.253417ms)
✔ serializes two edits, retains newer intent across reverse responses and uses latest item revision (4.4485ms)
✔ ambiguous failure retries immutable request while newer draft stays queued (0.743042ms)
✔ refresh preserves local draft and stale shows latest server (0.2735ms)
✔ reload recovers submitted identity; actor or plan switch never exposes previous draft (0.518875ms)
✔ receipt replay cannot lower a newer snapshot item or restore old coordinates (0.223417ms)
✔ poll compares composite fingerprint even without plan sequence change (0.169042ms)
✔ transient reference failure preserves prior display but blocks another save (0.158875ms)
✔ permission revocation clears scoped snapshot and same-tab recovery (0.192875ms)
✔ undo is a new revision-checked inverse command (0.280959ms)
✔ undo refuses to rebase across a collaborator edit of the same item (0.243209ms)
✔ item A stale does not stop independent item B save (0.73075ms)
✔ explicit reapply uses latest revision and a new request key while retaining the local draft (0.275959ms)
✔ accept-server drops only the conflicted item draft (0.129667ms)
✔ late read and save permission failures from a retired epoch leave newly loaded state alone (0.121916ms)
✔ transfer delta applies source state and class labels atomically (0.474667ms)
✔ ambiguous save visible in refresh still replays original receipt key and body (0.27275ms)
✔ replayed old receipt cannot auto-send newer queued intent over collaborator revision (0.258125ms)
✔ late successful read from retired epoch cannot reopen old scope data (0.073667ms)
✔ older successful receipt cannot resurrect an item deleted in newer authoritative snapshot (0.12225ms)
✔ own-save signal before receipt still drains queued second edit (0.185666ms)
✔ paused retired controller rejects old action references and terminal destroy cannot resume (0.152375ms)
✔ independent creates merge when later sequence receipt arrives first without a full refresh (0.221458ms)
✔ malformed applied transfer item cannot strip source slots or mark the view verified (0.076458ms)
✔ independent delete receipt still applies after a later unrelated create receipt (0.199583ms)
✔ complete but unknown applied source item is rejected before a transfer delta merge (0.099208ms)
✔ confirmed 23P01 rejection can be explicitly corrected with a new request identity (0.215ms)
✔ confirmed 22023 rejection can be explicitly corrected with a new request identity (0.3945ms)
✔ uncertain response cannot be replaced or discarded and retries original immutable body/key (0.494041ms)
✔ corrected rejected head preserves queued newer edit and independent item draft (0.300458ms)
✔ actual React StrictMode effect replay retains a live controller that loads and saves (41.372042ms)
✔ actor cleanup removes recovery for unmounted plans while keeping another actor (4.17575ms)
✔ actual plan switch keeps same-actor drafts through child unmount for provider logout cleanup (9.289583ms)
✔ teacher-weekly: move Monday alone across resource panel/column at identical time, preserve offset and all projections (0.90025ms)
✔ teacher-weekly: unplaced item drop creates one stable slot with target resource (0.073834ms)
✔ classroom-weekly: move Monday alone across resource panel/column at identical time, preserve offset and all projections (0.087375ms)
✔ classroom-weekly: unplaced item drop creates one stable slot with target resource (0.03825ms)
✔ daily-teacher: move Monday alone across resource panel/column at identical time, preserve offset and all projections (0.074292ms)
✔ daily-teacher: unplaced item drop creates one stable slot with target resource (0.0485ms)
✔ daily-classroom: move Monday alone across resource panel/column at identical time, preserve offset and all projections (0.05725ms)
✔ daily-classroom: unplaced item drop creates one stable slot with target resource (0.043959ms)
✔ shadow never produces move, resize or unplace commands (0.1805ms)
✔ exact typed minutes and midnight preserved, invalid overflow rejected (0.300666ms)
✔ empty presets build panels from IDs, duplicate names do not merge; overlap lanes retain every slot (4.556458ms)
✔ pointer cancel, Escape and capture-loss cannot commit; source/target panel identity counts as a move (0.09175ms)
✔ teacher-weekly: rendered empty-cell and drag-handle actions expose canonical coordinates, shadows have no handles (60.493834ms)
✔ classroom-weekly: rendered empty-cell and drag-handle actions expose canonical coordinates, shadows have no handles (12.443417ms)
✔ daily-teacher: rendered empty-cell and drag-handle actions expose canonical coordinates, shadows have no handles (6.874208ms)
✔ daily-classroom: rendered empty-cell and drag-handle actions expose canonical coordinates, shadows have no handles (6.488417ms)
✔ hidden operating subjects still block changed placements, while name-only edits preserve existing conflicts (0.30075ms)
✔ empty resource catalogs produce no misleading day grids in any view (0.0365ms)
✔ rendered class-list selection uses item IDs, preserves hidden selections and excludes applied/shadows (18.909875ms)
✔ uses canonical RPC arguments and forwards AbortSignal (0.794875ms)
✔ rejects malformed snapshot and never reports synthetic empty success (0.187708ms)
✔ calls real transfer RPC names and requires atomic label metadata (0.102084ms)
✔ transfer result without labels or complete snapshot fails closed (0.144ms)
✔ minimal signals refresh selected plan or operating shadow; visible poll and focus recover missed events (0.832334ms)
✔ plan metadata mutation uses canonical command envelope (0.078791ms)
✔ transfer delta lacking full source metadata and dated reference is invalid (0.079708ms)
✔ transfer full snapshot must agree with receipt fingerprint and source plan (0.086416ms)
✔ transfer delta must include the returned class labels in its complete reference (0.1ms)
✔ transfer applied items require complete source-plan applied shape and transfer identity (0.248042ms)
ℹ tests 75
ℹ suites 0
ℹ pass 75
ℹ fail 0
ℹ cancelled 0
ℹ skipped 0
ℹ todo 0
ℹ duration_ms 589.98475
