✔ serializes two edits, retains newer intent across reverse responses and uses latest item revision (2.690459ms)
✔ ambiguous failure retries immutable request while newer draft stays queued (0.727834ms)
✔ refresh preserves local draft and stale shows latest server (0.284041ms)
✔ reload recovers submitted identity; actor or plan switch never exposes previous draft (0.322459ms)
✔ receipt replay cannot lower a newer snapshot item or restore old coordinates (0.20375ms)
✔ poll compares composite fingerprint even without plan sequence change (0.170333ms)
✔ transient reference failure preserves prior display but blocks another save (0.134625ms)
✔ permission revocation clears scoped snapshot and same-tab recovery (0.202375ms)
✔ undo is a new revision-checked inverse command (0.258875ms)
✔ undo refuses to rebase across a collaborator edit of the same item (0.222083ms)
✔ item A stale does not stop independent item B save (0.244ms)
✔ explicit reapply uses latest revision and a new request key while retaining the local draft (0.353541ms)
✔ accept-server drops only the conflicted item draft (0.149084ms)
✔ late read and save permission failures from a retired epoch leave newly loaded state alone (0.135834ms)
✔ transfer delta applies source state and class labels atomically (0.37525ms)
✔ ambiguous save visible in refresh still replays original receipt key and body (0.220375ms)
✔ replayed old receipt cannot auto-send newer queued intent over collaborator revision (0.23275ms)
✔ late successful read from retired epoch cannot reopen old scope data (0.080542ms)
✔ older successful receipt cannot resurrect an item deleted in newer authoritative snapshot (0.12275ms)
✔ own-save signal before receipt still drains queued second edit (0.190334ms)
✔ paused retired controller rejects old action references and terminal destroy cannot resume (0.13475ms)
✔ independent creates merge when later sequence receipt arrives first without a full refresh (0.229292ms)
✔ malformed applied transfer item cannot strip source slots or mark the view verified (0.081791ms)
✔ independent delete receipt still applies after a later unrelated create receipt (0.206416ms)
✔ complete but unknown applied source item is rejected before a transfer delta merge (0.097417ms)
✔ uses canonical RPC arguments and forwards AbortSignal (0.848834ms)
✔ rejects malformed snapshot and never reports synthetic empty success (0.197834ms)
✔ calls real transfer RPC names and requires atomic label metadata (0.107792ms)
✔ transfer result without labels or complete snapshot fails closed (0.697792ms)
✔ minimal signals refresh selected plan or operating shadow; visible poll and focus recover missed events (0.242125ms)
✔ plan metadata mutation uses canonical command envelope (0.090667ms)
✔ transfer delta lacking full source metadata and dated reference is invalid (0.077125ms)
✔ transfer full snapshot must agree with receipt fingerprint and source plan (0.086334ms)
✔ transfer delta must include the returned class labels in its complete reference (0.11075ms)
✔ transfer applied items require complete source-plan applied shape and transfer identity (0.273625ms)
ℹ tests 35
ℹ suites 0
ℹ pass 35
ℹ fail 0
ℹ cancelled 0
ℹ skipped 0
ℹ todo 0
ℹ duration_ms 72.844916
