✔ 응답이 유실된 동일 휴보강 생성 재시도는 같은 request ID를 재사용한다 (5.127ms)
✔ 사용자나 payload가 달라지면 휴보강 생성 request ID도 분리한다 (3.621917ms)
✔ 명확한 DB 검증 실패는 보존 ID를 제거해 수정 후 새 시도로 시작한다 (1.336792ms)
✔ exact makeup outcome P0001/makeup_request_stale_status (1.005417ms)
✔ exact makeup outcome P0001/makeup_lesson_session_stale (2.714417ms)
✔ exact makeup outcome P0001/unknown_server_error (3.126375ms)
✔ exact makeup outcome 40001/could not serialize access due to concurrent update (1.905375ms)
✔ Task 8 기준 설정은 원본 revision/checksum으로 비교하고 운영자 수정과 충돌하면 중단한다 (8.867333ms)
✔ 변경되지 않은 설정은 규칙 ID·revision·enabled·활성 템플릿 checksum을 그대로 둔다 (3.974583ms)
✔ 보관 delivery는 실제 원본 이벤트 occurrence와 안전 스냅샷 기준으로 정확히 한 번 가져온다 (1.358542ms)
✔ 보관 delivery import는 event_key 컬럼과 로컬 변수를 명확히 구분한다 (5.2025ms)
✔ 보관된 93건 import는 7개 trigger의 개인 대상 규칙과 동일 인물 우선순위를 보존한다 (11.320333ms)
✔ 500건 보관 경계는 삭제하지 않고 singleton과 append-only 관측을 함께 남긴다 (4.986375ms)
✔ 휴보강 생성·전이·삭제 RPC는 요청 영수증과 원본/canonical 이벤트를 한 트랜잭션에 기록한다 (14.948625ms)
✔ 휴보강 생성 입력은 서버 수업·담당자·결재그룹·학부장 배정과 일치해야 한다 (1.566458ms)
✔ 고정 전이 명령만 허용하고 상태·행위자·삭제 권한을 서버에서 검증한다 (0.687208ms)
✔ 휴보강 과목팀 adapter는 영어·수학·과학 중 payload가 정한 한 방만 만든다 (35.892292ms)
✔ 휴보강 content migration은 v2 저장만 canonical·legacy를 함께 쓰는 권위로 둔다 (5.465666ms)
✔ 조교 휴보강 권한은 restrictive RLS·DML trigger·공개 RPC 입구에서 모두 차단한다 (2.620875ms)
✔ 조교 휴보강 restrictive RLS는 역할 조회를 행별 재평가하지 않는다 (0.582084ms)
✔ 승인 취소와 삭제는 이전 미전송 건만 source_status_changed로 끝낸다 (0.458375ms)
✔ 레거시 브리지는 sourceEventId만 받고 권위 원본·공유 소유권·서버 provider를 사용한다 (0.546625ms)
✔ 조교 휴보강 알림 후처리는 actor profile에서 service-role dispatch 전에 거절한다 (0.266917ms)
✔ 클라이언트는 원자적 RPC 성공 뒤 sourceEventId 후처리를 완료까지 기다리되 전달 실패로 저장을 실패시키지 않는다 (0.4545ms)
✔ 승인 일정 효과는 인증된 서버가 원본에서 계산하고 공개 RPC의 브라우저 approve를 닫는다 (0.98025ms)
✔ 동시 휴보강 승인은 강의실별 트랜잭션 잠금 뒤 최신 승인 점유를 다시 검사한다 (0.702ms)
✔ 승인 HTTP 응답 유실 뒤 같은 mutation ID는 최소 fingerprint로 원래 영수증을 회수한다 (0.656125ms)
✔ 휴보강 전이와 레거시 공급자는 NULL·재실행·웹푸시를 fail-closed로 처리한다 (1.313708ms)
✔ 휴보강 Google Chat·웹푸시는 준비 뒤 외부 시도 등록기를 통과해야만 provider를 호출한다 (0.518792ms)
✔ 영어·수학 레거시 토글은 공통 과목팀 canonical rule 한 건으로 저장한다 (0.148208ms)
✔ pgTAP 패킷은 single-writer 경계·원본 계보·스냅샷·최종 parity를 검증한다 (0.566375ms)
✔ touching intervals are free but one minute of overlap conflicts (1.133584ms)
✔ same item overlaps even with different resources and includes both resource reasons when shared (0.078875ms)
✔ each plan is independent, while every plan checks the same active shadow (0.065167ms)
✔ a source class is not exempt from its own live shadow (0.050208ms)
✔ suggestions preserve resource IDs, selected weekday order and five minute sequence (0.185459ms)
✔ suggestions avoid shadows even for matching source class and return empty when none fit (0.059459ms)
✔ an unrelated preexisting conflict does not hide a safe new suggestion (0.050625ms)
✔ timetable panels expose per-panel high resolution image export (5.518834ms)
✔ timetable blocks expose structured hover details (1.744958ms)
✔ timetable panel headers show lesson count and weekly hours (3.863292ms)
✔ compact timetable blocks keep class names readable (4.000042ms)
✔ timetable reuses shared tabs and responsive filters without semester controls (8.246333ms)
✔ serializes two edits, retains newer intent across reverse responses and uses latest item revision (5.732583ms)
✔ ambiguous failure retries immutable request while newer draft stays queued (1.4595ms)
✔ refresh preserves local draft and stale shows latest server (0.620167ms)
✔ reload recovers submitted identity; actor or plan switch never exposes previous draft (0.814458ms)
✔ receipt replay cannot lower a newer snapshot item or restore old coordinates (0.667625ms)
✔ poll compares composite fingerprint even without plan sequence change (0.258416ms)
✔ transient reference failure preserves prior display but blocks another save (0.575125ms)
✔ permission revocation clears scoped snapshot and same-tab recovery (0.244958ms)
✔ undo is a new revision-checked inverse command (0.282125ms)
✔ undo refuses to rebase across a collaborator edit of the same item (0.241625ms)
✔ item A stale does not stop independent item B save (1.009792ms)
✔ explicit reapply uses latest revision and a new request key while retaining the local draft (0.335125ms)
✔ accept-server drops only the conflicted item draft (0.214333ms)
✔ late read and save permission failures from a retired epoch leave newly loaded state alone (0.19325ms)
✔ transfer delta applies source state and class labels atomically (0.398875ms)
✔ ambiguous save visible in refresh still replays original receipt key and body (0.239833ms)
✔ replayed old receipt cannot auto-send newer queued intent over collaborator revision (0.26675ms)
✔ late successful read from retired epoch cannot reopen old scope data (0.072583ms)
✔ older successful receipt cannot resurrect an item deleted in newer authoritative snapshot (0.131917ms)
✔ own-save signal before receipt still drains queued second edit (0.197542ms)
✔ paused retired controller rejects old action references and terminal destroy cannot resume (0.1545ms)
✔ independent creates merge when later sequence receipt arrives first without a full refresh (0.217083ms)
✔ malformed applied transfer item cannot strip source slots or mark the view verified (0.140166ms)
✔ independent delete receipt still applies after a later unrelated create receipt (0.197083ms)
✔ complete but unknown applied source item is rejected before a transfer delta merge (0.100584ms)
✔ confirmed 23P01 rejection can be explicitly corrected with a new request identity (0.701334ms)
✔ confirmed 22023 rejection can be explicitly corrected with a new request identity (0.361792ms)
✔ uncertain response cannot be replaced or discarded and retries original immutable body/key (0.930375ms)
✔ corrected rejected head preserves queued newer edit and independent item draft (0.339083ms)
✔ discard confirmed rejected head advances queued latest edit while preserving independent pending item (0.234875ms)
✔ plan-copy receipt at equal sequence never replaces a newer operating reference or verifies it (0.168209ms)
✔ teacher-weekly: move Monday alone across resource panel/column at identical time, preserve offset and all projections (0.847833ms)
✔ teacher-weekly: unplaced item drop creates one stable slot with target resource (0.071416ms)
✔ classroom-weekly: move Monday alone across resource panel/column at identical time, preserve offset and all projections (0.0875ms)
✔ classroom-weekly: unplaced item drop creates one stable slot with target resource (0.037917ms)
✔ daily-teacher: move Monday alone across resource panel/column at identical time, preserve offset and all projections (0.069ms)
✔ daily-teacher: unplaced item drop creates one stable slot with target resource (0.046833ms)
✔ daily-classroom: move Monday alone across resource panel/column at identical time, preserve offset and all projections (0.056ms)
✔ daily-classroom: unplaced item drop creates one stable slot with target resource (0.038333ms)
✔ shadow never produces move, resize or unplace commands (0.177833ms)
✔ exact typed minutes and midnight preserved, invalid overflow rejected (0.137916ms)
✔ empty presets build panels from IDs, duplicate names do not merge; overlap lanes retain every slot (4.311417ms)
✔ pointer cancel, Escape and capture-loss cannot commit; source/target panel identity counts as a move (0.077166ms)
✔ teacher-weekly: rendered empty-cell and drag-handle actions expose canonical coordinates, shadows have no handles (60.260709ms)
✔ classroom-weekly: rendered empty-cell and drag-handle actions expose canonical coordinates, shadows have no handles (12.022ms)
✔ daily-teacher: rendered empty-cell and drag-handle actions expose canonical coordinates, shadows have no handles (7.236792ms)
✔ daily-classroom: rendered empty-cell and drag-handle actions expose canonical coordinates, shadows have no handles (6.137583ms)
✔ hidden operating subjects still block changed placements, while name-only edits preserve existing conflicts (0.331958ms)
✔ empty resource catalogs produce no misleading day grids in any view (0.035833ms)
✔ rendered class-list selection uses item IDs, preserves hidden selections and excludes applied/shadows (18.149875ms)
✔ whole-item weekdays replace Mon/Wed with Tue/Thu in one command while preserving per-slot differences and pending draft (0.271333ms)
✔ whole teacher change is explicit and preserves differing slot times, lengths, rooms and IDs (0.057584ms)
✔ single-slot form edit and add-placement preserve the complete differing Wednesday sibling (0.30325ms)
✔ actual makeup producer pair maps HTTP409 and actionable message: makeup_request_stale_status (0.379542ms)
✔ actual makeup producer pair maps HTTP409 and actionable message: makeup_request_source_changed (0.045417ms)
✔ actual makeup producer pair maps HTTP409 and actionable message: makeup_schedule_plan_stale (0.033541ms)
✔ actual makeup producer pair maps HTTP409 and actionable message: makeup_lesson_session_stale (0.032208ms)
✔ actual makeup producer pair maps HTTP409 and actionable message: makeup_room_collision (0.033834ms)
✔ actual makeup producer pair maps HTTP409 and actionable message: makeup_calendar_event_conflict (0.031667ms)
✔ unknown P0001 is not silently conclusive; real40001 remains a database retry (0.04225ms)
✔ concurrency runner requires explicit isolated local transport (0.495208ms)
✔ actual service+DB copy/move observes provider fetch spy zero independently of populated queue JSON (141.231375ms)
✔ actual post-race snapshot exposes conflict resolution in canonical consumer (2.048875ms)
✔ real approval POST maps final producer errors through actual replay and response (106.162583ms)
✔ changed occupancy preserves exact ordered full-scope conflict results, including siblings and shadows (34.074291ms)
✔ selected item IDs and final copy/move effects are explicit (0.851541ms)
✔ unknown response retains byte-equivalent immutable command through new preview attempts and remount (5.119583ms)
✔ committed refresh failure retries only reads and never repeats promotion (0.138125ms)
✔ exact stale rejection permits explicit new selection preview and new key (0.132042ms)
✔ preview blockers prevent commit and exact rejection pairs exclude unrelated SQL failures (0.075ms)
✔ late commit response from retired actor neither merges data nor invokes caches (0.07975ms)
✔ permission revocation immediately clears caller canonical data on preview and commit (0.105708ms)
✔ pending original JSON stays intact while labels show day time and resource names (8.87275ms)
✔ resolving one pending placement atomically adds a new slot and preserves siblings and remaining originals (1.028375ms)
✔ pending without a weekday retains original resources and duration until a day is chosen (0.390083ms)
✔ pending known weekday survives missing time independently (0.223583ms)
✔ science metadata correction saves the chosen catalog key and preserves placement IDs (0.238833ms)
ℹ tests 120
ℹ suites 0
ℹ pass 120
ℹ fail 0
ℹ cancelled 0
ℹ skipped 0
ℹ todo 0
ℹ duration_ms 662.07
