✔ teacher-weekly: move Monday alone across resource panel/column at identical time, preserve offset and all projections (0.856458ms)
✔ teacher-weekly: unplaced item drop creates one stable slot with target resource (0.066667ms)
✔ classroom-weekly: move Monday alone across resource panel/column at identical time, preserve offset and all projections (0.081625ms)
✔ classroom-weekly: unplaced item drop creates one stable slot with target resource (0.040709ms)
✔ daily-teacher: move Monday alone across resource panel/column at identical time, preserve offset and all projections (0.069208ms)
✔ daily-teacher: unplaced item drop creates one stable slot with target resource (0.038583ms)
✔ daily-classroom: move Monday alone across resource panel/column at identical time, preserve offset and all projections (0.056125ms)
✔ daily-classroom: unplaced item drop creates one stable slot with target resource (0.037667ms)
✔ shadow never produces move, resize or unplace commands (0.183292ms)
✔ exact typed minutes and midnight preserved, invalid overflow rejected (0.129708ms)
✔ empty presets build panels from IDs, duplicate names do not merge; overlap lanes retain every slot (4.248375ms)
✔ pointer cancel, Escape and capture-loss cannot commit; source/target panel identity counts as a move (0.075084ms)
✔ teacher-weekly: rendered empty-cell and drag-handle actions expose canonical coordinates, shadows have no handles (58.930292ms)
✔ classroom-weekly: rendered empty-cell and drag-handle actions expose canonical coordinates, shadows have no handles (12.491333ms)
✔ daily-teacher: rendered empty-cell and drag-handle actions expose canonical coordinates, shadows have no handles (7.098125ms)
✔ daily-classroom: rendered empty-cell and drag-handle actions expose canonical coordinates, shadows have no handles (6.273083ms)
✔ hidden operating subjects still block changed placements, while name-only edits preserve existing conflicts (0.333375ms)
✔ empty resource catalogs produce no misleading day grids in any view (0.036791ms)
✔ rendered class-list selection uses item IDs, preserves hidden selections and excludes applied/shadows (17.989875ms)
✔ whole-item weekdays replace Mon/Wed with Tue/Thu in one command while preserving per-slot differences and pending draft (0.268959ms)
✔ whole teacher change is explicit and preserves differing slot times, lengths, rooms and IDs (0.063417ms)
✔ single-slot form edit and add-placement preserve the complete differing Wednesday sibling (0.310458ms)
✔ actual makeup producer pair maps HTTP409 and actionable message: makeup_request_stale_status (0.3725ms)
✔ actual makeup producer pair maps HTTP409 and actionable message: makeup_request_source_changed (0.040084ms)
✔ actual makeup producer pair maps HTTP409 and actionable message: makeup_schedule_plan_stale (0.031792ms)
✔ actual makeup producer pair maps HTTP409 and actionable message: makeup_lesson_session_stale (0.029459ms)
✔ actual makeup producer pair maps HTTP409 and actionable message: makeup_room_collision (0.030791ms)
✔ actual makeup producer pair maps HTTP409 and actionable message: makeup_calendar_event_conflict (0.026334ms)
✔ unknown P0001 is not silently conclusive; real40001 remains a database retry (0.038209ms)
✔ concurrency runner requires explicit isolated local transport (0.587917ms)
✔ real approval POST maps final producer errors through actual replay and response (104.214041ms)
✔ changed occupancy preserves exact ordered full-scope conflict results, including siblings and shadows (27.886458ms)
ℹ tests 32
ℹ suites 0
ℹ pass 32
ℹ fail 0
ℹ cancelled 0
ℹ skipped 0
ℹ todo 0
ℹ duration_ms 601.586792
