✔ timetable mode performs one range RPC and never reads curriculum detail sources (16.963291ms)
✔ timetable density branches are all-or-nothing and distinguish row from collection pressure (0.937209ms)
✔ every timetable density result is bound to the requested visible range (0.117041ms)
✔ curriculum mode applies every filter at the server and returns a 30 plus one keyset page (26.102708ms)
✔ curriculum detail is selection-driven and exact while stale continuation is rejected (0.528833ms)
✔ curriculum cursor scope is actor-bound before any database continuation (6.0335ms)
✔ curriculum continuation reuses first-page stats and facets without requesting recomputation (7.087584ms)
✔ null-period first page canonicalizes the resolved default before continuation (13.6435ms)
✔ continuation loading and last-good display are synchronously bound to the active scope (0.158583ms)
✔ curriculum CTA prioritizes missing sessions while textbook counts remain independent (0.097666ms)
✔ current-scope rendering requires data and display fingerprints to both match (0.0715ms)
✔ authenticated user and resolved dashboard role isolate every academic execution state (0.131458ms)
✔ academic scoped migration is invoker-only, authenticated-only, bounded and explicit (4.104292ms)
✔ academic SQL filters candidates before aggregates and keeps continuation metadata optional (2.91525ms)
✔ academic SQL resolves defaults once and uses canonical classroom and work-state semantics (1.161083ms)
✔ academic SQL returns the earliest exact unplanned session and an explicit detail class projection (0.694916ms)
✔ timetable support collections project only explicit scalar fields (1.049542ms)
✔ serializes two edits, retains newer intent across reverse responses and uses latest item revision (4.069875ms)
✔ ambiguous failure retries immutable request while newer draft stays queued (0.776083ms)
✔ refresh preserves local draft and stale shows latest server (2.88175ms)
✔ reload recovers submitted identity; actor or plan switch never exposes previous draft (6.632916ms)
✔ receipt replay cannot lower a newer snapshot item or restore old coordinates (0.490458ms)
✔ poll compares composite fingerprint even without plan sequence change (2.955792ms)
✔ transient reference failure preserves prior display but blocks another save (0.393333ms)
✔ permission revocation clears scoped snapshot and same-tab recovery (0.250834ms)
✔ undo is a new revision-checked inverse command (0.280833ms)
✔ undo refuses to rebase across a collaborator edit of the same item (0.2255ms)
✔ item A stale does not stop independent item B save (0.727666ms)
✔ explicit reapply uses latest revision and a new request key while retaining the local draft (0.546334ms)
✔ accept-server drops only the conflicted item draft (0.402291ms)
✔ late read and save permission failures from a retired epoch leave newly loaded state alone (0.324916ms)
✔ transfer delta applies source state and class labels atomically (0.75825ms)
✔ ambiguous save visible in refresh still replays original receipt key and body (0.485958ms)
✔ replayed old receipt cannot auto-send newer queued intent over collaborator revision (0.539959ms)
✔ late successful read from retired epoch cannot reopen old scope data (0.154875ms)
✔ older successful receipt cannot resurrect an item deleted in newer authoritative snapshot (0.276875ms)
✔ own-save signal before receipt still drains queued second edit (0.42525ms)
✔ paused retired controller rejects old action references and terminal destroy cannot resume (0.331834ms)
✔ independent creates merge when later sequence receipt arrives first without a full refresh (0.51575ms)
✔ malformed applied transfer item cannot strip source slots or mark the view verified (0.188541ms)
✔ independent delete receipt still applies after a later unrelated create receipt (2.30975ms)
✔ complete but unknown applied source item is rejected before a transfer delta merge (0.297375ms)
✔ confirmed 23P01 rejection can be explicitly corrected with a new request identity (0.551625ms)
✔ confirmed 22023 rejection can be explicitly corrected with a new request identity (0.984125ms)
✔ uncertain response cannot be replaced or discarded and retries original immutable body/key (1.128792ms)
✔ corrected rejected head preserves queued newer edit and independent item draft (3.816166ms)
✔ discard confirmed rejected head advances queued latest edit while preserving independent pending item (0.351084ms)
✔ plan-copy receipt at equal sequence never replaces a newer operating reference or verifies it (0.213375ms)
✔ actual React StrictMode effect replay retains a live controller that loads and saves (50.510459ms)
✔ actor cleanup removes recovery for unmounted plans while keeping another actor (3.869708ms)
✔ actual plan switch keeps same-actor drafts through child unmount for provider logout cleanup (7.499125ms)
✔ teacher-weekly: move Monday alone across resource panel/column at identical time, preserve offset and all projections (0.950917ms)
✔ teacher-weekly: unplaced item drop creates one stable slot with target resource (0.075834ms)
✔ classroom-weekly: move Monday alone across resource panel/column at identical time, preserve offset and all projections (0.088834ms)
✔ classroom-weekly: unplaced item drop creates one stable slot with target resource (0.042125ms)
✔ daily-teacher: move Monday alone across resource panel/column at identical time, preserve offset and all projections (0.078917ms)
✔ daily-teacher: unplaced item drop creates one stable slot with target resource (0.043208ms)
✔ daily-classroom: move Monday alone across resource panel/column at identical time, preserve offset and all projections (0.066125ms)
✔ daily-classroom: unplaced item drop creates one stable slot with target resource (0.040666ms)
✔ shadow never produces move, resize or unplace commands (0.177167ms)
✔ exact typed minutes and midnight preserved, invalid overflow rejected (0.151ms)
✔ empty presets build panels from IDs, duplicate names do not merge; overlap lanes retain every slot (5.202791ms)
✔ pointer cancel, Escape and capture-loss cannot commit; source/target panel identity counts as a move (0.106333ms)
✔ teacher-weekly: rendered empty-cell and drag-handle actions expose canonical coordinates, shadows have no handles (62.485625ms)
✔ classroom-weekly: rendered empty-cell and drag-handle actions expose canonical coordinates, shadows have no handles (14.518167ms)
✔ daily-teacher: rendered empty-cell and drag-handle actions expose canonical coordinates, shadows have no handles (8.411084ms)
✔ daily-classroom: rendered empty-cell and drag-handle actions expose canonical coordinates, shadows have no handles (7.691625ms)
✔ hidden operating subjects still block changed placements, while name-only edits preserve existing conflicts (0.368625ms)
✔ empty resource catalogs produce no misleading day grids in any view (0.0415ms)
✔ rendered class-list selection uses item IDs, preserves hidden selections and excludes applied/shadows (22.133458ms)
✔ whole-item weekdays replace Mon/Wed with Tue/Thu in one command while preserving per-slot differences and pending draft (0.691041ms)
✔ whole teacher change is explicit and preserves differing slot times, lengths, rooms and IDs (0.109458ms)
✔ single-slot form edit and add-placement preserve the complete differing Wednesday sibling (0.384958ms)
✔ create: unknown receipt survives changed name (61.90275ms)
✔ create: unknown receipt survives changed name and dialog reopen (22.056834ms)
✔ clone: unknown receipt survives changed name (16.733ms)
✔ clone: unknown receipt survives changed name and dialog reopen (18.369292ms)
✔ late share success cannot populate another actor/dialog (16.619667ms)
✔ late share failure cannot populate another actor/dialog (11.140625ms)
✔ late create success cannot change another actor's selection/dialog (13.635584ms)
✔ late create failure cannot change another actor's selection/dialog (14.074042ms)
✔ late share response cannot fill a newer dialog in the same actor scope (10.923708ms)
✔ conclusive picker validation rejection permits corrected intent; unrelated code/message remains immutable (27.736125ms)
✔ share receipt preserves later viewer-to-editor change for a separate confirmed-revision command (17.139042ms)
✔ share receipt preserves later revocation for a separate confirmed-revision command (17.998417ms)
✔ uses canonical RPC arguments and forwards AbortSignal (0.917459ms)
✔ rejects malformed snapshot and never reports synthetic empty success (0.201542ms)
✔ calls real transfer RPC names and requires atomic label metadata (0.118959ms)
✔ transfer result without labels or complete snapshot fails closed (0.160166ms)
✔ minimal signals refresh selected plan or operating shadow; visible poll and focus recover missed events (0.745ms)
✔ plan metadata mutation uses canonical command envelope (0.092875ms)
✔ transfer delta lacking full source metadata and dated reference is invalid (0.080667ms)
✔ transfer full snapshot must agree with receipt fingerprint and source plan (0.087583ms)
✔ transfer delta must include the returned class labels in its complete reference (0.108167ms)
✔ transfer applied items require complete source-plan applied shape and transfer identity (0.254ms)
✔ selected item IDs and final copy/move effects are explicit (0.884375ms)
✔ unknown response retains byte-equivalent immutable command through new preview attempts and remount (4.329125ms)
✔ committed refresh failure retries only reads and never repeats promotion (0.137833ms)
✔ exact stale rejection permits explicit new selection preview and new key (0.14075ms)
✔ preview blockers prevent commit and exact rejection pairs exclude unrelated SQL failures (0.077458ms)
✔ late commit response from retired actor neither merges data nor invokes caches (0.085125ms)
✔ permission revocation immediately clears caller canonical data on preview and commit (0.108417ms)
✔ pending original JSON stays intact while labels show day time and resource names (15.096209ms)
✔ resolving one pending placement atomically adds a new slot and preserves siblings and remaining originals (1.028958ms)
✔ pending without a weekday retains original resources and duration until a day is chosen (0.438542ms)
✔ preview sends exact canonical request with selected item IDs (1.932042ms)
✔ malformed or mismatched preview is never commit-ready (0.221541ms)
✔ malformed or mismatched preview is never commit-ready (0.050291ms)
✔ malformed or mismatched preview is never commit-ready (0.056625ms)
ℹ tests 109
ℹ suites 0
ℹ pass 109
ℹ fail 0
ℹ cancelled 0
ℹ skipped 0
ℹ todo 0
ℹ duration_ms 868.307333
