✔ timetable panels expose per-panel high resolution image export (1.930666ms)
✔ timetable blocks expose structured hover details (1.013042ms)
✔ timetable panel headers show lesson count and weekly hours (0.740792ms)
✔ compact timetable blocks keep class names readable (1.105417ms)
✔ timetable reuses shared tabs and responsive filters without semester controls (0.345917ms)
✔ serializes two edits, retains newer intent across reverse responses and uses latest item revision (3.263291ms)
✔ ambiguous failure retries immutable request while newer draft stays queued (0.804ms)
✔ refresh preserves local draft and stale shows latest server (0.331041ms)
✔ reload recovers submitted identity; actor or plan switch never exposes previous draft (0.5695ms)
✔ receipt replay cannot lower a newer snapshot item or restore old coordinates (0.227791ms)
✔ poll compares composite fingerprint even without plan sequence change (0.176333ms)
✔ transient reference failure preserves prior display but blocks another save (0.174792ms)
✔ permission revocation clears scoped snapshot and same-tab recovery (0.1995ms)
✔ undo is a new revision-checked inverse command (0.27025ms)
✔ undo refuses to rebase across a collaborator edit of the same item (0.2705ms)
✔ item A stale does not stop independent item B save (1.053917ms)
✔ explicit reapply uses latest revision and a new request key while retaining the local draft (0.572042ms)
✔ accept-server drops only the conflicted item draft (0.333792ms)
✔ late read and save permission failures from a retired epoch leave newly loaded state alone (0.289875ms)
✔ transfer delta applies source state and class labels atomically (0.753708ms)
✔ ambiguous save visible in refresh still replays original receipt key and body (0.275ms)
✔ replayed old receipt cannot auto-send newer queued intent over collaborator revision (0.279917ms)
✔ late successful read from retired epoch cannot reopen old scope data (0.0825ms)
✔ older successful receipt cannot resurrect an item deleted in newer authoritative snapshot (0.124667ms)
✔ own-save signal before receipt still drains queued second edit (0.20575ms)
✔ paused retired controller rejects old action references and terminal destroy cannot resume (0.168833ms)
✔ independent creates merge when later sequence receipt arrives first without a full refresh (0.296583ms)
✔ malformed applied transfer item cannot strip source slots or mark the view verified (0.100584ms)
✔ independent delete receipt still applies after a later unrelated create receipt (0.226833ms)
✔ complete but unknown applied source item is rejected before a transfer delta merge (0.114541ms)
✔ confirmed 23P01 rejection can be explicitly corrected with a new request identity (0.60725ms)
✔ confirmed 22023 rejection can be explicitly corrected with a new request identity (0.19075ms)
✔ uncertain response cannot be replaced or discarded and retries original immutable body/key (0.578375ms)
✔ corrected rejected head preserves queued newer edit and independent item draft (0.382583ms)
✔ discard confirmed rejected head advances queued latest edit while preserving independent pending item (0.257875ms)
✔ plan-copy receipt at equal sequence never replaces a newer operating reference or verifies it (0.197ms)
✔ teacher-weekly: move Monday alone across resource panel/column at identical time, preserve offset and all projections (0.932583ms)
✔ teacher-weekly: unplaced item drop creates one stable slot with target resource (0.07075ms)
✔ classroom-weekly: move Monday alone across resource panel/column at identical time, preserve offset and all projections (0.086084ms)
✔ classroom-weekly: unplaced item drop creates one stable slot with target resource (0.040834ms)
✔ daily-teacher: move Monday alone across resource panel/column at identical time, preserve offset and all projections (0.076125ms)
✔ daily-teacher: unplaced item drop creates one stable slot with target resource (0.043542ms)
✔ daily-classroom: move Monday alone across resource panel/column at identical time, preserve offset and all projections (0.057125ms)
✔ daily-classroom: unplaced item drop creates one stable slot with target resource (0.042208ms)
✔ shadow never produces move, resize or unplace commands (0.181791ms)
✔ exact typed minutes and midnight preserved, invalid overflow rejected (0.149458ms)
✔ empty presets build panels from IDs, duplicate names do not merge; overlap lanes retain every slot (4.6495ms)
✔ pointer cancel, Escape and capture-loss cannot commit; source/target panel identity counts as a move (0.28975ms)
✔ teacher-weekly: rendered empty-cell and drag-handle actions expose canonical coordinates, shadows have no handles (64.944291ms)
✔ classroom-weekly: rendered empty-cell and drag-handle actions expose canonical coordinates, shadows have no handles (16.552792ms)
✔ daily-teacher: rendered empty-cell and drag-handle actions expose canonical coordinates, shadows have no handles (7.363541ms)
✔ daily-classroom: rendered empty-cell and drag-handle actions expose canonical coordinates, shadows have no handles (6.41025ms)
✔ hidden operating subjects still block changed placements, while name-only edits preserve existing conflicts (0.3425ms)
✔ empty resource catalogs produce no misleading day grids in any view (0.038458ms)
✔ rendered class-list selection uses item IDs, preserves hidden selections and excludes applied/shadows (20.816292ms)
✔ whole-item weekdays replace Mon/Wed with Tue/Thu in one command while preserving per-slot differences and pending draft (0.309042ms)
✔ whole teacher change is explicit and preserves differing slot times, lengths, rooms and IDs (0.0785ms)
✔ single-slot form edit and add-placement preserve the complete differing Wednesday sibling (0.335334ms)
✔ selected item IDs and final copy/move effects are explicit (0.90275ms)
✔ unknown response retains byte-equivalent immutable command through new preview attempts and remount (3.195791ms)
✔ committed refresh failure retries only reads and never repeats promotion (0.1435ms)
✔ exact stale rejection permits explicit new selection preview and new key (0.147375ms)
✔ preview blockers prevent commit and exact rejection pairs exclude unrelated SQL failures (0.081375ms)
✔ late commit response from retired actor neither merges data nor invokes caches (0.09525ms)
✔ permission revocation immediately clears caller canonical data on preview and commit (0.120583ms)
✔ pending original JSON stays intact while labels show day time and resource names (8.804ms)
✔ resolving one pending placement atomically adds a new slot and preserves siblings and remaining originals (0.624667ms)
✔ pending without a weekday retains original resources and duration until a day is chosen (0.211666ms)
✔ pending known weekday survives missing time independently (0.125791ms)
✔ science metadata correction saves the chosen catalog key and preserves placement IDs (0.130542ms)
ℹ tests 70
ℹ suites 0
ℹ pass 70
ℹ fail 0
ℹ cancelled 0
ℹ skipped 0
ℹ todo 0
ℹ duration_ms 686.003875
